Component: ARM Compiler 5.06 update 7 (build 960) Tool: armlink [4d3601]

==============================================================================

Section Cross References

    startup_stm32h750xx.o(RESET) refers to startup_stm32h750xx.o(STACK) for __initial_sp
    startup_stm32h750xx.o(RESET) refers to startup_stm32h750xx.o(.text) for Reset_Handler
    startup_stm32h750xx.o(RESET) refers to stm32h7xx_it.o(i.NMI_Handler) for NMI_Handler
    startup_stm32h750xx.o(RESET) refers to stm32h7xx_it.o(i.HardFault_Handler) for HardFault_Handler
    startup_stm32h750xx.o(RESET) refers to stm32h7xx_it.o(i.MemManage_Handler) for MemManage_Handler
    startup_stm32h750xx.o(RESET) refers to stm32h7xx_it.o(i.BusFault_Handler) for BusFault_Handler
    startup_stm32h750xx.o(RESET) refers to stm32h7xx_it.o(i.UsageFault_Handler) for UsageFault_Handler
    startup_stm32h750xx.o(RESET) refers to stm32h7xx_it.o(i.SVC_Handler) for SVC_Handler
    startup_stm32h750xx.o(RESET) refers to stm32h7xx_it.o(i.DebugMon_Handler) for DebugMon_Handler
    startup_stm32h750xx.o(RESET) refers to stm32h7xx_it.o(i.PendSV_Handler) for PendSV_Handler
    startup_stm32h750xx.o(RESET) refers to stm32h7xx_it.o(i.SysTick_Handler) for SysTick_Handler
    startup_stm32h750xx.o(RESET) refers to stm32h7xx_it.o(i.DMA1_Stream0_IRQHandler) for DMA1_Stream0_IRQHandler
    startup_stm32h750xx.o(RESET) refers to stm32h7xx_it.o(i.TIM8_TRG_COM_TIM14_IRQHandler) for TIM8_TRG_COM_TIM14_IRQHandler
    startup_stm32h750xx.o(RESET) refers to stm32h7xx_it.o(i.OTG_FS_IRQHandler) for OTG_FS_IRQHandler
    startup_stm32h750xx.o(RESET) refers to stm32h7xx_it.o(i.BDMA_Channel0_IRQHandler) for BDMA_Channel0_IRQHandler
    startup_stm32h750xx.o(.text) refers to system_stm32h7xx.o(i.SystemInit) for SystemInit
    startup_stm32h750xx.o(.text) refers to entry.o(.ARM.Collect$$$$00000000) for __main
    main.o(i.SystemClock_Config) refers to memseta.o(.text) for __aeabi_memclr4
    main.o(i.SystemClock_Config) refers to stm32h7xx_hal_pwr_ex.o(i.HAL_PWREx_ConfigSupply) for HAL_PWREx_ConfigSupply
    main.o(i.SystemClock_Config) refers to stm32h7xx_hal_rcc.o(i.HAL_RCC_OscConfig) for HAL_RCC_OscConfig
    main.o(i.SystemClock_Config) refers to stm32h7xx_hal_rcc.o(i.HAL_RCC_ClockConfig) for HAL_RCC_ClockConfig
    main.o(i.SystemClock_Config) refers to stm32h7xx_hal_rcc.o(i.HAL_RCC_EnableCSS) for HAL_RCC_EnableCSS
    main.o(i.main) refers to stm32h7xx_hal_cortex.o(i.HAL_MPU_Disable) for HAL_MPU_Disable
    main.o(i.main) refers to stm32h7xx_hal_cortex.o(i.HAL_MPU_ConfigRegion) for HAL_MPU_ConfigRegion
    main.o(i.main) refers to stm32h7xx_hal_cortex.o(i.HAL_MPU_Enable) for HAL_MPU_Enable
    main.o(i.main) refers to stm32h7xx_hal.o(i.HAL_Init) for HAL_Init
    main.o(i.main) refers to main.o(i.SystemClock_Config) for SystemClock_Config
    main.o(i.main) refers to gpio.o(i.MX_GPIO_Init) for MX_GPIO_Init
    main.o(i.main) refers to bdma.o(i.MX_BDMA_Init) for MX_BDMA_Init
    main.o(i.main) refers to dma.o(i.MX_DMA_Init) for MX_DMA_Init
    main.o(i.main) refers to usb_device.o(i.MX_USB_DEVICE_Init) for MX_USB_DEVICE_Init
    main.o(i.main) refers to adc.o(i.MX_ADC3_Init) for MX_ADC3_Init
    main.o(i.main) refers to tim.o(i.MX_TIM14_Init) for MX_TIM14_Init
    main.o(i.main) refers to tim.o(i.MX_TIM6_Init) for MX_TIM6_Init
    main.o(i.main) refers to dac.o(i.MX_DAC1_Init) for MX_DAC1_Init
    main.o(i.main) refers to tim.o(i.MX_TIM7_Init) for MX_TIM7_Init
    main.o(i.main) refers to myusb.o(i.JustFloatVofa_init) for JustFloatVofa_init
    main.o(i.main) refers to mydac.o(i.mydac_set_data) for mydac_set_data
    main.o(i.main) refers to mydac.o(i.mydac_start_out) for mydac_start_out
    main.o(i.main) refers to myadc.o(i.ADC_DMA_Start) for ADC_DMA_Start
    main.o(i.main) refers to myadc.o(i.usb_send_adc3_data) for usb_send_adc3_data
    main.o(i.main) refers to myusb.o(.bss) for adc_frame
    adc.o(i.HAL_ADC_MspDeInit) refers to stm32h7xx_hal_gpio.o(i.HAL_GPIO_DeInit) for HAL_GPIO_DeInit
    adc.o(i.HAL_ADC_MspDeInit) refers to stm32h7xx_hal_dma.o(i.HAL_DMA_DeInit) for HAL_DMA_DeInit
    adc.o(i.HAL_ADC_MspInit) refers to memseta.o(.text) for __aeabi_memclr4
    adc.o(i.HAL_ADC_MspInit) refers to stm32h7xx_hal_rcc_ex.o(i.HAL_RCCEx_PeriphCLKConfig) for HAL_RCCEx_PeriphCLKConfig
    adc.o(i.HAL_ADC_MspInit) refers to main.o(i.Error_Handler) for Error_Handler
    adc.o(i.HAL_ADC_MspInit) refers to stm32h7xx_hal_gpio.o(i.HAL_GPIO_Init) for HAL_GPIO_Init
    adc.o(i.HAL_ADC_MspInit) refers to stm32h7xx_hal_dma.o(i.HAL_DMA_Init) for HAL_DMA_Init
    adc.o(i.HAL_ADC_MspInit) refers to adc.o(.bss) for .bss
    adc.o(i.MX_ADC3_Init) refers to memseta.o(.text) for __aeabi_memclr4
    adc.o(i.MX_ADC3_Init) refers to stm32h7xx_hal_adc.o(i.HAL_ADC_Init) for HAL_ADC_Init
    adc.o(i.MX_ADC3_Init) refers to main.o(i.Error_Handler) for Error_Handler
    adc.o(i.MX_ADC3_Init) refers to stm32h7xx_hal_adc.o(i.HAL_ADC_ConfigChannel) for HAL_ADC_ConfigChannel
[...]
    .constdata                               0x08007d5c   Section       16  system_stm32h7xx.o(.constdata)
    .constdata                               0x08007d6c   Section       32  rredf.o(.constdata)
    twooverpi                                0x08007d6c   Data          32  rredf.o(.constdata)
    .data                                    0x24000000   Section       32  usbd_desc.o(.data)
    .data                                    0x24000020   Section       50  usbd_desc.o(.data)
    .data                                    0x24000054   Section       20  usbd_cdc_if.o(.data)
    .data                                    0x24000068   Section       12  stm32h7xx_hal.o(.data)
    .data                                    0x24000074   Section        8  system_stm32h7xx.o(.data)
    .data                                    0x2400007c   Section        1  usbd_ctlreq.o(.data)
    cfgidx                                   0x2400007c   Data           1  usbd_ctlreq.o(.data)
    .data                                    0x24000080   Section       83  usbd_cdc.o(.data)
    CDCInEpAdd                               0x24000080   Data           1  usbd_cdc.o(.data)
    CDCOutEpAdd                              0x24000081   Data           1  usbd_cdc.o(.data)
    CDCCmdEpAdd                              0x24000082   Data           1  usbd_cdc.o(.data)
    USBD_CDC_DeviceQualifierDesc             0x24000084   Data          10  usbd_cdc.o(.data)
    USBD_CDC_CfgDesc                         0x24000090   Data          67  usbd_cdc.o(.data)
    .data                                    0x240000d4   Section       56  usbd_cdc.o(.data)
    .data                                    0x2400010c   Section        2  myadc.o(.data)
    .data                                    0x24000110   Section        4  errno.o(.data)
    _errno                                   0x24000110   Data           4  errno.o(.data)
    .bss                                     0x24000114   Section      220  adc.o(.bss)
    .bss                                     0x240001f0   Section      140  dac.o(.bss)
    .bss                                     0x2400027c   Section      228  tim.o(.bss)
    .bss                                     0x24000360   Section      732  usb_device.o(.bss)
    .bss                                     0x2400063c   Section      512  usbd_desc.o(.bss)
    .bss                                     0x2400083c   Section     4096  usbd_cdc_if.o(.bss)
    .bss                                     0x2400183c   Section     1796  usbd_conf.o(.bss)
    mem                                      0x2400183c   Data         544  usbd_conf.o(.bss)
    .bss                                     0x24001f40   Section    12008  myusb.o(.bss)
    .bss                                     0x24004e28   Section    100000  myusb.o(.bss)
    .bss                                     0x2401d4c8   Section    16384  myadc.o(.bss)
    STACK                                    0x240214c8   Section     1024  startup_stm32h750xx.o(STACK)
    .ARM.__AT_0x30000000                     0x30000000   Section     8000  mydac.o(.ARM.__AT_0x30000000)
    .ARM.__AT_0x38000000                     0x38000000   Section     8192  myadc.o(.ARM.__AT_0x38000000)

    Global Symbols

    Symbol Name                              Value     Ov Type        Size  Object(Section)

    BuildAttributes$$THM_ISAv4$E$P$D$K$B$S$7EM$VFPv5_D16$PE$PLD8$A:L22UL41UL21$X:L11$S22US41US21$IEEE1$IW$USESV6$~STKCKD$USESV7$~SHL$OTIME$ROPI$IEEEX$EBA8$MICROLIB$REQ8$PRES8$EABIv2 0x00000000   Number         0  anon$$obj.o ABSOLUTE
    __ARM_use_no_argv                        0x00000000   Number         0  main.o ABSOLUTE
    __arm_fini_                               - Undefined Weak Reference
    __cpp_initialize__aeabi_                  - Undefined Weak Reference
    __cxa_finalize                            - Undefined Weak Reference
    __decompress                              - Undefined Weak Reference
    _clock_init                               - Undefined Weak Reference
    _microlib_exit                            - Undefined Weak Reference
    __Vectors_Size                           0x00000298   Number         0  startup_stm32h750xx.o ABSOLUTE
    __Vectors                                0x08000000   Data           4  startup_stm32h750xx.o(RESET)
    __Vectors_End                            0x08000298   Data           0  startup_stm32h750xx.o(RESET)
    __main                                   0x08000299   Thumb Code     0  entry.o(.ARM.Collect$$$$00000000)
    _main_stk                                0x08000299   Thumb Code     0  entry2.o(.ARM.Collect$$$$00000001)
    _main_scatterload                        0x0800029d   Thumb Code     0  entry5.o(.ARM.Collect$$$$00000004)
    __main_after_scatterload                 0x080002a1   Thumb Code     0  entry5.o(.ARM.Collect$$$$00000004)
    _main_clock                              0x080002a1   Thumb Code     0  entry7b.o(.ARM.Collect$$$$00000008)
    _main_cpp_init                           0x080002a1   Thumb Code     0  entry8b.o(.ARM.Collect$$$$0000000A)
    _main_init                               0x080002a1   Thumb Code     0  entry9a.o(.ARM.Collect$$$$0000000B)
    __rt_lib_shutdown_fini                   0x080002a9   Thumb Code     0  entry12b.o(.ARM.Collect$$$$0000000E)
    __rt_final_cpp                           0x080002ad   Thumb Code     0  entry10a.o(.ARM.Collect$$$$0000000F)
    __rt_final_exit                          0x080002ad   Thumb Code     0  entry11a.o(.ARM.Collect$$$$00000011)
    Reset_Handler                            0x080002b1   Thumb Code     8  startup_stm32h750xx.o(.text)
    ADC3_IRQHandler                          0x080002cb   Thumb Code     0  startup_stm32h750xx.o(.text)
    ADC_IRQHandler                           0x080002cb   Thumb Code     0  startup_stm32h750xx.o(.text)
    BDMA_Channel1_IRQHandler                 0x080002cb   Thumb Code     0  startup_stm32h750xx.o(.text)
    BDMA_Channel2_IRQHandler                 0x080002cb   Thumb Code     0  startup_stm32h750xx.o(.text)
    BDMA_Channel3_IRQHandler                 0x080002cb   Thumb Code     0  startup_stm32h750xx.o(.text)
    BDMA_Channel4_IRQHandler                 0x080002cb   Thumb Code     0  startup_stm32h750xx.o(.text)
    BDMA_Channel5_IRQHandler                 0x080002cb   Thumb Code     0  startup_stm32h750xx.o(.text)
    BDMA_Channel6_IRQHandler                 0x080002cb   Thumb Code     0  startup_stm32h750xx.o(.text)
    BDMA_Channel7_IRQHandler                 0x080002cb   Thumb Code     0  startup_stm32h750xx.o(.text)
    CEC_IRQHandler                           0x080002cb   Thumb Code     0  startup_stm32h750xx.o(.text)
    COMP1_IRQHandler                         0x080002cb   Thumb Code     0  startup_stm32h750xx.o(.text)
    CRS_IRQHandler                           0x080002cb   Thumb Code     0  startup_stm32h750xx.o(.text)
    CRYP_IRQHandler                          0x080002cb   Thumb Code     0  startup_stm32h750xx.o(.text)
    DCMI_IRQHandler                          0x080002cb   Thumb Code     0  startup_stm32h750xx.o(.text)
    DFSDM1_FLT0_IRQHandler                   0x080002cb   Thumb Code     0  startup_stm32h750xx.o(.text)
    DFSDM1_FLT1_IRQHandler                   0x080002cb   Thumb Code     0  startup_stm32h750xx.o(.text)
    DFSDM1_FLT2_IRQHandler                   0x080002cb   Thumb Code     0  startup_stm32h750xx.o(.text)
    DFSDM1_FLT3_IRQHandler                   0x080002cb   Thumb Code     0  startup_stm32h750xx.o(.text)
    DMA1_Stream1_IRQHandler                  0x080002cb   Thumb Code     0  startup_stm32h750xx.o(.text)
    DMA1_Stream2_IRQHandler                  0x080002cb   Thumb Code     0  startup_stm32h750xx.o(.text)
    DMA1_Stream3_IRQHandler                  0x080002cb   Thumb Code     0  startup_stm32h750xx.o(.text)
    DMA1_Stream4_IRQHandler                  0x080002cb   Thumb Code     0  startup_stm32h750xx.o(.text)
    DMA1_Stream5_IRQHandler                  0x080002cb   Thumb Code     0  startup_stm32h750xx.o(.text)
    DMA1_Stream6_IRQHandler                  0x080002cb   Thumb Code     0  startup_stm32h750xx.o(.text)
    DMA1_Stream7_IRQHandler                  0x080002cb   Thumb Code     0  startup_stm32h750xx.o(.text)
    DMA2D_IRQHandler                         0x080002cb   Thumb Code     0  startup_stm32h750xx.o(.text)
    DMA2_Stream0_IRQHandler                  0x080002cb   Thumb Code     0  startup_stm32h750xx.o(.text)
    DMA2_Stream1_IRQHandler                  0x080002cb   Thumb Code     0  startup_stm32h750xx.o(.text)
    DMA2_Stream2_IRQHandler                  0x080002cb   Thumb Code     0  startup_stm32h750xx.o(.text)
    DMA2_Stream3_IRQHandler                  0x080002cb   Thumb Code     0  startup_stm32h750xx.o(.text)
    DMA2_Stream4_IRQHandler                  0x080002cb   Thumb Code     0  startup_stm32h750xx.o(.text)
    DMA2_Stream5_IRQHandler                  0x080002cb   Thumb Code     0  startup_stm32h750xx.o(.text)
    DMA2_Stream6_IRQHandler                  0x080002cb   Thumb Code     0  startup_stm32h750xx.o(.text)
    DMA2_Stream7_IRQHandler                  0x080002cb   Thumb Code     0  startup_stm32h750xx.o(.text)
    DMAMUX1_OVR_IRQHandler                   0x080002cb   Thumb Code     0  startup_stm32h750xx.o(.text)
    DMAMUX2_OVR_IRQHandler                   0x080002cb   Thumb Code     0  startup_stm32h750xx.o(.text)
    ECC_IRQHandler                           0x080002cb   Thumb Code     0  startup_stm32h750xx.o(.text)
    ETH_IRQHandler                           0x080002cb   Thumb Code     0  startup_stm32h750xx.o(.text)
    ETH_WKUP_IRQHandler                      0x080002cb   Thumb Code     0  startup_stm32h750xx.o(.text)
    EXTI0_IRQHandler                         0x080002cb   Thumb Code     0  startup_stm32h750xx.o(.text)
    EXTI15_10_IRQHandler                     0x080002cb   Thumb Code     0  startup_stm32h750xx.o(.text)
    EXTI1_IRQHandler                         0x080002cb   Thumb Code     0  startup_stm32h750xx.o(.text)
    EXTI2_IRQHandler                         0x080002cb   Thumb Code     0  startup_stm32h750xx.o(.text)
    EXTI3_IRQHandler                         0x080002cb   Thumb Code     0  startup_stm32h750xx.o(.text)
    EXTI4_IRQHandler                         0x080002cb   Thumb Code     0  startup_stm32h750xx.o(.text)
    EXTI9_5_IRQHandler                       0x080002cb   Thumb Code     0  startup_stm32h750xx.o(.text)
    FDCAN1_IT0_IRQHandler                    0x080002cb   Thumb Code     0  startup_stm32h750xx.o(.text)
    FDCAN1_IT1_IRQHandler                    0x080002cb   Thumb Code     0  startup_stm32h750xx.o(.text)
    FDCAN2_IT0_IRQHandler                    0x080002cb   Thumb Code     0  startup_stm32h750xx.o(.text)
    FDCAN2_IT1_IRQHandler                    0x080002cb   Thumb Code     0  startup_stm32h750xx.o(.text)
    FDCAN_CAL_IRQHandler                     0x080002cb   Thumb Code     0  startup_stm32h750xx.o(.text)
    FLASH_IRQHandler                         0x080002cb   Thumb Code     0  startup_stm32h750xx.o(.text)
    FMC_IRQHandler                           0x080002cb   Thumb Code     0  startup_stm32h750xx.o(.text)
    FPU_IRQHandler                           0x080002cb   Thumb Code     0  startup_stm32h750xx.o(.text)
    HASH_RNG_IRQHandler                      0x080002cb   Thumb Code     0  startup_stm32h750xx.o(.text)
    HRTIM1_FLT_IRQHandler                    0x080002cb   Thumb Code     0  startup_stm32h750xx.o(.text)
    HRTIM1_Master_IRQHandler                 0x080002cb   Thumb Code     0  startup_stm32h750xx.o(.text)
    HRTIM1_TIMA_IRQHandler                   0x080002cb   Thumb Code     0  startup_stm32h750xx.o(.text)
    HRTIM1_TIMB_IRQHandler                   0x080002cb   Thumb Code     0  startup_stm32h750xx.o(.text)
    HRTIM1_TIMC_IRQHandler                   0x080002cb   Thumb Code     0  startup_stm32h750xx.o(.text)
    HRTIM1_TIMD_IRQHandler                   0x080002cb   Thumb Code     0  startup_stm32h750xx.o(.text)
    HRTIM1_TIME_IRQHandler                   0x080002cb   Thumb Code     0  startup_stm32h750xx.o(.text)
    HSEM1_IRQHandler                         0x080002cb   Thumb Code     0  startup_stm32h750xx.o(.text)
    I2C1_ER_IRQHandler                       0x080002cb   Thumb Code     0  startup_stm32h750xx.o(.text)
    I2C1_EV_IRQHandler                       0x080002cb   Thumb Code     0  startup_stm32h750xx.o(.text)
    I2C2_ER_IRQHandler                       0x080002cb   Thumb Code     0  startup_stm32h750xx.o(.text)
    I2C2_EV_IRQHandler                       0x080002cb   Thumb Code     0  startup_stm32h750xx.o(.text)
    I2C3_ER_IRQHandler                       0x080002cb   Thumb Code     0  startup_stm32h750xx.o(.text)
    I2C3_EV_IRQHandler                       0x080002cb   Thumb Code     0  startup_stm32h750xx.o(.text)
    I2C4_ER_IRQHandler                       0x080002cb   Thumb Code     0  startup_stm32h750xx.o(.text)
    I2C4_EV_IRQHandler                       0x080002cb   Thumb Code     0  startup_stm32h750xx.o(.text)
    JPEG_IRQHandler                          0x080002cb   Thumb Code     0  startup_stm32h750xx.o(.text)
    LPTIM1_IRQHandler                        0x080002cb   Thumb Code     0  startup_stm32h750xx.o(.text)
    LPTIM2_IRQHandler                        0x080002cb   Thumb Code     0  startup_stm32h750xx.o(.text)
    LPTIM3_IRQHandler                        0x080002cb   Thumb Code     0  startup_stm32h750xx.o(.text)
    LPTIM4_IRQHandler                        0x080002cb   Thumb Code     0  startup_stm32h750xx.o(.text)
    LPTIM5_IRQHandler                        0x080002cb   Thumb Code     0  startup_stm32h750xx.o(.text)
    LPUART1_IRQHandler                       0x080002cb   Thumb Code     0  startup_stm32h750xx.o(.text)
    LTDC_ER_IRQHandler                       0x080002cb   Thumb Code     0  startup_stm32h750xx.o(.text)
    LTDC_IRQHandler                          0x080002cb   Thumb Code     0  startup_stm32h750xx.o(.text)
    MDIOS_IRQHandler                         0x080002cb   Thumb Code     0  startup_stm32h750xx.o(.text)
    MDIOS_WKUP_IRQHandler                    0x080002cb   Thumb Code     0  startup_stm32h750xx.o(.text)
    MDMA_IRQHandler                          0x080002cb   Thumb Code     0  startup_stm32h750xx.o(.text)
    OTG_FS_EP1_IN_IRQHandler                 0x080002cb   Thumb Code     0  startup_stm32h750xx.o(.text)
    OTG_FS_EP1_OUT_IRQHandler                0x080002cb   Thumb Code     0  startup_stm32h750xx.o(.text)
    OTG_FS_WKUP_IRQHandler                   0x080002cb   Thumb Code     0  startup_stm32h750xx.o(.text)
    OTG_HS_EP1_IN_IRQHandler                 0x080002cb   Thumb Code     0  startup_stm32h750xx.o(.text)
    OTG_HS_EP1_OUT_IRQHandler                0x080002cb   Thumb Code     0  startup_stm32h750xx.o(.text)
    OTG_HS_IRQHandler                        0x080002cb   Thumb Code     0  startup_stm32h750xx.o(.text)
    OTG_HS_WKUP_IRQHandler                   0x080002cb   Thumb Code     0  startup_stm32h750xx.o(.text)
    PVD_AVD_IRQHandler                       0x080002cb   Thumb Code     0  startup_stm32h750xx.o(.text)
    QUADSPI_IRQHandler                       0x080002cb   Thumb Code     0  startup_stm32h750xx.o(.text)
    RCC_IRQHandler                           0x080002cb   Thumb Code     0  startup_stm32h750xx.o(.text)
    RTC_Alarm_IRQHandler                     0x080002cb   Thumb Code     0  startup_stm32h750xx.o(.text)
    RTC_WKUP_IRQHandler                      0x080002cb   Thumb Code     0  startup_stm32h750xx.o(.text)
    SAI1_IRQHandler                          0x080002cb   Thumb Code     0  startup_stm32h750xx.o(.text)
    SAI2_IRQHandler                          0x080002cb   Thumb Code     0  startup_stm32h750xx.o(.text)
    SAI3_IRQHandler                          0x080002cb   Thumb Code     0  startup_stm32h750xx.o(.text)
    SAI4_IRQHandler                          0x080002cb   Thumb Code     0  startup_stm32h750xx.o(.text)
    SDMMC1_IRQHandler                        0x080002cb   Thumb Code     0  startup_stm32h750xx.o(.text)
    SDMMC2_IRQHandler                        0x080002cb   Thumb Code     0  startup_stm32h750xx.o(.text)
    SPDIF_RX_IRQHandler                      0x080002cb   Thumb Code     0  startup_stm32h750xx.o(.text)
    SPI1_IRQHandler                          0x080002cb   Thumb Code     0  startup_stm32h750xx.o(.text)
    SPI2_IRQHandler                          0x080002cb   Thumb Code     0  startup_stm32h750xx.o(.text)
    SPI3_IRQHandler                          0x080002cb   Thumb Code     0  startup_stm32h750xx.o(.text)
    SPI4_IRQHandler                          0x080002cb   Thumb Code     0  startup_stm32h750xx.o(.text)
    SPI5_IRQHandler                          0x080002cb   Thumb Code     0  startup_stm32h750xx.o(.text)
    SPI6_IRQHandler                          0x080002cb   Thumb Code     0  startup_stm32h750xx.o(.text)
    SWPMI1_IRQHandler                        0x080002cb   Thumb Code     0  startup_stm32h750xx.o(.text)
    TAMP_STAMP_IRQHandler                    0x080002cb   Thumb Code     0  startup_stm32h750xx.o(.text)
    TIM15_IRQHandler                         0x080002cb   Thumb Code     0  startup_stm32h750xx.o(.text)
    TIM16_IRQHandler                         0x080002cb   Thumb Code     0  startup_stm32h750xx.o(.text)
    TIM17_IRQHandler                         0x080002cb   Thumb Code     0  startup_stm32h750xx.o(.text)
    TIM1_BRK_IRQHandler                      0x080002cb   Thumb Code     0  startup_stm32h750xx.o(.text)
    TIM1_CC_IRQHandler                       0x080002cb   Thumb Code     0  startup_stm32h750xx.o(.text)
    TIM1_TRG_COM_IRQHandler                  0x080002cb   Thumb Code     0  startup_stm32h750xx.o(.text)
    TIM1_UP_IRQHandler                       0x080002cb   Thumb Code     0  startup_stm32h750xx.o(.text)
    TIM2_IRQHandler                          0x080002cb   Thumb Code     0  startup_stm32h750xx.o(.text)
    TIM3_IRQHandler                          0x080002cb   Thumb Code     0  startup_stm32h750xx.o(.text)
    TIM4_IRQHandler                          0x080002cb   Thumb Code     0  startup_stm32h750xx.o(.text)
    TIM5_IRQHandler                          0x080002cb   Thumb Code     0  startup_stm32h750xx.o(.text)
    TIM6_DAC_IRQHandler                      0x080002cb   Thumb Code     0  startup_stm32h750xx.o(.text)
    TIM7_IRQHandler                          0x080002cb   Thumb Code     0  startup_stm32h750xx.o(.text)
    TIM8_BRK_TIM12_IRQHandler                0x080002cb   Thumb Code     0  startup_stm32h750xx.o(.text)
    TIM8_CC_IRQHandler                       0x080002cb   Thumb Code     0  startup_stm32h750xx.o(.text)
    TIM8_UP_TIM13_IRQHandler                 0x080002cb   Thumb Code     0  startup_stm32h750xx.o(.text)
    UART4_IRQHandler                         0x080002cb   Thumb Code     0  startup_stm32h750xx.o(.text)
    UART5_IRQHandler                         0x080002cb   Thumb Code     0  startup_stm32h750xx.o(.text)
    UART7_IRQHandler                         0x080002cb   Thumb Code     0  startup_stm32h750xx.o(.text)
    UART8_IRQHandler                         0x080002cb   Thumb Code     0  startup_stm32h750xx.o(.text)
    USART1_IRQHandler                        0x080002cb   Thumb Code     0  startup_stm32h750xx.o(.text)
    USART2_IRQHandler                        0x080002cb   Thumb Code     0  startup_stm32h750xx.o(.text)
    USART3_IRQHandler                        0x080002cb   Thumb Code     0  startup_stm32h750xx.o(.text)
    USART6_IRQHandler                        0x080002cb   Thumb Code     0  startup_stm32h750xx.o(.text)
    WAKEUP_PIN_IRQHandler                    0x080002cb   Thumb Code     0  startup_stm32h750xx.o(.text)
    WWDG_IRQHandler                          0x080002cb   Thumb Code     0  startup_stm32h750xx.o(.text)
    __aeabi_memset                           0x080002d5   Thumb Code    14  memseta.o(.text)
    __aeabi_memset4                          0x080002d5   Thumb Code     0  memseta.o(.text)
    __aeabi_memset8                          0x080002d5   Thumb Code     0  memseta.o(.text)
    __aeabi_memclr                           0x080002e3   Thumb Code     4  memseta.o(.text)
    __aeabi_memclr4                          0x080002e3   Thumb Code     0  memseta.o(.text)
    __aeabi_memclr8                          0x080002e3   Thumb Code     0  memseta.o(.text)
    _memset$wrapper                          0x080002e7   Thumb Code    18  memseta.o(.text)
    __I$use$fp                               0x080002f9   Thumb Code     0  iusefp.o(.text)
    __scatterload                            0x080002f9   Thumb Code    28  init.o(.text)
    __scatterload_rt2                        0x080002f9   Thumb Code     0  init.o(.text)
    ADC_ConfigureBoostMode                   0x0800031d   Thumb Code   236  stm32h7xx_hal_adc.o(i.ADC_ConfigureBoostMode)
    ADC_DMAConvCplt                          0x08000425   Thumb Code   104  stm32h7xx_hal_adc.o(i.ADC_DMAConvCplt)
    ADC_DMAError                             0x0800048d   Thumb Code    26  stm32h7xx_hal_adc.o(i.ADC_DMAError)
    ADC_DMAHalfConvCplt                      0x080004a7   Thumb Code    10  stm32h7xx_hal_adc.o(i.ADC_DMAHalfConvCplt)
    ADC_DMA_Start                            0x080004b1   Thumb Code    42  myadc.o(i.ADC_DMA_Start)
    ADC_Disable                              0x080004e9   Thumb Code   106  stm32h7xx_hal_adc.o(i.ADC_Disable)
    ADC_Enable                               0x08000559   Thumb Code   148  stm32h7xx_hal_adc.o(i.ADC_Enable)
    BDMA_Channel0_IRQHandler                 0x08000601   Thumb Code     6  stm32h7xx_it.o(i.BDMA_Channel0_IRQHandler)
    BusFault_Handler                         0x0800060d   Thumb Code     2  stm32h7xx_it.o(i.BusFault_Handler)
    CDC_Transmit_FS                          0x08000659   Thumb Code    38  usbd_cdc_if.o(i.CDC_Transmit_FS)
    DAC_DMAConvCpltCh1                       0x08000685   Thumb Code    16  stm32h7xx_hal_dac.o(i.DAC_DMAConvCpltCh1)
    DAC_DMAConvCpltCh2                       0x08000695   Thumb Code    16  stm32h7xx_hal_dac_ex.o(i.DAC_DMAConvCpltCh2)
    DAC_DMAErrorCh1                          0x080006a5   Thumb Code    24  stm32h7xx_hal_dac.o(i.DAC_DMAErrorCh1)
    DAC_DMAErrorCh2                          0x080006bd   Thumb Code    24  stm32h7xx_hal_dac_ex.o(i.DAC_DMAErrorCh2)
    DAC_DMAHalfConvCpltCh1                   0x080006d5   Thumb Code    10  stm32h7xx_hal_dac.o(i.DAC_DMAHalfConvCpltCh1)
    DAC_DMAHalfConvCpltCh2                   0x080006df   Thumb Code    10  stm32h7xx_hal_dac_ex.o(i.DAC_DMAHalfConvCpltCh2)
    DMA1_Stream0_IRQHandler                  0x080006e9   Thumb Code     6  stm32h7xx_it.o(i.DMA1_Stream0_IRQHandler)
    DebugMon_Handler                         0x08000b2d   Thumb Code     2  stm32h7xx_it.o(i.DebugMon_Handler)
    Error_Handler                            0x08000b2f   Thumb Code     4  main.o(i.Error_Handler)
    HAL_ADCEx_Calibration_Start              0x08000b35   Thumb Code   146  stm32h7xx_hal_adc_ex.o(i.HAL_ADCEx_Calibration_Start)
    HAL_ADC_ConfigChannel                    0x08000bd1   Thumb Code   926  stm32h7xx_hal_adc.o(i.HAL_ADC_ConfigChannel)
    HAL_ADC_ConvCpltCallback                 0x08000fa9   Thumb Code    22  myadc.o(i.HAL_ADC_ConvCpltCallback)
    HAL_ADC_ConvHalfCpltCallback             0x08000fc9   Thumb Code    22  myadc.o(i.HAL_ADC_ConvHalfCpltCallback)
    HAL_ADC_ErrorCallback                    0x08000fe9   Thumb Code     2  myadc.o(i.HAL_ADC_ErrorCallback)
    HAL_ADC_Init                             0x08000fed   Thumb Code   498  stm32h7xx_hal_adc.o(i.HAL_ADC_Init)
    HAL_ADC_MspInit                          0x08001215   Thumb Code   188  adc.o(i.HAL_ADC_MspInit)
    HAL_ADC_Start_DMA                        0x080012e5   Thumb Code   230  stm32h7xx_hal_adc.o(i.HAL_ADC_Start_DMA)
    HAL_DACEx_ConvCpltCallbackCh2            0x080013ed   Thumb Code     2  stm32h7xx_hal_dac_ex.o(i.HAL_DACEx_ConvCpltCallbackCh2)
    HAL_DACEx_ConvHalfCpltCallbackCh2        0x080013ef   Thumb Code     2  stm32h7xx_hal_dac_ex.o(i.HAL_DACEx_ConvHalfCpltCallbackCh2)
    HAL_DACEx_ErrorCallbackCh2               0x080013f1   Thumb Code     2  stm32h7xx_hal_dac_ex.o(i.HAL_DACEx_ErrorCallbackCh2)
    HAL_DAC_ConfigChannel                    0x080013f5   Thumb Code   328  stm32h7xx_hal_dac.o(i.HAL_DAC_ConfigChannel)
    HAL_DAC_ConvCpltCallbackCh1              0x08001541   Thumb Code     2  stm32h7xx_hal_dac.o(i.HAL_DAC_ConvCpltCallbackCh1)
    HAL_DAC_ConvHalfCpltCallbackCh1          0x08001543   Thumb Code     2  stm32h7xx_hal_dac.o(i.HAL_DAC_ConvHalfCpltCallbackCh1)
    HAL_DAC_ErrorCallbackCh1                 0x08001545   Thumb Code     2  stm32h7xx_hal_dac.o(i.HAL_DAC_ErrorCallbackCh1)
    HAL_DAC_Init                             0x08001547   Thumb Code    40  stm32h7xx_hal_dac.o(i.HAL_DAC_Init)
    HAL_DAC_MspInit                          0x08001571   Thumb Code   150  dac.o(i.HAL_DAC_MspInit)
    HAL_DAC_Start_DMA                        0x0800161d   Thumb Code   200  stm32h7xx_hal_dac.o(i.HAL_DAC_Start_DMA)
    HAL_DMA_IRQHandler                       0x080016fd   Thumb Code  1756  stm32h7xx_hal_dma.o(i.HAL_DMA_IRQHandler)
    HAL_DMA_Init                             0x08001de5   Thumb Code   926  stm32h7xx_hal_dma.o(i.HAL_DMA_Init)
    HAL_DMA_Start_IT                         0x080021a9   Thumb Code   628  stm32h7xx_hal_dma.o(i.HAL_DMA_Start_IT)
    HAL_Delay                                0x08002445   Thumb Code    32  stm32h7xx_hal.o(i.HAL_Delay)
    HAL_GPIO_Init                            0x08002469   Thumb Code   506  stm32h7xx_hal_gpio.o(i.HAL_GPIO_Init)
    HAL_GetREVID                             0x08002695   Thumb Code     8  stm32h7xx_hal.o(i.HAL_GetREVID)
    HAL_GetTick                              0x080026a1   Thumb Code     6  stm32h7xx_hal.o(i.HAL_GetTick)
    HAL_IncTick                              0x080026ad   Thumb Code    12  stm32h7xx_hal.o(i.HAL_IncTick)
    HAL_Init                                 0x080026bd   Thumb Code    74  stm32h7xx_hal.o(i.HAL_Init)
    HAL_InitTick                             0x08002719   Thumb Code    56  stm32h7xx_hal.o(i.HAL_InitTick)
    HAL_MPU_ConfigRegion                     0x08002759   Thumb Code    86  stm32h7xx_hal_cortex.o(i.HAL_MPU_ConfigRegion)
    HAL_MPU_Disable                          0x080027b5   Thumb Code    24  stm32h7xx_hal_cortex.o(i.HAL_MPU_Disable)
    HAL_MPU_Enable                           0x080027d1   Thumb Code    30  stm32h7xx_hal_cortex.o(i.HAL_MPU_Enable)
    HAL_MspInit                              0x080027f5   Thumb Code    22  stm32h7xx_hal_msp.o(i.HAL_MspInit)
    HAL_NVIC_EnableIRQ                       0x08002811   Thumb Code    26  stm32h7xx_hal_cortex.o(i.HAL_NVIC_EnableIRQ)
    HAL_NVIC_SetPriority                     0x0800282d   Thumb Code    60  stm32h7xx_hal_cortex.o(i.HAL_NVIC_SetPriority)
    HAL_NVIC_SetPriorityGrouping             0x0800286d   Thumb Code    28  stm32h7xx_hal_cortex.o(i.HAL_NVIC_SetPriorityGrouping)
    HAL_PCDEx_ActivateLPM                    0x08002891   Thumb Code    34  stm32h7xx_hal_pcd_ex.o(i.HAL_PCDEx_ActivateLPM)
    HAL_PCDEx_LPM_Callback                   0x080028b9   Thumb Code     2  stm32h7xx_hal_pcd_ex.o(i.HAL_PCDEx_LPM_Callback)
    HAL_PCDEx_SetRxFiFo                      0x080028bb   Thumb Code     8  stm32h7xx_hal_pcd_ex.o(i.HAL_PCDEx_SetRxFiFo)
    HAL_PCDEx_SetTxFiFo                      0x080028c3   Thumb Code    70  stm32h7xx_hal_pcd_ex.o(i.HAL_PCDEx_SetTxFiFo)
    HAL_PCD_ConnectCallback                  0x08002909   Thumb Code     8  usbd_conf.o(i.HAL_PCD_ConnectCallback)
    HAL_PCD_DataInStageCallback              0x08002911   Thumb Code    18  usbd_conf.o(i.HAL_PCD_DataInStageCallback)
    HAL_PCD_DataOutStageCallback             0x08002923   Thumb Code    20  usbd_conf.o(i.HAL_PCD_DataOutStageCallback)
    HAL_PCD_DisconnectCallback               0x08002937   Thumb Code     8  usbd_conf.o(i.HAL_PCD_DisconnectCallback)
    HAL_PCD_EP_Abort                         0x0800293f   Thumb Code    30  stm32h7xx_hal_pcd.o(i.HAL_PCD_EP_Abort)
    HAL_PCD_EP_Close                         0x0800295d   Thumb Code    74  stm32h7xx_hal_pcd.o(i.HAL_PCD_EP_Close)
    HAL_PCD_EP_ClrStall                      0x080029a7   Thumb Code    90  stm32h7xx_hal_pcd.o(i.HAL_PCD_EP_ClrStall)
    HAL_PCD_EP_GetRxCount                    0x08002a01   Thumb Code    18  stm32h7xx_hal_pcd.o(i.HAL_PCD_EP_GetRxCount)
    HAL_PCD_EP_Open                          0x08002a13   Thumb Code    94  stm32h7xx_hal_pcd.o(i.HAL_PCD_EP_Open)
    HAL_PCD_EP_Receive                       0x08002a71   Thumb Code    52  stm32h7xx_hal_pcd.o(i.HAL_PCD_EP_Receive)
    HAL_PCD_EP_SetStall                      0x08002aa5   Thumb Code   114  stm32h7xx_hal_pcd.o(i.HAL_PCD_EP_SetStall)
    HAL_PCD_EP_Transmit                      0x08002b17   Thumb Code    52  stm32h7xx_hal_pcd.o(i.HAL_PCD_EP_Transmit)
    HAL_PCD_IRQHandler                       0x08002b4d   Thumb Code  1428  stm32h7xx_hal_pcd.o(i.HAL_PCD_IRQHandler)
    HAL_PCD_ISOINIncompleteCallback          0x080030e1   Thumb Code     8  usbd_conf.o(i.HAL_PCD_ISOINIncompleteCallback)
    HAL_PCD_ISOOUTIncompleteCallback         0x080030e9   Thumb Code     8  usbd_conf.o(i.HAL_PCD_ISOOUTIncompleteCallback)
    HAL_PCD_Init                             0x080030f1   Thumb Code   204  stm32h7xx_hal_pcd.o(i.HAL_PCD_Init)
    HAL_PCD_MspInit                          0x080031bd   Thumb Code   148  usbd_conf.o(i.HAL_PCD_MspInit)
    HAL_PCD_ResetCallback                    0x0800325d   Thumb Code    44  usbd_conf.o(i.HAL_PCD_ResetCallback)
    HAL_PCD_ResumeCallback                   0x08003289   Thumb Code     8  usbd_conf.o(i.HAL_PCD_ResumeCallback)
    HAL_PCD_SOFCallback                      0x08003291   Thumb Code     8  usbd_conf.o(i.HAL_PCD_SOFCallback)
    HAL_PCD_SetAddress                       0x08003299   Thumb Code    38  stm32h7xx_hal_pcd.o(i.HAL_PCD_SetAddress)
    HAL_PCD_SetupStageCallback               0x080032bf   Thumb Code    14  usbd_conf.o(i.HAL_PCD_SetupStageCallback)
    HAL_PCD_Start                            0x080032cd   Thumb Code    66  stm32h7xx_hal_pcd.o(i.HAL_PCD_Start)
    HAL_PCD_SuspendCallback                  0x08003311   Thumb Code    44  usbd_conf.o(i.HAL_PCD_SuspendCallback)
    HAL_PWREx_ConfigSupply                   0x08003341   Thumb Code    78  stm32h7xx_hal_pwr_ex.o(i.HAL_PWREx_ConfigSupply)
    HAL_PWREx_EnableUSBVoltageDetector       0x08003395   Thumb Code    12  stm32h7xx_hal_pwr_ex.o(i.HAL_PWREx_EnableUSBVoltageDetector)
    HAL_RCCEx_GetD3PCLK1Freq                 0x080033a5   Thumb Code    26  stm32h7xx_hal_rcc_ex.o(i.HAL_RCCEx_GetD3PCLK1Freq)
    HAL_RCCEx_GetPLL1ClockFreq               0x080033c9   Thumb Code   298  stm32h7xx_hal_rcc_ex.o(i.HAL_RCCEx_GetPLL1ClockFreq)
    HAL_RCCEx_GetPLL2ClockFreq               0x08003511   Thumb Code   296  stm32h7xx_hal_rcc_ex.o(i.HAL_RCCEx_GetPLL2ClockFreq)
    HAL_RCCEx_GetPLL3ClockFreq               0x08003655   Thumb Code   296  stm32h7xx_hal_rcc_ex.o(i.HAL_RCCEx_GetPLL3ClockFreq)
    HAL_RCCEx_GetPeriphCLKFreq               0x08003799   Thumb Code   692  stm32h7xx_hal_rcc_ex.o(i.HAL_RCCEx_GetPeriphCLKFreq)
    HAL_RCCEx_PeriphCLKConfig                0x08003a61   Thumb Code  2472  stm32h7xx_hal_rcc_ex.o(i.HAL_RCCEx_PeriphCLKConfig)
    HAL_RCC_CSSCallback                      0x0800440d   Thumb Code     2  stm32h7xx_hal_rcc.o(i.HAL_RCC_CSSCallback)
    HAL_RCC_ClockConfig                      0x08004411   Thumb Code   580  stm32h7xx_hal_rcc.o(i.HAL_RCC_ClockConfig)
    HAL_RCC_EnableCSS                        0x0800466d   Thumb Code    12  stm32h7xx_hal_rcc.o(i.HAL_RCC_EnableCSS)
    HAL_RCC_GetHCLKFreq                      0x0800467d   Thumb Code    52  stm32h7xx_hal_rcc.o(i.HAL_RCC_GetHCLKFreq)
    HAL_RCC_GetPCLK1Freq                     0x080046c1   Thumb Code    26  stm32h7xx_hal_rcc.o(i.HAL_RCC_GetPCLK1Freq)
    HAL_RCC_GetSysClockFreq                  0x080046e5   Thumb Code   278  stm32h7xx_hal_rcc.o(i.HAL_RCC_GetSysClockFreq)
    HAL_RCC_NMI_IRQHandler                   0x0800481d   Thumb Code    26  stm32h7xx_hal_rcc.o(i.HAL_RCC_NMI_IRQHandler)
    HAL_RCC_OscConfig                        0x0800483d   Thumb Code  1410  stm32h7xx_hal_rcc.o(i.HAL_RCC_OscConfig)
    HAL_SYSTICK_Config                       0x08004dbf   Thumb Code    38  stm32h7xx_hal_cortex.o(i.HAL_SYSTICK_Config)
    HAL_TIMEx_Break2Callback                 0x08004de5   Thumb Code     2  stm32h7xx_hal_tim_ex.o(i.HAL_TIMEx_Break2Callback)
    HAL_TIMEx_BreakCallback                  0x08004de7   Thumb Code     2  stm32h7xx_hal_tim_ex.o(i.HAL_TIMEx_BreakCallback)
    HAL_TIMEx_CommutCallback                 0x08004de9   Thumb Code     2  stm32h7xx_hal_tim_ex.o(i.HAL_TIMEx_CommutCallback)
    HAL_TIMEx_MasterConfigSynchronization    0x08004ded   Thumb Code   134  stm32h7xx_hal_tim_ex.o(i.HAL_TIMEx_MasterConfigSynchronization)
    HAL_TIM_Base_Init                        0x08004e91   Thumb Code    98  stm32h7xx_hal_tim.o(i.HAL_TIM_Base_Init)
    HAL_TIM_Base_MspInit                     0x08004ef5   Thumb Code    94  tim.o(i.HAL_TIM_Base_MspInit)
    HAL_TIM_Base_Start                       0x08004f65   Thumb Code    96  stm32h7xx_hal_tim.o(i.HAL_TIM_Base_Start)
    HAL_TIM_IC_CaptureCallback               0x08004fe5   Thumb Code     2  stm32h7xx_hal_tim.o(i.HAL_TIM_IC_CaptureCallback)
    HAL_TIM_IRQHandler                       0x08004fe7   Thumb Code   328  stm32h7xx_hal_tim.o(i.HAL_TIM_IRQHandler)
    HAL_TIM_OC_DelayElapsedCallback          0x0800512f   Thumb Code     2  stm32h7xx_hal_tim.o(i.HAL_TIM_OC_DelayElapsedCallback)
    HAL_TIM_PWM_PulseFinishedCallback        0x08005131   Thumb Code     2  stm32h7xx_hal_tim.o(i.HAL_TIM_PWM_PulseFinishedCallback)
    HAL_TIM_PeriodElapsedCallback            0x08005133   Thumb Code     2  mytime.o(i.HAL_TIM_PeriodElapsedCallback)
    HAL_TIM_TriggerCallback                  0x08005135   Thumb Code     2  stm32h7xx_hal_tim.o(i.HAL_TIM_TriggerCallback)
    HardFault_Handler                        0x08005137   Thumb Code     2  stm32h7xx_it.o(i.HardFault_Handler)
    JustFloatVofa_init                       0x08005171   Thumb Code    26  myusb.o(i.JustFloatVofa_init)
    JustFloatVofa_send                       0x0800518d   Thumb Code    96  myusb.o(i.JustFloatVofa_send)
    JustFloatVofa_setData                    0x080051f1   Thumb Code    92  myusb.o(i.JustFloatVofa_setData)
    MX_ADC3_Init                             0x08005291   Thumb Code   178  adc.o(i.MX_ADC3_Init)
    MX_BDMA_Init                             0x08005351   Thumb Code    40  bdma.o(i.MX_BDMA_Init)
    MX_DAC1_Init                             0x0800537d   Thumb Code    66  dac.o(i.MX_DAC1_Init)
    MX_DMA_Init                              0x080053c9   Thumb Code    40  dma.o(i.MX_DMA_Init)
    MX_GPIO_Init                             0x080053f5   Thumb Code    54  gpio.o(i.MX_GPIO_Init)
    MX_TIM14_Init                            0x08005431   Thumb Code    46  tim.o(i.MX_TIM14_Init)
    MX_TIM6_Init                             0x08005469   Thumb Code    62  tim.o(i.MX_TIM6_Init)
    MX_TIM7_Init                             0x080054b1   Thumb Code    62  tim.o(i.MX_TIM7_Init)
    MX_USB_DEVICE_Init                       0x080054f9   Thumb Code    66  usb_device.o(i.MX_USB_DEVICE_Init)
    MemManage_Handler                        0x0800554d   Thumb Code     2  stm32h7xx_it.o(i.MemManage_Handler)
    NMI_Handler                              0x0800554f   Thumb Code     6  stm32h7xx_it.o(i.NMI_Handler)
    OTG_FS_IRQHandler                        0x08005555   Thumb Code     6  stm32h7xx_it.o(i.OTG_FS_IRQHandler)
    PendSV_Handler                           0x080056cf   Thumb Code     2  stm32h7xx_it.o(i.PendSV_Handler)
    SVC_Handler                              0x08005911   Thumb Code     2  stm32h7xx_it.o(i.SVC_Handler)
    SysTick_Handler                          0x0800591d   Thumb Code     4  stm32h7xx_it.o(i.SysTick_Handler)
    SystemClock_Config                       0x08005921   Thumb Code   214  main.o(i.SystemClock_Config)
    SystemInit                               0x08005a05   Thumb Code   180  system_stm32h7xx.o(i.SystemInit)
    TIM8_TRG_COM_TIM14_IRQHandler            0x08005ae1   Thumb Code     6  stm32h7xx_it.o(i.TIM8_TRG_COM_TIM14_IRQHandler)
    TIM_Base_SetConfig                       0x08005aed   Thumb Code   176  stm32h7xx_hal_tim.o(i.TIM_Base_SetConfig)
    USBD_CDC_GetDeviceQualifierDescriptor    0x08005d39   Thumb Code     8  usbd_cdc.o(i.USBD_CDC_GetDeviceQualifierDescriptor)
    USBD_CDC_ReceivePacket                   0x08005f21   Thumb Code    50  usbd_cdc.o(i.USBD_CDC_ReceivePacket)
    USBD_CDC_RegisterInterface               0x08005f59   Thumb Code    22  usbd_cdc.o(i.USBD_CDC_RegisterInterface)
    USBD_CDC_SetRxBuffer                     0x08005f6f   Thumb Code    26  usbd_cdc.o(i.USBD_CDC_SetRxBuffer)
    USBD_CDC_SetTxBuffer                     0x08005f89   Thumb Code    30  usbd_cdc.o(i.USBD_CDC_SetTxBuffer)
    USBD_CDC_TransmitPacket                  0x08006075   Thumb Code    76  usbd_cdc.o(i.USBD_CDC_TransmitPacket)
    USBD_ClrClassConfig                      0x080060c5   Thumb Code    20  usbd_core.o(i.USBD_ClrClassConfig)
    USBD_CoreFindEP                          0x080060d9   Thumb Code     4  usbd_core.o(i.USBD_CoreFindEP)
    USBD_CoreFindIF                          0x080060dd   Thumb Code     4  usbd_core.o(i.USBD_CoreFindIF)
    USBD_CtlContinueRx                       0x080060e1   Thumb Code    16  usbd_ioreq.o(i.USBD_CtlContinueRx)
    USBD_CtlContinueSendData                 0x080060f1   Thumb Code    16  usbd_ioreq.o(i.USBD_CtlContinueSendData)
    USBD_CtlError                            0x08006101   Thumb Code    22  usbd_ctlreq.o(i.USBD_CtlError)
    USBD_CtlPrepareRx                        0x08006117   Thumb Code    30  usbd_ioreq.o(i.USBD_CtlPrepareRx)
    USBD_CtlReceiveStatus                    0x08006135   Thumb Code    22  usbd_ioreq.o(i.USBD_CtlReceiveStatus)
    USBD_CtlSendData                         0x0800614b   Thumb Code    26  usbd_ioreq.o(i.USBD_CtlSendData)
    USBD_CtlSendStatus                       0x08006165   Thumb Code    22  usbd_ioreq.o(i.USBD_CtlSendStatus)
    USBD_FS_ConfigStrDescriptor              0x0800617d   Thumb Code    16  usbd_desc.o(i.USBD_FS_ConfigStrDescriptor)
    USBD_FS_DeviceDescriptor                 0x0800619d   Thumb Code     8  usbd_desc.o(i.USBD_FS_DeviceDescriptor)
    USBD_FS_InterfaceStrDescriptor           0x080061a9   Thumb Code    16  usbd_desc.o(i.USBD_FS_InterfaceStrDescriptor)
    USBD_FS_LangIDStrDescriptor              0x080061cd   Thumb Code     8  usbd_desc.o(i.USBD_FS_LangIDStrDescriptor)
    USBD_FS_ManufacturerStrDescriptor        0x080061d9   Thumb Code    16  usbd_desc.o(i.USBD_FS_ManufacturerStrDescriptor)
    USBD_FS_ProductStrDescriptor             0x08006201   Thumb Code    16  usbd_desc.o(i.USBD_FS_ProductStrDescriptor)
    USBD_FS_SerialStrDescriptor              0x0800622d   Thumb Code    50  usbd_desc.o(i.USBD_FS_SerialStrDescriptor)
    USBD_GetEpDesc                           0x08006363   Thumb Code    58  usbd_core.o(i.USBD_GetEpDesc)
    USBD_GetNextDesc                         0x080063b1   Thumb Code    14  usbd_core.o(i.USBD_GetNextDesc)
    USBD_GetString                           0x080063bf   Thumb Code    78  usbd_ctlreq.o(i.USBD_GetString)
    USBD_Get_USB_Status                      0x0800640d   Thumb Code    24  usbd_conf.o(i.USBD_Get_USB_Status)
    USBD_Init                                0x08006425   Thumb Code    38  usbd_core.o(i.USBD_Init)
    USBD_LL_ClearStallEP                     0x0800644b   Thumb Code    18  usbd_conf.o(i.USBD_LL_ClearStallEP)
    USBD_LL_CloseEP                          0x0800645d   Thumb Code    18  usbd_conf.o(i.USBD_LL_CloseEP)
    USBD_LL_DataInStage                      0x0800646f   Thumb Code   184  usbd_core.o(i.USBD_LL_DataInStage)
    USBD_LL_DataOutStage                     0x08006527   Thumb Code   144  usbd_core.o(i.USBD_LL_DataOutStage)
    USBD_LL_DevConnected                     0x080065b7   Thumb Code     4  usbd_core.o(i.USBD_LL_DevConnected)
    USBD_LL_DevDisconnected                  0x080065bb   Thumb Code    32  usbd_core.o(i.USBD_LL_DevDisconnected)
    USBD_LL_GetRxDataSize                    0x080065db   Thumb Code     8  usbd_conf.o(i.USBD_LL_GetRxDataSize)
    USBD_LL_Init                             0x080065e5   Thumb Code    90  usbd_conf.o(i.USBD_LL_Init)
    USBD_LL_IsStallEP                        0x08006649   Thumb Code    30  usbd_conf.o(i.USBD_LL_IsStallEP)
    USBD_LL_IsoINIncomplete                  0x08006667   Thumb Code    40  usbd_core.o(i.USBD_LL_IsoINIncomplete)
    USBD_LL_IsoOUTIncomplete                 0x0800668f   Thumb Code    40  usbd_core.o(i.USBD_LL_IsoOUTIncomplete)
    USBD_LL_OpenEP                           0x080066b7   Thumb Code    24  usbd_conf.o(i.USBD_LL_OpenEP)
    USBD_LL_PrepareReceive                   0x080066cf   Thumb Code    18  usbd_conf.o(i.USBD_LL_PrepareReceive)
    USBD_LL_Reset                            0x080066e1   Thumb Code    94  usbd_core.o(i.USBD_LL_Reset)
    USBD_LL_Resume                           0x0800673f   Thumb Code    20  usbd_core.o(i.USBD_LL_Resume)
    USBD_LL_SOF                              0x08006753   Thumb Code    26  usbd_core.o(i.USBD_LL_SOF)
    USBD_LL_SetSpeed                         0x0800676d   Thumb Code     6  usbd_core.o(i.USBD_LL_SetSpeed)
    USBD_LL_SetUSBAddress                    0x08006773   Thumb Code    18  usbd_conf.o(i.USBD_LL_SetUSBAddress)
    USBD_LL_SetupStage                       0x08006785   Thumb Code    96  usbd_core.o(i.USBD_LL_SetupStage)
    USBD_LL_StallEP                          0x080067e5   Thumb Code    18  usbd_conf.o(i.USBD_LL_StallEP)
    USBD_LL_Start                            0x080067f7   Thumb Code    18  usbd_conf.o(i.USBD_LL_Start)
    USBD_LL_Suspend                          0x08006809   Thumb Code    26  usbd_core.o(i.USBD_LL_Suspend)
    USBD_LL_Transmit                         0x08006823   Thumb Code    18  usbd_conf.o(i.USBD_LL_Transmit)
    USBD_ParseSetupRequest                   0x08006835   Thumb Code    42  usbd_ctlreq.o(i.USBD_ParseSetupRequest)
    USBD_RegisterClass                       0x0800685f   Thumb Code    58  usbd_core.o(i.USBD_RegisterClass)
    USBD_SetClassConfig                      0x08006899   Thumb Code    20  usbd_core.o(i.USBD_SetClassConfig)
    USBD_Start                               0x08006969   Thumb Code     4  usbd_core.o(i.USBD_Start)
    USBD_StdDevReq                           0x0800696d   Thumb Code   302  usbd_ctlreq.o(i.USBD_StdDevReq)
    USBD_StdEPReq                            0x08006a9b   Thumb Code   356  usbd_ctlreq.o(i.USBD_StdEPReq)
    USBD_StdItfReq                           0x08006bff   Thumb Code   116  usbd_ctlreq.o(i.USBD_StdItfReq)
    USBD_static_free                         0x08006c73   Thumb Code     2  usbd_conf.o(i.USBD_static_free)
    USBD_static_malloc                       0x08006c75   Thumb Code     4  usbd_conf.o(i.USBD_static_malloc)
    USB_ActivateEndpoint                     0x08006c7d   Thumb Code   124  stm32h7xx_ll_usb.o(i.USB_ActivateEndpoint)
    USB_ActivateSetup                        0x08006cfd   Thumb Code    28  stm32h7xx_ll_usb.o(i.USB_ActivateSetup)
    USB_CoreInit                             0x08006d19   Thumb Code   142  stm32h7xx_ll_usb.o(i.USB_CoreInit)
    USB_DeactivateEndpoint                   0x08006ded   Thumb Code   194  stm32h7xx_ll_usb.o(i.USB_DeactivateEndpoint)
    USB_DevConnect                           0x08006eb9   Thumb Code    28  stm32h7xx_ll_usb.o(i.USB_DevConnect)
    USB_DevDisconnect                        0x08006ed5   Thumb Code    28  stm32h7xx_ll_usb.o(i.USB_DevDisconnect)
    USB_DevInit                              0x08006ef1   Thumb Code   354  stm32h7xx_ll_usb.o(i.USB_DevInit)
    USB_DisableGlobalInt                     0x0800705d   Thumb Code    12  stm32h7xx_ll_usb.o(i.USB_DisableGlobalInt)
    USB_EP0_OutStart                         0x08007069   Thumb Code    84  stm32h7xx_ll_usb.o(i.USB_EP0_OutStart)
    USB_EPClearStall                         0x080070c1   Thumb Code    88  stm32h7xx_ll_usb.o(i.USB_EPClearStall)
    USB_EPSetStall                           0x08007119   Thumb Code    88  stm32h7xx_ll_usb.o(i.USB_EPSetStall)
    USB_EPStartXfer                          0x08007171   Thumb Code   562  stm32h7xx_ll_usb.o(i.USB_EPStartXfer)
    USB_EPStopXfer                           0x080073a9   Thumb Code   158  stm32h7xx_ll_usb.o(i.USB_EPStopXfer)
    USB_EnableGlobalInt                      0x08007447   Thumb Code    12  stm32h7xx_ll_usb.o(i.USB_EnableGlobalInt)
    USB_FlushRxFifo                          0x08007453   Thumb Code    56  stm32h7xx_ll_usb.o(i.USB_FlushRxFifo)
    USB_FlushTxFifo                          0x0800748b   Thumb Code    60  stm32h7xx_ll_usb.o(i.USB_FlushTxFifo)
    USB_GetDevSpeed                          0x080074c7   Thumb Code    26  stm32h7xx_ll_usb.o(i.USB_GetDevSpeed)
    USB_GetMode                              0x080074e1   Thumb Code     8  stm32h7xx_ll_usb.o(i.USB_GetMode)
    USB_ReadDevAllInEpInterrupt              0x080074e9   Thumb Code    14  stm32h7xx_ll_usb.o(i.USB_ReadDevAllInEpInterrupt)
    USB_ReadDevAllOutEpInterrupt             0x080074f7   Thumb Code    14  stm32h7xx_ll_usb.o(i.USB_ReadDevAllOutEpInterrupt)
    USB_ReadDevInEPInterrupt                 0x08007505   Thumb Code    36  stm32h7xx_ll_usb.o(i.USB_ReadDevInEPInterrupt)
    USB_ReadDevOutEPInterrupt                0x08007529   Thumb Code    16  stm32h7xx_ll_usb.o(i.USB_ReadDevOutEPInterrupt)
    USB_ReadInterrupts                       0x08007539   Thumb Code     8  stm32h7xx_ll_usb.o(i.USB_ReadInterrupts)
    USB_ReadPacket                           0x08007541   Thumb Code    64  stm32h7xx_ll_usb.o(i.USB_ReadPacket)
    USB_SetCurrentMode                       0x08007581   Thumb Code    94  stm32h7xx_ll_usb.o(i.USB_SetCurrentMode)
    USB_SetDevAddress                        0x080075df   Thumb Code    34  stm32h7xx_ll_usb.o(i.USB_SetDevAddress)
    USB_SetTurnaroundTime                    0x08007601   Thumb Code   158  stm32h7xx_ll_usb.o(i.USB_SetTurnaroundTime)
    USB_WritePacket                          0x080076e9   Thumb Code    40  stm32h7xx_ll_usb.o(i.USB_WritePacket)
    UsageFault_Handler                       0x08007711   Thumb Code     2  stm32h7xx_it.o(i.UsageFault_Handler)
    __ARM_fpclassifyf                        0x08007713   Thumb Code    38  fpclassifyf.o(i.__ARM_fpclassifyf)
    __hardfp_sinf                            0x0800775d   Thumb Code   344  sinf.o(i.__hardfp_sinf)
    __mathlib_flt_infnan                     0x080078f1   Thumb Code     6  funder.o(i.__mathlib_flt_infnan)
    __mathlib_flt_invalid                    0x080078f9   Thumb Code    10  funder.o(i.__mathlib_flt_invalid)
    __mathlib_flt_underflow                  0x08007909   Thumb Code    10  funder.o(i.__mathlib_flt_underflow)
    __mathlib_rredf2                         0x08007919   Thumb Code   316  rredf.o(i.__mathlib_rredf2)
    __scatterload_copy                       0x08007a6d   Thumb Code    14  handlers.o(i.__scatterload_copy)
    __scatterload_null                       0x08007a7b   Thumb Code     2  handlers.o(i.__scatterload_null)
    __scatterload_zeroinit                   0x08007a7d   Thumb Code    14  handlers.o(i.__scatterload_zeroinit)
    __set_errno                              0x08007a8d   Thumb Code     6  errno.o(i.__set_errno)
    main                                     0x08007a99   Thumb Code   266  main.o(i.main)
    mydac_set_data                           0x08007bb1   Thumb Code   130  mydac.o(i.mydac_set_data)
    mydac_start_out                          0x08007c4d   Thumb Code    38  mydac.o(i.mydac_start_out)
    usb_send_adc3_data                       0x08007c81   Thumb Code   182  myadc.o(i.usb_send_adc3_data)
    D1CorePrescTable                         0x08007d5c   Data          16  system_stm32h7xx.o(.constdata)
    Region$$Table$$Base                      0x08007d8c   Number         0  anon$$obj.o(Region$$Table)
    Region$$Table$$Limit                     0x08007dac   Number         0  anon$$obj.o(Region$$Table)
    FS_Desc                                  0x24000000   Data          32  usbd_desc.o(.data)
    USBD_LangIDDesc                          0x24000020   Data           4  usbd_desc.o(.data)
    USBD_FS_DeviceDesc                       0x24000024   Data          18  usbd_desc.o(.data)
    USBD_StringSerial                        0x24000038   Data          26  usbd_desc.o(.data)
    USBD_Interface_fops_FS                   0x24000054   Data          20  usbd_cdc_if.o(.data)
    uwTickFreq                               0x24000068   Data           1  stm32h7xx_hal.o(.data)
    uwTickPrio                               0x2400006c   Data           4  stm32h7xx_hal.o(.data)
    uwTick                                   0x24000070   Data           4  stm32h7xx_hal.o(.data)
    SystemCoreClock                          0x24000074   Data           4  system_stm32h7xx.o(.data)
    SystemD2Clock                            0x24000078   Data           4  system_stm32h7xx.o(.data)
    USBD_CDC                                 0x240000d4   Data          56  usbd_cdc.o(.data)
    half_flag                                0x2400010c   Data           1  myadc.o(.data)
    full_flag                                0x2400010d   Data           1  myadc.o(.data)
    hadc3                                    0x24000114   Data         100  adc.o(.bss)
    hdma_adc3                                0x24000178   Data         120  adc.o(.bss)
    hdac1                                    0x240001f0   Data          20  dac.o(.bss)
    hdma_dac1_ch1                            0x24000204   Data         120  dac.o(.bss)
    htim6                                    0x2400027c   Data          76  tim.o(.bss)
    htim7                                    0x240002c8   Data          76  tim.o(.bss)
    htim14                                   0x24000314   Data          76  tim.o(.bss)
    hUsbDeviceFS                             0x24000360   Data         732  usb_device.o(.bss)
    USBD_StrDesc                             0x2400063c   Data         512  usbd_desc.o(.bss)
    UserRxBufferFS                           0x2400083c   Data        2048  usbd_cdc_if.o(.bss)
    UserTxBufferFS                           0x2400103c   Data        2048  usbd_cdc_if.o(.bss)
    hpcd_USB_OTG_FS                          0x24001a5c   Data        1252  usbd_conf.o(.bss)
    adc_frame                                0x24001f40   Data       12008  myusb.o(.bss)
    buf                                      0x24004e28   Data       100000  myusb.o(.bss)
    adc_PC0_voltage                          0x2401d4c8   Data       16384  myadc.o(.bss)
    __initial_sp                             0x240218c8   Data           0  startup_stm32h750xx.o(STACK)
    dac_PA4_lut                              0x30000000   Data        8000  mydac.o(.ARM.__AT_0x30000000)
    adc_PC0_data                             0x38000000   Data        8192  myadc.o(.ARM.__AT_0x38000000)



==============================================================================

Memory Map of the image

  Image Entry point : 0x08000299

  Load Region LR_IROM1 (Base: 0x08000000, Size: 0x00007ec0, Max: 0x00020000, ABSOLUTE)

    Execution Region ER_IROM1 (Exec base: 0x08000000, Load base: 0x08000000, Size: 0x00007dac, Max: 0x00020000, ABSOLUTE)

    Exec Addr    Load Addr    Size         Type   Attr      Idx    E Section Name        Object

    0x08000000   0x08000000   0x00000298   Data   RO            3    RESET               startup_stm32h750xx.o
    0x08000298   0x08000298   0x00000000   Code   RO         6380  * .ARM.Collect$$$$00000000  mc_w.l(entry.o)
    0x08000298   0x08000298   0x00000004   Code   RO         6432    .ARM.Collect$$$$00000001  mc_w.l(entry2.o)
    0x0800029c   0x0800029c   0x00000004   Code   RO         6435    .ARM.Collect$$$$00000004  mc_w.l(entry5.o)
    0x080002a0   0x080002a0   0x00000000   Code   RO         6437    .ARM.Collect$$$$00000008  mc_w.l(entry7b.o)
    0x080002a0   0x080002a0   0x00000000   Code   RO         6439    .ARM.Collect$$$$0000000A  mc_w.l(entry8b.o)
    0x080002a0   0x080002a0   0x00000008   Code   RO         6440    .ARM.Collect$$$$0000000B  mc_w.l(entry9a.o)
    0x080002a8   0x080002a8   0x00000004   Code   RO         6447    .ARM.Collect$$$$0000000E  mc_w.l(entry12b.o)
    0x080002ac   0x080002ac   0x00000000   Code   RO         6442    .ARM.Collect$$$$0000000F  mc_w.l(entry10a.o)
    0x080002ac   0x080002ac   0x00000000   Code   RO         6444    .ARM.Collect$$$$00000011  mc_w.l(entry11a.o)
    0x080002ac   0x080002ac   0x00000004   Code   RO         6433    .ARM.Collect$$$$00002712  mc_w.l(entry2.o)
    0x080002b0   0x080002b0   0x00000024   Code   RO            4    .text               startup_stm32h750xx.o
    0x080002d4   0x080002d4   0x00000024   Code   RO         6383    .text               mc_w.l(memseta.o)
    0x080002f8   0x080002f8   0x00000000   Code   RO         6462    .text               mc_w.l(iusefp.o)
    0x080002f8   0x080002f8   0x00000024   Code   RO         6473    .text               mc_w.l(init.o)
    0x0800031c   0x0800031c   0x00000108   Code   RO         4009    i.ADC_ConfigureBoostMode  stm32h7xx_hal_adc.o
    0x08000424   0x08000424   0x00000068   Code   RO         4011    i.ADC_DMAConvCplt   stm32h7xx_hal_adc.o
    0x0800048c   0x0800048c   0x0000001a   Code   RO         4012    i.ADC_DMAError      stm32h7xx_hal_adc.o
    0x080004a6   0x080004a6   0x0000000a   Code   RO         4013    i.ADC_DMAHalfConvCplt  stm32h7xx_hal_adc.o
    0x080004b0   0x080004b0   0x00000038   Code   RO         6274    i.ADC_DMA_Start     myadc.o
    0x080004e8   0x080004e8   0x00000070   Code   RO         4014    i.ADC_Disable       stm32h7xx_hal_adc.o
    0x08000558   0x08000558   0x000000a8   Code   RO         4015    i.ADC_Enable        stm32h7xx_hal_adc.o
    0x08000600   0x08000600   0x0000000c   Code   RO          491    i.BDMA_Channel0_IRQHandler  stm32h7xx_it.o
    0x0800060c   0x0800060c   0x00000002   Code   RO          492    i.BusFault_Handler  stm32h7xx_it.o
    0x0800060e   0x0800060e   0x00000004   Code   RO          733    i.CDC_Control_FS    usbd_cdc_if.o
    0x08000612   0x08000612   0x00000004   Code   RO          734    i.CDC_DeInit_FS     usbd_cdc_if.o
    0x08000616   0x08000616   0x00000002   PAD
    0x08000618   0x08000618   0x00000024   Code   RO          735    i.CDC_Init_FS       usbd_cdc_if.o
    0x0800063c   0x0800063c   0x00000018   Code   RO          736    i.CDC_Receive_FS    usbd_cdc_if.o
    0x08000654   0x08000654   0x00000004   Code   RO          737    i.CDC_TransmitCplt_FS  usbd_cdc_if.o
    0x08000658   0x08000658   0x0000002c   Code   RO          738    i.CDC_Transmit_FS   usbd_cdc_if.o
    0x08000684   0x08000684   0x00000010   Code   RO         4460    i.DAC_DMAConvCpltCh1  stm32h7xx_hal_dac.o
    0x08000694   0x08000694   0x00000010   Code   RO         4604    i.DAC_DMAConvCpltCh2  stm32h7xx_hal_dac_ex.o
    0x080006a4   0x080006a4   0x00000018   Code   RO         4461    i.DAC_DMAErrorCh1   stm32h7xx_hal_dac.o
    0x080006bc   0x080006bc   0x00000018   Code   RO         4605    i.DAC_DMAErrorCh2   stm32h7xx_hal_dac_ex.o
    0x080006d4   0x080006d4   0x0000000a   Code   RO         4462    i.DAC_DMAHalfConvCpltCh1  stm32h7xx_hal_dac.o
    0x080006de   0x080006de   0x0000000a   Code   RO         4606    i.DAC_DMAHalfConvCpltCh2  stm32h7xx_hal_dac_ex.o
    0x080006e8   0x080006e8   0x0000000c   Code   RO          493    i.DMA1_Stream0_IRQHandler  stm32h7xx_it.o
    0x080006f4   0x080006f4   0x000000b4   Code   RO         2239    i.DMA_CalcBaseAndBitshift  stm32h7xx_hal_dma.o
    0x080007a8   0x080007a8   0x0000009c   Code   RO         2240    i.DMA_CalcDMAMUXChannelBaseAndMask  stm32h7xx_hal_dma.o
    0x08000844   0x08000844   0x00000074   Code   RO         2241    i.DMA_CalcDMAMUXRequestGenBaseAndMask  stm32h7xx_hal_dma.o
    0x080008b8   0x080008b8   0x00000054   Code   RO         2242    i.DMA_CheckFifoParam  stm32h7xx_hal_dma.o
    0x0800090c   0x0800090c   0x00000220   Code   RO         2243    i.DMA_SetConfig     stm32h7xx_hal_dma.o
    0x08000b2c   0x08000b2c   0x00000002   Code   RO          494    i.DebugMon_Handler  stm32h7xx_it.o
    0x08000b2e   0x08000b2e   0x00000004   Code   RO           13    i.Error_Handler     main.o
    0x08000b32   0x08000b32   0x00000002   PAD
    0x08000b34   0x08000b34   0x0000009c   Code   RO         4231    i.HAL_ADCEx_Calibration_Start  stm32h7xx_hal_adc_ex.o
    0x08000bd0   0x08000bd0   0x000003d8   Code   RO         4017    i.HAL_ADC_ConfigChannel  stm32h7xx_hal_adc.o
    0x08000fa8   0x08000fa8   0x00000020   Code   RO         6276    i.HAL_ADC_ConvCpltCallback  myadc.o
    0x08000fc8   0x08000fc8   0x00000020   Code   RO         6277    i.HAL_ADC_ConvHalfCpltCallback  myadc.o
    0x08000fe8   0x08000fe8   0x00000002   Code   RO         6278    i.HAL_ADC_ErrorCallback  myadc.o
    0x08000fea   0x08000fea   0x00000002   PAD
    0x08000fec   0x08000fec   0x00000228   Code   RO         4026    i.HAL_ADC_Init      stm32h7xx_hal_adc.o
    0x08001214   0x08001214   0x000000d0   Code   RO          288    i.HAL_ADC_MspInit   adc.o
    0x080012e4   0x080012e4   0x00000108   Code   RO         4033    i.HAL_ADC_Start_DMA  stm32h7xx_hal_adc.o
    0x080013ec   0x080013ec   0x00000002   Code   RO         4607    i.HAL_DACEx_ConvCpltCallbackCh2  stm32h7xx_hal_dac_ex.o
    0x080013ee   0x080013ee   0x00000002   Code   RO         4608    i.HAL_DACEx_ConvHalfCpltCallbackCh2  stm32h7xx_hal_dac_ex.o
    0x080013f0   0x080013f0   0x00000002   Code   RO         4616    i.HAL_DACEx_ErrorCallbackCh2  stm32h7xx_hal_dac_ex.o
    0x080013f2   0x080013f2   0x00000002   PAD
    0x080013f4   0x080013f4   0x0000014c   Code   RO         4463    i.HAL_DAC_ConfigChannel  stm32h7xx_hal_dac.o
    0x08001540   0x08001540   0x00000002   Code   RO         4464    i.HAL_DAC_ConvCpltCallbackCh1  stm32h7xx_hal_dac.o
    0x08001542   0x08001542   0x00000002   Code   RO         4465    i.HAL_DAC_ConvHalfCpltCallbackCh1  stm32h7xx_hal_dac.o
    0x08001544   0x08001544   0x00000002   Code   RO         4468    i.HAL_DAC_ErrorCallbackCh1  stm32h7xx_hal_dac.o
    0x08001546   0x08001546   0x00000028   Code   RO         4473    i.HAL_DAC_Init      stm32h7xx_hal_dac.o
    0x0800156e   0x0800156e   0x00000002   PAD
    0x08001570   0x08001570   0x000000ac   Code   RO          354    i.HAL_DAC_MspInit   dac.o
    0x0800161c   0x0800161c   0x000000e0   Code   RO         4478    i.HAL_DAC_Start_DMA  stm32h7xx_hal_dac.o
    0x080016fc   0x080016fc   0x000006e8   Code   RO         2249    i.HAL_DMA_IRQHandler  stm32h7xx_hal_dma.o
    0x08001de4   0x08001de4   0x000003c4   Code   RO         2250    i.HAL_DMA_Init      stm32h7xx_hal_dma.o
    0x080021a8   0x080021a8   0x0000029c   Code   RO         2254    i.HAL_DMA_Start_IT  stm32h7xx_hal_dma.o
    0x08002444   0x08002444   0x00000024   Code   RO         3106    i.HAL_Delay         stm32h7xx_hal.o
    0x08002468   0x08002468   0x0000022c   Code   RO         2092    i.HAL_GPIO_Init     stm32h7xx_hal_gpio.o
    0x08002694   0x08002694   0x0000000c   Code   RO         3117    i.HAL_GetREVID      stm32h7xx_hal.o
    0x080026a0   0x080026a0   0x0000000c   Code   RO         3118    i.HAL_GetTick       stm32h7xx_hal.o
    0x080026ac   0x080026ac   0x00000010   Code   RO         3124    i.HAL_IncTick       stm32h7xx_hal.o
    0x080026bc   0x080026bc   0x0000005c   Code   RO         3125    i.HAL_Init          stm32h7xx_hal.o
    0x08002718   0x08002718   0x00000040   Code   RO         3126    i.HAL_InitTick      stm32h7xx_hal.o
    0x08002758   0x08002758   0x0000005c   Code   RO         2947    i.HAL_MPU_ConfigRegion  stm32h7xx_hal_cortex.o
    0x080027b4   0x080027b4   0x0000001c   Code   RO         2948    i.HAL_MPU_Disable   stm32h7xx_hal_cortex.o
    0x080027d0   0x080027d0   0x00000024   Code   RO         2950    i.HAL_MPU_Enable    stm32h7xx_hal_cortex.o
    0x080027f4   0x080027f4   0x0000001c   Code   RO          591    i.HAL_MspInit       stm32h7xx_hal_msp.o
    0x08002810   0x08002810   0x0000001a   Code   RO         2954    i.HAL_NVIC_EnableIRQ  stm32h7xx_hal_cortex.o
    0x0800282a   0x0800282a   0x00000002   PAD
    0x0800282c   0x0800282c   0x00000040   Code   RO         2960    i.HAL_NVIC_SetPriority  stm32h7xx_hal_cortex.o
    0x0800286c   0x0800286c   0x00000024   Code   RO         2961    i.HAL_NVIC_SetPriorityGrouping  stm32h7xx_hal_cortex.o
    0x08002890   0x08002890   0x00000028   Code   RO         1243    i.HAL_PCDEx_ActivateLPM  stm32h7xx_hal_pcd_ex.o
    0x080028b8   0x080028b8   0x00000002   Code   RO         1248    i.HAL_PCDEx_LPM_Callback  stm32h7xx_hal_pcd_ex.o
    0x080028ba   0x080028ba   0x00000008   Code   RO         1249    i.HAL_PCDEx_SetRxFiFo  stm32h7xx_hal_pcd_ex.o
    0x080028c2   0x080028c2   0x00000046   Code   RO         1250    i.HAL_PCDEx_SetTxFiFo  stm32h7xx_hal_pcd_ex.o
    0x08002908   0x08002908   0x00000008   Code   RO          799    i.HAL_PCD_ConnectCallback  usbd_conf.o
    0x08002910   0x08002910   0x00000012   Code   RO          800    i.HAL_PCD_DataInStageCallback  usbd_conf.o
    0x08002922   0x08002922   0x00000014   Code   RO          801    i.HAL_PCD_DataOutStageCallback  usbd_conf.o
    0x08002936   0x08002936   0x00000008   Code   RO          802    i.HAL_PCD_DisconnectCallback  usbd_conf.o
    0x0800293e   0x0800293e   0x0000001e   Code   RO         1019    i.HAL_PCD_EP_Abort  stm32h7xx_hal_pcd.o
    0x0800295c   0x0800295c   0x0000004a   Code   RO         1020    i.HAL_PCD_EP_Close  stm32h7xx_hal_pcd.o
    0x080029a6   0x080029a6   0x0000005a   Code   RO         1021    i.HAL_PCD_EP_ClrStall  stm32h7xx_hal_pcd.o
    0x08002a00   0x08002a00   0x00000012   Code   RO         1023    i.HAL_PCD_EP_GetRxCount  stm32h7xx_hal_pcd.o
    0x08002a12   0x08002a12   0x0000005e   Code   RO         1024    i.HAL_PCD_EP_Open   stm32h7xx_hal_pcd.o
    0x08002a70   0x08002a70   0x00000034   Code   RO         1025    i.HAL_PCD_EP_Receive  stm32h7xx_hal_pcd.o
    0x08002aa4   0x08002aa4   0x00000072   Code   RO         1026    i.HAL_PCD_EP_SetStall  stm32h7xx_hal_pcd.o
    0x08002b16   0x08002b16   0x00000034   Code   RO         1027    i.HAL_PCD_EP_Transmit  stm32h7xx_hal_pcd.o
    0x08002b4a   0x08002b4a   0x00000002   PAD
    0x08002b4c   0x08002b4c   0x00000594   Code   RO         1029    i.HAL_PCD_IRQHandler  stm32h7xx_hal_pcd.o
    0x080030e0   0x080030e0   0x00000008   Code   RO          803    i.HAL_PCD_ISOINIncompleteCallback  usbd_conf.o
    0x080030e8   0x080030e8   0x00000008   Code   RO          804    i.HAL_PCD_ISOOUTIncompleteCallback  usbd_conf.o
    0x080030f0   0x080030f0   0x000000cc   Code   RO         1032    i.HAL_PCD_Init      stm32h7xx_hal_pcd.o
    0x080031bc   0x080031bc   0x000000a0   Code   RO          806    i.HAL_PCD_MspInit   usbd_conf.o
    0x0800325c   0x0800325c   0x0000002c   Code   RO          807    i.HAL_PCD_ResetCallback  usbd_conf.o
    0x08003288   0x08003288   0x00000008   Code   RO          808    i.HAL_PCD_ResumeCallback  usbd_conf.o
    0x08003290   0x08003290   0x00000008   Code   RO          809    i.HAL_PCD_SOFCallback  usbd_conf.o
    0x08003298   0x08003298   0x00000026   Code   RO         1038    i.HAL_PCD_SetAddress  stm32h7xx_hal_pcd.o
    0x080032be   0x080032be   0x0000000e   Code   RO          810    i.HAL_PCD_SetupStageCallback  usbd_conf.o
    0x080032cc   0x080032cc   0x00000042   Code   RO         1041    i.HAL_PCD_Start     stm32h7xx_hal_pcd.o
    0x0800330e   0x0800330e   0x00000002   PAD
    0x08003310   0x08003310   0x00000030   Code   RO          811    i.HAL_PCD_SuspendCallback  usbd_conf.o
    0x08003340   0x08003340   0x00000054   Code   RO         2693    i.HAL_PWREx_ConfigSupply  stm32h7xx_hal_pwr_ex.o
    0x08003394   0x08003394   0x00000010   Code   RO         2710    i.HAL_PWREx_EnableUSBVoltageDetector  stm32h7xx_hal_pwr_ex.o
    0x080033a4   0x080033a4   0x00000024   Code   RO         1735    i.HAL_RCCEx_GetD3PCLK1Freq  stm32h7xx_hal_rcc_ex.o
    0x080033c8   0x080033c8   0x00000148   Code   RO         1736    i.HAL_RCCEx_GetPLL1ClockFreq  stm32h7xx_hal_rcc_ex.o
    0x08003510   0x08003510   0x00000144   Code   RO         1737    i.HAL_RCCEx_GetPLL2ClockFreq  stm32h7xx_hal_rcc_ex.o
    0x08003654   0x08003654   0x00000144   Code   RO         1738    i.HAL_RCCEx_GetPLL3ClockFreq  stm32h7xx_hal_rcc_ex.o
    0x08003798   0x08003798   0x000002c8   Code   RO         1740    i.HAL_RCCEx_GetPeriphCLKFreq  stm32h7xx_hal_rcc_ex.o
    0x08003a60   0x08003a60   0x000009ac   Code   RO         1744    i.HAL_RCCEx_PeriphCLKConfig  stm32h7xx_hal_rcc_ex.o
    0x0800440c   0x0800440c   0x00000002   Code   RO         1619    i.HAL_RCC_CSSCallback  stm32h7xx_hal_rcc.o
    0x0800440e   0x0800440e   0x00000002   PAD
    0x08004410   0x08004410   0x0000025c   Code   RO         1620    i.HAL_RCC_ClockConfig  stm32h7xx_hal_rcc.o
    0x0800466c   0x0800466c   0x00000010   Code   RO         1623    i.HAL_RCC_EnableCSS  stm32h7xx_hal_rcc.o
    0x0800467c   0x0800467c   0x00000044   Code   RO         1625    i.HAL_RCC_GetHCLKFreq  stm32h7xx_hal_rcc.o
    0x080046c0   0x080046c0   0x00000024   Code   RO         1627    i.HAL_RCC_GetPCLK1Freq  stm32h7xx_hal_rcc.o
    0x080046e4   0x080046e4   0x00000138   Code   RO         1629    i.HAL_RCC_GetSysClockFreq  stm32h7xx_hal_rcc.o
    0x0800481c   0x0800481c   0x00000020   Code   RO         1631    i.HAL_RCC_NMI_IRQHandler  stm32h7xx_hal_rcc.o
    0x0800483c   0x0800483c   0x00000582   Code   RO         1632    i.HAL_RCC_OscConfig  stm32h7xx_hal_rcc.o
    0x08004dbe   0x08004dbe   0x00000026   Code   RO         2965    i.HAL_SYSTICK_Config  stm32h7xx_hal_cortex.o
    0x08004de4   0x08004de4   0x00000002   Code   RO         5446    i.HAL_TIMEx_Break2Callback  stm32h7xx_hal_tim_ex.o
    0x08004de6   0x08004de6   0x00000002   Code   RO         5447    i.HAL_TIMEx_BreakCallback  stm32h7xx_hal_tim_ex.o
    0x08004de8   0x08004de8   0x00000002   Code   RO         5448    i.HAL_TIMEx_CommutCallback  stm32h7xx_hal_tim_ex.o
    0x08004dea   0x08004dea   0x00000002   PAD
    0x08004dec   0x08004dec   0x000000a4   Code   RO         5468    i.HAL_TIMEx_MasterConfigSynchronization  stm32h7xx_hal_tim_ex.o
    0x08004e90   0x08004e90   0x00000062   Code   RO         4732    i.HAL_TIM_Base_Init  stm32h7xx_hal_tim.o
    0x08004ef2   0x08004ef2   0x00000002   PAD
    0x08004ef4   0x08004ef4   0x00000070   Code   RO          438    i.HAL_TIM_Base_MspInit  tim.o
    0x08004f64   0x08004f64   0x00000080   Code   RO         4735    i.HAL_TIM_Base_Start  stm32h7xx_hal_tim.o
    0x08004fe4   0x08004fe4   0x00000002   Code   RO         4766    i.HAL_TIM_IC_CaptureCallback  stm32h7xx_hal_tim.o
    0x08004fe6   0x08004fe6   0x00000148   Code   RO         4780    i.HAL_TIM_IRQHandler  stm32h7xx_hal_tim.o
    0x0800512e   0x0800512e   0x00000002   Code   RO         4783    i.HAL_TIM_OC_DelayElapsedCallback  stm32h7xx_hal_tim.o
    0x08005130   0x08005130   0x00000002   Code   RO         4810    i.HAL_TIM_PWM_PulseFinishedCallback  stm32h7xx_hal_tim.o
    0x08005132   0x08005132   0x00000002   Code   RO         6237    i.HAL_TIM_PeriodElapsedCallback  mytime.o
    0x08005134   0x08005134   0x00000002   Code   RO         4823    i.HAL_TIM_TriggerCallback  stm32h7xx_hal_tim.o
    0x08005136   0x08005136   0x00000002   Code   RO          495    i.HardFault_Handler  stm32h7xx_it.o
    0x08005138   0x08005138   0x00000038   Code   RO          646    i.IntToUnicode      usbd_desc.o
    0x08005170   0x08005170   0x0000001a   Code   RO         6193    i.JustFloatVofa_init  myusb.o
    0x0800518a   0x0800518a   0x00000002   PAD
    0x0800518c   0x0800518c   0x00000064   Code   RO         6194    i.JustFloatVofa_send  myusb.o
    0x080051f0   0x080051f0   0x00000060   Code   RO         6195    i.JustFloatVofa_setData  myusb.o
    0x08005250   0x08005250   0x00000008   Code   RO         4038    i.LL_ADC_INJ_IsConversionOngoing  stm32h7xx_hal_adc.o
    0x08005258   0x08005258   0x00000008   Code   RO         4039    i.LL_ADC_REG_IsConversionOngoing  stm32h7xx_hal_adc.o
    0x08005260   0x08005260   0x00000010   Code   RO         4040    i.LL_ADC_REG_IsTriggerSourceSWStart  stm32h7xx_hal_adc.o
    0x08005270   0x08005270   0x0000001e   Code   RO         4042    i.LL_ADC_SetChannelSamplingTime  stm32h7xx_hal_adc.o
    0x0800528e   0x0800528e   0x00000002   PAD
    0x08005290   0x08005290   0x000000c0   Code   RO          289    i.MX_ADC3_Init      adc.o
    0x08005350   0x08005350   0x0000002c   Code   RO          329    i.MX_BDMA_Init      bdma.o
    0x0800537c   0x0800537c   0x0000004c   Code   RO          355    i.MX_DAC1_Init      dac.o
    0x080053c8   0x080053c8   0x0000002c   Code   RO          395    i.MX_DMA_Init       dma.o
    0x080053f4   0x080053f4   0x0000003c   Code   RO          259    i.MX_GPIO_Init      gpio.o
    0x08005430   0x08005430   0x00000038   Code   RO          439    i.MX_TIM14_Init     tim.o
    0x08005468   0x08005468   0x00000048   Code   RO          440    i.MX_TIM6_Init      tim.o
    0x080054b0   0x080054b0   0x00000048   Code   RO          441    i.MX_TIM7_Init      tim.o
    0x080054f8   0x080054f8   0x00000054   Code   RO          615    i.MX_USB_DEVICE_Init  usb_device.o
    0x0800554c   0x0800554c   0x00000002   Code   RO          496    i.MemManage_Handler  stm32h7xx_it.o
    0x0800554e   0x0800554e   0x00000006   Code   RO          497    i.NMI_Handler       stm32h7xx_it.o
    0x08005554   0x08005554   0x0000000c   Code   RO          498    i.OTG_FS_IRQHandler  stm32h7xx_it.o
    0x08005560   0x08005560   0x000000cc   Code   RO         1044    i.PCD_EP_OutXfrComplete_int  stm32h7xx_hal_pcd.o
    0x0800562c   0x0800562c   0x000000a2   Code   RO         1045    i.PCD_WriteEmptyTxFifo  stm32h7xx_hal_pcd.o
    0x080056ce   0x080056ce   0x00000002   Code   RO          499    i.PendSV_Handler    stm32h7xx_it.o
    0x080056d0   0x080056d0   0x00000120   Code   RO         1747    i.RCCEx_PLL2_Config  stm32h7xx_hal_rcc_ex.o
    0x080057f0   0x080057f0   0x00000120   Code   RO         1748    i.RCCEx_PLL3_Config  stm32h7xx_hal_rcc_ex.o
    0x08005910   0x08005910   0x00000002   Code   RO          500    i.SVC_Handler       stm32h7xx_it.o
    0x08005912   0x08005912   0x0000000a   Code   RO         5937    i.SWAPBYTE          usbd_ctlreq.o
    0x0800591c   0x0800591c   0x00000004   Code   RO          501    i.SysTick_Handler   stm32h7xx_it.o
    0x08005920   0x08005920   0x000000e4   Code   RO           14    i.SystemClock_Config  main.o
    0x08005a04   0x08005a04   0x000000dc   Code   RO         5738    i.SystemInit        system_stm32h7xx.o
    0x08005ae0   0x08005ae0   0x0000000c   Code   RO          502    i.TIM8_TRG_COM_TIM14_IRQHandler  stm32h7xx_it.o
    0x08005aec   0x08005aec   0x000000d0   Code   RO         4825    i.TIM_Base_SetConfig  stm32h7xx_hal_tim.o
    0x08005bbc   0x08005bbc   0x00000076   Code   RO         6083    i.USBD_CDC_DataIn   usbd_cdc.o
    0x08005c32   0x08005c32   0x0000003c   Code   RO         6084    i.USBD_CDC_DataOut  usbd_cdc.o
    0x08005c6e   0x08005c6e   0x00000002   PAD
    0x08005c70   0x08005c70   0x00000090   Code   RO         6085    i.USBD_CDC_DeInit   usbd_cdc.o
    0x08005d00   0x08005d00   0x00000036   Code   RO         6086    i.USBD_CDC_EP0_RxReady  usbd_cdc.o
    0x08005d36   0x08005d36   0x00000002   PAD
    0x08005d38   0x08005d38   0x0000000c   Code   RO         6087    i.USBD_CDC_GetDeviceQualifierDescriptor  usbd_cdc.o
    0x08005d44   0x08005d44   0x00000040   Code   RO         6088    i.USBD_CDC_GetFSCfgDesc  usbd_cdc.o
    0x08005d84   0x08005d84   0x00000040   Code   RO         6089    i.USBD_CDC_GetHSCfgDesc  usbd_cdc.o
    0x08005dc4   0x08005dc4   0x00000040   Code   RO         6090    i.USBD_CDC_GetOtherSpeedCfgDesc  usbd_cdc.o
    0x08005e04   0x08005e04   0x0000011c   Code   RO         6091    i.USBD_CDC_Init     usbd_cdc.o
    0x08005f20   0x08005f20   0x00000038   Code   RO         6092    i.USBD_CDC_ReceivePacket  usbd_cdc.o
    0x08005f58   0x08005f58   0x00000016   Code   RO         6093    i.USBD_CDC_RegisterInterface  usbd_cdc.o
    0x08005f6e   0x08005f6e   0x0000001a   Code   RO         6094    i.USBD_CDC_SetRxBuffer  usbd_cdc.o
    0x08005f88   0x08005f88   0x0000001e   Code   RO         6095    i.USBD_CDC_SetTxBuffer  usbd_cdc.o
    0x08005fa6   0x08005fa6   0x000000ce   Code   RO         6096    i.USBD_CDC_Setup    usbd_cdc.o
    0x08006074   0x08006074   0x00000050   Code   RO         6097    i.USBD_CDC_TransmitPacket  usbd_cdc.o
    0x080060c4   0x080060c4   0x00000014   Code   RO         5774    i.USBD_ClrClassConfig  usbd_core.o
    0x080060d8   0x080060d8   0x00000004   Code   RO         5775    i.USBD_CoreFindEP   usbd_core.o
    0x080060dc   0x080060dc   0x00000004   Code   RO         5776    i.USBD_CoreFindIF   usbd_core.o
    0x080060e0   0x080060e0   0x00000010   Code   RO         6019    i.USBD_CtlContinueRx  usbd_ioreq.o
    0x080060f0   0x080060f0   0x00000010   Code   RO         6020    i.USBD_CtlContinueSendData  usbd_ioreq.o
    0x08006100   0x08006100   0x00000016   Code   RO         5938    i.USBD_CtlError     usbd_ctlreq.o
    0x08006116   0x08006116   0x0000001e   Code   RO         6021    i.USBD_CtlPrepareRx  usbd_ioreq.o
    0x08006134   0x08006134   0x00000016   Code   RO         6022    i.USBD_CtlReceiveStatus  usbd_ioreq.o
    0x0800614a   0x0800614a   0x0000001a   Code   RO         6023    i.USBD_CtlSendData  usbd_ioreq.o
    0x08006164   0x08006164   0x00000016   Code   RO         6024    i.USBD_CtlSendStatus  usbd_ioreq.o
    0x0800617a   0x0800617a   0x00000002   PAD
    0x0800617c   0x0800617c   0x00000020   Code   RO          647    i.USBD_FS_ConfigStrDescriptor  usbd_desc.o
    0x0800619c   0x0800619c   0x0000000c   Code   RO          648    i.USBD_FS_DeviceDescriptor  usbd_desc.o
    0x080061a8   0x080061a8   0x00000024   Code   RO          649    i.USBD_FS_InterfaceStrDescriptor  usbd_desc.o
    0x080061cc   0x080061cc   0x0000000c   Code   RO          650    i.USBD_FS_LangIDStrDescriptor  usbd_desc.o
    0x080061d8   0x080061d8   0x00000028   Code   RO          651    i.USBD_FS_ManufacturerStrDescriptor  usbd_desc.o
    0x08006200   0x08006200   0x0000002c   Code   RO          652    i.USBD_FS_ProductStrDescriptor  usbd_desc.o
    0x0800622c   0x0800622c   0x0000003c   Code   RO          653    i.USBD_FS_SerialStrDescriptor  usbd_desc.o
    0x08006268   0x08006268   0x000000fa   Code   RO         5939    i.USBD_GetDescriptor  usbd_ctlreq.o
    0x08006362   0x08006362   0x0000003a   Code   RO         5778    i.USBD_GetEpDesc    usbd_core.o
    0x0800639c   0x0800639c   0x00000014   Code   RO         5940    i.USBD_GetLen       usbd_ctlreq.o
    0x080063b0   0x080063b0   0x0000000e   Code   RO         5779    i.USBD_GetNextDesc  usbd_core.o
    0x080063be   0x080063be   0x0000004e   Code   RO         5941    i.USBD_GetString    usbd_ctlreq.o
    0x0800640c   0x0800640c   0x00000018   Code   RO          812    i.USBD_Get_USB_Status  usbd_conf.o
    0x08006424   0x08006424   0x00000026   Code   RO         5780    i.USBD_Init         usbd_core.o
    0x0800644a   0x0800644a   0x00000012   Code   RO          813    i.USBD_LL_ClearStallEP  usbd_conf.o
    0x0800645c   0x0800645c   0x00000012   Code   RO          814    i.USBD_LL_CloseEP   usbd_conf.o
    0x0800646e   0x0800646e   0x000000b8   Code   RO         5781    i.USBD_LL_DataInStage  usbd_core.o
    0x08006526   0x08006526   0x00000090   Code   RO         5782    i.USBD_LL_DataOutStage  usbd_core.o
    0x080065b6   0x080065b6   0x00000004   Code   RO         5783    i.USBD_LL_DevConnected  usbd_core.o
    0x080065ba   0x080065ba   0x00000020   Code   RO         5784    i.USBD_LL_DevDisconnected  usbd_core.o
    0x080065da   0x080065da   0x00000008   Code   RO          818    i.USBD_LL_GetRxDataSize  usbd_conf.o
    0x080065e2   0x080065e2   0x00000002   PAD
    0x080065e4   0x080065e4   0x00000064   Code   RO          819    i.USBD_LL_Init      usbd_conf.o
    0x08006648   0x08006648   0x0000001e   Code   RO          820    i.USBD_LL_IsStallEP  usbd_conf.o
    0x08006666   0x08006666   0x00000028   Code   RO         5785    i.USBD_LL_IsoINIncomplete  usbd_core.o
    0x0800668e   0x0800668e   0x00000028   Code   RO         5786    i.USBD_LL_IsoOUTIncomplete  usbd_core.o
    0x080066b6   0x080066b6   0x00000018   Code   RO          821    i.USBD_LL_OpenEP    usbd_conf.o
    0x080066ce   0x080066ce   0x00000012   Code   RO          822    i.USBD_LL_PrepareReceive  usbd_conf.o
    0x080066e0   0x080066e0   0x0000005e   Code   RO         5787    i.USBD_LL_Reset     usbd_core.o
    0x0800673e   0x0800673e   0x00000014   Code   RO         5788    i.USBD_LL_Resume    usbd_core.o
    0x08006752   0x08006752   0x0000001a   Code   RO         5789    i.USBD_LL_SOF       usbd_core.o
    0x0800676c   0x0800676c   0x00000006   Code   RO         5790    i.USBD_LL_SetSpeed  usbd_core.o
    0x08006772   0x08006772   0x00000012   Code   RO          823    i.USBD_LL_SetUSBAddress  usbd_conf.o
    0x08006784   0x08006784   0x00000060   Code   RO         5791    i.USBD_LL_SetupStage  usbd_core.o
    0x080067e4   0x080067e4   0x00000012   Code   RO          824    i.USBD_LL_StallEP   usbd_conf.o
    0x080067f6   0x080067f6   0x00000012   Code   RO          825    i.USBD_LL_Start     usbd_conf.o
    0x08006808   0x08006808   0x0000001a   Code   RO         5792    i.USBD_LL_Suspend   usbd_core.o
    0x08006822   0x08006822   0x00000012   Code   RO          827    i.USBD_LL_Transmit  usbd_conf.o
    0x08006834   0x08006834   0x0000002a   Code   RO         5942    i.USBD_ParseSetupRequest  usbd_ctlreq.o
    0x0800685e   0x0800685e   0x0000003a   Code   RO         5793    i.USBD_RegisterClass  usbd_core.o
    0x08006898   0x08006898   0x00000014   Code   RO         5795    i.USBD_SetClassConfig  usbd_core.o
    0x080068ac   0x080068ac   0x000000bc   Code   RO         5943    i.USBD_SetConfig    usbd_ctlreq.o
    0x08006968   0x08006968   0x00000004   Code   RO         5796    i.USBD_Start        usbd_core.o
    0x0800696c   0x0800696c   0x0000012e   Code   RO         5944    i.USBD_StdDevReq    usbd_ctlreq.o
    0x08006a9a   0x08006a9a   0x00000164   Code   RO         5945    i.USBD_StdEPReq     usbd_ctlreq.o
    0x08006bfe   0x08006bfe   0x00000074   Code   RO         5946    i.USBD_StdItfReq    usbd_ctlreq.o
    0x08006c72   0x08006c72   0x00000002   Code   RO          828    i.USBD_static_free  usbd_conf.o
    0x08006c74   0x08006c74   0x00000008   Code   RO          829    i.USBD_static_malloc  usbd_conf.o
    0x08006c7c   0x08006c7c   0x00000080   Code   RO         1315    i.USB_ActivateEndpoint  stm32h7xx_ll_usb.o
    0x08006cfc   0x08006cfc   0x0000001c   Code   RO         1317    i.USB_ActivateSetup  stm32h7xx_ll_usb.o
    0x08006d18   0x08006d18   0x00000098   Code   RO         1319    i.USB_CoreInit      stm32h7xx_ll_usb.o
    0x08006db0   0x08006db0   0x0000003c   Code   RO         1320    i.USB_CoreReset     stm32h7xx_ll_usb.o
    0x08006dec   0x08006dec   0x000000cc   Code   RO         1323    i.USB_DeactivateEndpoint  stm32h7xx_ll_usb.o
    0x08006eb8   0x08006eb8   0x0000001c   Code   RO         1324    i.USB_DevConnect    stm32h7xx_ll_usb.o
    0x08006ed4   0x08006ed4   0x0000001c   Code   RO         1325    i.USB_DevDisconnect  stm32h7xx_ll_usb.o
    0x08006ef0   0x08006ef0   0x0000016c   Code   RO         1326    i.USB_DevInit       stm32h7xx_ll_usb.o
    0x0800705c   0x0800705c   0x0000000c   Code   RO         1327    i.USB_DisableGlobalInt  stm32h7xx_ll_usb.o
    0x08007068   0x08007068   0x00000058   Code   RO         1330    i.USB_EP0_OutStart  stm32h7xx_ll_usb.o
    0x080070c0   0x080070c0   0x00000058   Code   RO         1331    i.USB_EPClearStall  stm32h7xx_ll_usb.o
    0x08007118   0x08007118   0x00000058   Code   RO         1332    i.USB_EPSetStall    stm32h7xx_ll_usb.o
    0x08007170   0x08007170   0x00000238   Code   RO         1333    i.USB_EPStartXfer   stm32h7xx_ll_usb.o
    0x080073a8   0x080073a8   0x0000009e   Code   RO         1334    i.USB_EPStopXfer    stm32h7xx_ll_usb.o
    0x08007446   0x08007446   0x0000000c   Code   RO         1335    i.USB_EnableGlobalInt  stm32h7xx_ll_usb.o
    0x08007452   0x08007452   0x00000038   Code   RO         1336    i.USB_FlushRxFifo   stm32h7xx_ll_usb.o
    0x0800748a   0x0800748a   0x0000003c   Code   RO         1337    i.USB_FlushTxFifo   stm32h7xx_ll_usb.o
    0x080074c6   0x080074c6   0x0000001a   Code   RO         1339    i.USB_GetDevSpeed   stm32h7xx_ll_usb.o
    0x080074e0   0x080074e0   0x00000008   Code   RO         1341    i.USB_GetMode       stm32h7xx_ll_usb.o
    0x080074e8   0x080074e8   0x0000000e   Code   RO         1349    i.USB_ReadDevAllInEpInterrupt  stm32h7xx_ll_usb.o
    0x080074f6   0x080074f6   0x0000000e   Code   RO         1350    i.USB_ReadDevAllOutEpInterrupt  stm32h7xx_ll_usb.o
    0x08007504   0x08007504   0x00000024   Code   RO         1351    i.USB_ReadDevInEPInterrupt  stm32h7xx_ll_usb.o
    0x08007528   0x08007528   0x00000010   Code   RO         1352    i.USB_ReadDevOutEPInterrupt  stm32h7xx_ll_usb.o
    0x08007538   0x08007538   0x00000008   Code   RO         1353    i.USB_ReadInterrupts  stm32h7xx_ll_usb.o
    0x08007540   0x08007540   0x00000040   Code   RO         1354    i.USB_ReadPacket    stm32h7xx_ll_usb.o
    0x08007580   0x08007580   0x0000005e   Code   RO         1356    i.USB_SetCurrentMode  stm32h7xx_ll_usb.o
    0x080075de   0x080075de   0x00000022   Code   RO         1357    i.USB_SetDevAddress  stm32h7xx_ll_usb.o
    0x08007600   0x08007600   0x000000e8   Code   RO         1359    i.USB_SetTurnaroundTime  stm32h7xx_ll_usb.o
    0x080076e8   0x080076e8   0x00000028   Code   RO         1362    i.USB_WritePacket   stm32h7xx_ll_usb.o
    0x08007710   0x08007710   0x00000002   Code   RO          503    i.UsageFault_Handler  stm32h7xx_it.o
    0x08007712   0x08007712   0x00000026   Code   RO         6413    i.__ARM_fpclassifyf  m_wv.l(fpclassifyf.o)
    0x08007738   0x08007738   0x00000022   Code   RO         2967    i.__NVIC_SetPriority  stm32h7xx_hal_cortex.o
    0x0800775a   0x0800775a   0x00000002   PAD
    0x0800775c   0x0800775c   0x00000194   Code   RO         6368    i.__hardfp_sinf     m_wv.l(sinf.o)
    0x080078f0   0x080078f0   0x00000006   Code   RO         6416    i.__mathlib_flt_infnan  m_wv.l(funder.o)
    0x080078f6   0x080078f6   0x00000002   PAD
    0x080078f8   0x080078f8   0x00000010   Code   RO         6418    i.__mathlib_flt_invalid  m_wv.l(funder.o)
    0x08007908   0x08007908   0x00000010   Code   RO         6421    i.__mathlib_flt_underflow  m_wv.l(funder.o)
    0x08007918   0x08007918   0x00000154   Code   RO         6429    i.__mathlib_rredf2  m_wv.l(rredf.o)
    0x08007a6c   0x08007a6c   0x0000000e   Code   RO         6487    i.__scatterload_copy  mc_w.l(handlers.o)
    0x08007a7a   0x08007a7a   0x00000002   Code   RO         6488    i.__scatterload_null  mc_w.l(handlers.o)
    0x08007a7c   0x08007a7c   0x0000000e   Code   RO         6489    i.__scatterload_zeroinit  mc_w.l(handlers.o)
    0x08007a8a   0x08007a8a   0x00000002   PAD
    0x08007a8c   0x08007a8c   0x0000000c   Code   RO         6457    i.__set_errno       mc_w.l(errno.o)
    0x08007a98   0x08007a98   0x00000118   Code   RO           15    i.main              main.o
    0x08007bb0   0x08007bb0   0x0000009c   Code   RO         6338    i.mydac_set_data    mydac.o
    0x08007c4c   0x08007c4c   0x00000034   Code   RO         6339    i.mydac_start_out   mydac.o
    0x08007c80   0x08007c80   0x000000d4   Code   RO         6279    i.usb_send_adc3_data  myadc.o
    0x08007d54   0x08007d54   0x00000008   Data   RO         2256    .constdata          stm32h7xx_hal_dma.o
    0x08007d5c   0x08007d5c   0x00000010   Data   RO         5739    .constdata          system_stm32h7xx.o
    0x08007d6c   0x08007d6c   0x00000020   Data   RO         6430    .constdata          m_wv.l(rredf.o)
    0x08007d8c   0x08007d8c   0x00000020   Data   RO         6485    Region$$Table       anon$$obj.o


    Execution Region RW_IRAM1 (Exec base: 0x20000000, Load base: 0x08007dac, Size: 0x00000000, Max: 0x00020000, ABSOLUTE)

    **** No section assigned to this execution region ****


    Execution Region RW_IRAM2 (Exec base: 0x24000000, Load base: 0x08007dac, Size: 0x000218c8, Max: 0x00080000, ABSOLUTE)

    Exec Addr    Load Addr    Size         Type   Attr      Idx    E Section Name        Object

    0x24000000   0x08007dac   0x00000020   Data   RW          655    .data               usbd_desc.o
    0x24000020   0x08007dcc   0x00000032   Data   RW          656    .data               usbd_desc.o
    0x24000052   0x08007dfe   0x00000002   PAD
    0x24000054   0x08007e00   0x00000014   Data   RW          741    .data               usbd_cdc_if.o
    0x24000068   0x08007e14   0x0000000c   Data   RW         3147    .data               stm32h7xx_hal.o
    0x24000074   0x08007e20   0x00000008   Data   RW         5740    .data               system_stm32h7xx.o
    0x2400007c   0x08007e28   0x00000001   Data   RW         5947    .data               usbd_ctlreq.o
    0x2400007d   0x08007e29   0x00000003   PAD
    0x24000080   0x08007e2c   0x00000053   Data   RW         6098    .data               usbd_cdc.o
    0x240000d3   0x08007e7f   0x00000001   PAD
    0x240000d4   0x08007e80   0x00000038   Data   RW         6099    .data               usbd_cdc.o
    0x2400010c   0x08007eb8   0x00000002   Data   RW         6282    .data               myadc.o
    0x2400010e   0x08007eba   0x00000002   PAD
    0x24000110   0x08007ebc   0x00000004   Data   RW         6458    .data               mc_w.l(errno.o)
    0x24000114        -       0x000000dc   Zero   RW          290    .bss                adc.o
    0x240001f0        -       0x0000008c   Zero   RW          356    .bss                dac.o
    0x2400027c        -       0x000000e4   Zero   RW          442    .bss                tim.o
    0x24000360        -       0x000002dc   Zero   RW          616    .bss                usb_device.o
    0x2400063c        -       0x00000200   Zero   RW          654    .bss                usbd_desc.o
    0x2400083c        -       0x00001000   Zero   RW          740    .bss                usbd_cdc_if.o
    0x2400183c        -       0x00000704   Zero   RW          830    .bss                usbd_conf.o
    0x24001f40        -       0x00002ee8   Zero   RW         6196    .bss                myusb.o
    0x24004e28        -       0x000186a0   Zero   RW         6197    .bss                myusb.o
    0x2401d4c8        -       0x00004000   Zero   RW         6281    .bss                myadc.o
    0x240214c8        -       0x00000400   Zero   RW            1    STACK               startup_stm32h750xx.o



  Load Region LR$$.ARM.__AT_0x30000000 (Base: 0x30000000, Size: 0x00000000, Max: 0x00001f40, ABSOLUTE)

    Execution Region ER$$.ARM.__AT_0x30000000 (Exec base: 0x30000000, Load base: 0x30000000, Size: 0x00001f40, Max: 0x00001f40, ABSOLUTE, UNINIT)

    Exec Addr    Load Addr    Size         Type   Attr      Idx    E Section Name        Object

    0x30000000        -       0x00001f40   Zero   RW         6340    .ARM.__AT_0x30000000  mydac.o



  Load Region LR$$.ARM.__AT_0x38000000 (Base: 0x38000000, Size: 0x00000000, Max: 0x00002000, ABSOLUTE)

    Execution Region ER$$.ARM.__AT_0x38000000 (Exec base: 0x38000000, Load base: 0x38000000, Size: 0x00002000, Max: 0x00002000, ABSOLUTE, UNINIT)

    Exec Addr    Load Addr    Size         Type   Attr      Idx    E Section Name        Object

    0x38000000        -       0x00002000   Zero   RW         6280    .ARM.__AT_0x38000000  myadc.o


==============================================================================

Image component sizes


      Code (inc. data)   RO Data    RW Data    ZI Data      Debug   Object Name

       400         34          0          0        220       2095   adc.o
        44          4          0          0          0        903   bdma.o
       248         32          0          0        140       1927   dac.o
        44          4          0          0          0        898   dma.o
        60          6          0          0          0        943   gpio.o
       512         28          0          0          0    1366099   main.o
       334         64          0          2      24576       3718   myadc.o
       208         40          0          0       8000       2173   mydac.o
         2          0          0          0          0       1033   mytime.o
       222          8          0          0     112008      38721   myusb.o
        36          8        664          0       1024        836   startup_stm32h750xx.o
       232         44          0         12          0      23428   stm32h7xx_hal.o
      2546        212          0          0          0      74566   stm32h7xx_hal_adc.o
       156         10          0          0          0      62266   stm32h7xx_hal_adc_ex.o
       354         28          0          0          0      41877   stm32h7xx_hal_cortex.o
       652         28          0          0          0       7282   stm32h7xx_hal_dac.o
        56          0          0          0          0       4101   stm32h7xx_hal_dac_ex.o
      4480        176          8          0          0       9951   stm32h7xx_hal_dma.o
       556         50          0          0          0       1656   stm32h7xx_hal_gpio.o
        28          6          0          0          0        934   stm32h7xx_hal_msp.o
      2626         16          0          0          0      13804   stm32h7xx_hal_pcd.o
       120          6          0          0          0       3295   stm32h7xx_hal_pcd_ex.o
       100         10          0          0          0       1358   stm32h7xx_hal_pwr_ex.o
      2480        102          0          0          0       8224   stm32h7xx_hal_rcc.o
      4776        174          0          0          0      10575   stm32h7xx_hal_rcc_ex.o
       770         64          0          0          0       7134   stm32h7xx_hal_tim.o
       170         30          0          0          0       3236   stm32h7xx_hal_tim_ex.o
        72         24          0          0          0       6079   stm32h7xx_it.o
      2708        118          0          0          0      23368   stm32h7xx_ll_usb.o
       220         40         16          8          0       1506   system_stm32h7xx.o
       312         48          0          0        228       2982   tim.o
        84         18          0          0        732        800   usb_device.o
      1284         40          0        139          0      14605   usbd_cdc.o
       116         22          0         20       4096       4058   usbd_cdc_if.o
       674         30          0          0       1796      16964   usbd_conf.o
       932          0          0          0          0      15567   usbd_core.o
      1384         22          0          1          0      15632   usbd_ctlreq.o
       292        106          0         82        512       6397   usbd_desc.o
       132          0          0          0          0       4660   usbd_ioreq.o

    ----------------------------------------------------------------------
     30458       1652        720        272     153332    1805651   Object Totals
         0          0         32          0          0          0   (incl. Generated)
        36          0          0          8          0          0   (incl. Padding)

    ----------------------------------------------------------------------

      Code (inc. data)   RO Data    RW Data    ZI Data      Debug   Library Member Name

        38          0          0          0          0        116   fpclassifyf.o
        38         12          0          0          0        348   funder.o
       340         24         32          0          0        160   rredf.o
       404         60          0          0          0        212   sinf.o
         0          0          0          0          0          0   entry.o
         0          0          0          0          0          0   entry10a.o
         0          0          0          0          0          0   entry11a.o
         4          0          0          0          0          0   entry12b.o
         8          4          0          0          0          0   entry2.o
         4          0          0          0          0          0   entry5.o
         0          0          0          0          0          0   entry7b.o
         0          0          0          0          0          0   entry8b.o
         8          4          0          0          0          0   entry9a.o
        12          6          0          4          0         68   errno.o
        30          0          0          0          0          0   handlers.o
        36          8          0          0          0         68   init.o
         0          0          0          0          0          0   iusefp.o
        36          0          0          0          0        108   memseta.o

    ----------------------------------------------------------------------
       962        118         32          4          0       1080   Library Totals
         4          0          0          0          0          0   (incl. Padding)

    ----------------------------------------------------------------------

      Code (inc. data)   RO Data    RW Data    ZI Data      Debug   Library Name

       820         96         32          0          0        836   m_wv.l
       138         22          0          4          0        244   mc_w.l

    ----------------------------------------------------------------------
       962        118         32          4          0       1080   Library Totals

    ----------------------------------------------------------------------

==============================================================================


      Code (inc. data)   RO Data    RW Data    ZI Data      Debug   

     31420       1770        752        276     153332    1781235   Grand Totals
     31420       1770        752        276     153332    1781235   ELF Image Totals
     31420       1770        752        276          0          0   ROM Totals

==============================================================================

    Total RO  Size (Code + RO Data)                32172 (  31.42kB)
    Total RW  Size (RW Data + ZI Data)            153608 ( 150.01kB)
    Total ROM Size (Code + RO Data + RW Data)      32448 (  31.69kB)

==============================================================================

