<html>
<body>
<pre>
<h1>�Vision Build Log</h1>
<h2>Tool Versions:</h2>
IDE-Version: ��Vision V5.41.0.0
Copyright (C) 2024 ARM Ltd and ARM Germany GmbH. All rights reserved.
License Information: s19201080165@outlook.com,    , LIC=32B1Q-NSWD4-RAMDM-X28GX-3FT8K-SCIBX
 
Tool Versions:
Toolchain:       MDK-ARM Plus  Version: 5.41.0.0
Toolchain Path:  E:\AppData\KEIL\Keil_v5\ARM\ARMCLANG\Bin
C Compiler:      ArmClang.exe V6.22
Assembler:       Armasm.exe V6.22
Linker/Locator:  ArmLink.exe V6.22
Library Manager: ArmAr.exe V6.22
Hex Converter:   FromElf.exe V6.22
CPU DLL:         SARMCM3.DLL V5.41.0.0
Dialog DLL:      DCM.DLL V1.17.5.0
Target DLL:      Segger\JL2CM3.dll V2.99.45.0
Dialog DLL:      TCM.DLL V1.56.4.0
 
<h2>Project:</h2>
C:\Users\s1920\Desktop\SD card\SDexp\MDK-ARM\SDexp.uvprojx
Project File Date:  09/16/2025

<h2>Output:</h2>
*** Using Compiler 'V6.22', folder: 'E:\AppData\KEIL\Keil_v5\ARM\ARMCLANG\Bin'
Rebuild target 'SDexp'
compiling stm32f4xx_hal_msp.c...
compiling gpio.c...
../Core/Src/main.c(172): warning: illegal character encoding in string literal [-Winvalid-source-encoding]
  172 |     printf("<B9><D2><D4><D8><CE>ļ<FE>ϵͳʧ<B0><DC>\r\n");
      |             ^~~~~~~~~~~~~~~~~~~~ ~~~~   ~~~~~~~~
../Core/Src/main.c(183): warning: illegal character encoding in string literal [-Winvalid-source-encoding]
  183 |     printf("<CE>ļ<FE>д<C8><EB><B3>ɹ<A6>\r\n");
      |             ^~~~ ~~~~ ~~~~~~~~~~~~ ~~~~
../Core/Src/main.c(193): warning: illegal character encoding in string literal [-Winvalid-source-encoding]
  193 |     printf("<CE>ļ<FE><B6><C1>ȡ<B3>ɹ<A6>\r\n");
      |             ^~~~ ~~~~~~~~~~~~ ~~~~ ~~~~
../Core/Src/main.c(198): warning: illegal character encoding in string literal [-Winvalid-source-encoding]
  198 |     printf("<CE>ļ<FE><B4><F2><BF><AA>ʧ<B0><DC>\r\n");
      |             ^~~~ ~~~~~~~~~~~~~~~~~~~~ ~~~~~~~~
4 warnings generated.
compiling main.c...
compiling stm32f4xx_it.c...
compiling usart.c...
assembling startup_stm32f407xx.s...
compiling stm32f4xx_hal_flash.c...
compiling stm32f4xx_hal_rcc_ex.c...
compiling stm32f4xx_hal_flash_ramfunc.c...
compiling sdio.c...
compiling stm32f4xx_hal_flash_ex.c...
compiling stm32f4xx_hal_pwr_ex.c...
compiling stm32f4xx_hal_dma_ex.c...
compiling stm32f4xx_hal_pwr.c...
compiling stm32f4xx_hal_gpio.c...
compiling stm32f4xx_hal_rcc.c...
compiling stm32f4xx_hal_dma.c...
compiling stm32f4xx_hal_cortex.c...
compiling stm32f4xx_hal.c...
compiling stm32f4xx_hal_mmc.c...
compiling stm32f4xx_hal_exti.c...
compiling system_stm32f4xx.c...
compiling sd_diskio.c...
compiling bsp_driver_sd.c...
compiling fatfs.c...
compiling syscall.c...
compiling ff_gen_drv.c...
compiling diskio.c...
compiling stm32f4xx_ll_sdmmc.c...
compiling stm32f4xx_hal_sd.c...
compiling stm32f4xx_hal_uart.c...
compiling ff.c...
linking...
Program Size: Code=18584 RO-data=620 RW-data=16 ZI-data=2512  
FromELF: creating hex file...
"SDexp\SDexp.axf" - 0 Error(s), 4 Warning(s).

<h2>Software Packages used:</h2>

Package Vendor: ARM
                https://www.keil.com/pack/ARM.CMSIS.6.2.0.pack
                ARM::CMSIS@6.2.0
                CMSIS (Common Microcontroller Software Interface Standard)
   * Component: CORE Version: 6.1.1

Package Vendor: Keil
                https://www.keil.com/pack/Keil.STM32F4xx_DFP.3.1.1.pack
                Keil::STM32F4xx_DFP@3.1.1
                STMicroelectronics STM32F4 Series Device Support

<h2>Collection of Component include folders:</h2>
  ./RTE/_SDexp
  E:/AppData/KEIL/Arm/Packs/ARM/CMSIS/6.2.0/CMSIS/Core/Include

<h2>Collection of Component Files used:</h2>

   * Component: ARM::CMSIS:CORE@6.1.1
      Include file:  CMSIS/Core/Include/tz_context.h
Build Time Elapsed:  00:00:03
</pre>
</body>
</html>
