Component: ARM Compiler 5.06 update 7 (build 960) Tool: armlink [4d3601]

==============================================================================

Section Cross References

    startup_stm32f407xx.o(STACK) refers (Special) to heapauxi.o(.text) for __use_two_region_memory
    startup_stm32f407xx.o(HEAP) refers (Special) to heapauxi.o(.text) for __use_two_region_memory
    startup_stm32f407xx.o(RESET) refers (Special) to heapauxi.o(.text) for __use_two_region_memory
    startup_stm32f407xx.o(RESET) refers to startup_stm32f407xx.o(STACK) for __initial_sp
    startup_stm32f407xx.o(RESET) refers to startup_stm32f407xx.o(.text) for Reset_Handler
    startup_stm32f407xx.o(RESET) refers to stm32f4xx_it.o(i.NMI_Handler) for NMI_Handler
    startup_stm32f407xx.o(RESET) refers to stm32f4xx_it.o(i.HardFault_Handler) for HardFault_Handler
    startup_stm32f407xx.o(RESET) refers to stm32f4xx_it.o(i.MemManage_Handler) for MemManage_Handler
    startup_stm32f407xx.o(RESET) refers to stm32f4xx_it.o(i.BusFault_Handler) for BusFault_Handler
    startup_stm32f407xx.o(RESET) refers to stm32f4xx_it.o(i.UsageFault_Handler) for UsageFault_Handler
    startup_stm32f407xx.o(RESET) refers to stm32f4xx_it.o(i.SVC_Handler) for SVC_Handler
    startup_stm32f407xx.o(RESET) refers to stm32f4xx_it.o(i.DebugMon_Handler) for DebugMon_Handler
    startup_stm32f407xx.o(RESET) refers to stm32f4xx_it.o(i.PendSV_Handler) for PendSV_Handler
    startup_stm32f407xx.o(RESET) refers to stm32f4xx_it.o(i.SysTick_Handler) for SysTick_Handler
    startup_stm32f407xx.o(RESET) refers to stm32f4xx_it.o(i.SDIO_IRQHandler) for SDIO_IRQHandler
    startup_stm32f407xx.o(.text) refers (Special) to heapauxi.o(.text) for __use_two_region_memory
    startup_stm32f407xx.o(.text) refers to system_stm32f4xx.o(i.SystemInit) for SystemInit
    startup_stm32f407xx.o(.text) refers to __main.o(!!!main) for __main
    startup_stm32f407xx.o(.text) refers to startup_stm32f407xx.o(HEAP) for Heap_Mem
    startup_stm32f407xx.o(.text) refers to startup_stm32f407xx.o(STACK) for Stack_Mem
    main.o(i.SystemClock_Config) refers to rt_memclr_w.o(.text) for __aeabi_memclr4
    main.o(i.SystemClock_Config) refers to stm32f4xx_hal_rcc.o(i.HAL_RCC_OscConfig) for HAL_RCC_OscConfig
    main.o(i.SystemClock_Config) refers to stm32f4xx_hal_rcc.o(i.HAL_RCC_ClockConfig) for HAL_RCC_ClockConfig
    main.o(i.main) refers to _printf_percent.o(.ARM.Collect$$_printf_percent$$00000000) for _printf_percent
    main.o(i.main) refers to _printf_u.o(.ARM.Collect$$_printf_percent$$0000000A) for _printf_u
    main.o(i.main) refers to _printf_s.o(.ARM.Collect$$_printf_percent$$00000014) for _printf_s
    main.o(i.main) refers to _printf_dec.o(.text) for _printf_int_dec
    main.o(i.main) refers to _printf_str.o(.text) for _printf_str
    main.o(i.main) refers to stm32f4xx_hal.o(i.HAL_Init) for HAL_Init
    main.o(i.main) refers to main.o(i.SystemClock_Config) for SystemClock_Config
    main.o(i.main) refers to gpio.o(i.MX_GPIO_Init) for MX_GPIO_Init
    main.o(i.main) refers to sdio.o(i.MX_SDIO_SD_Init) for MX_SDIO_SD_Init
    main.o(i.main) refers to fatfs.o(i.MX_FATFS_Init) for MX_FATFS_Init
    main.o(i.main) refers to ff.o(i.f_mount) for f_mount
    main.o(i.main) refers to noretval__2printf.o(.text) for __2printf
    main.o(i.main) refers to ff.o(i.f_open) for f_open
    main.o(i.main) refers to ff.o(i.f_read) for f_read
    main.o(i.main) refers to ff.o(i.f_close) for f_close
    main.o(i.main) refers to strlen.o(.text) for strlen
    main.o(i.main) refers to ff.o(i.f_write) for f_write
    main.o(i.main) refers to fatfs.o(.data) for SDPath
    main.o(i.main) refers to fatfs.o(.bss) for SDFatFS
    main.o(i.main) refers to fatfs.o(.bss) for SDFile
    sdio.o(i.HAL_SD_MspDeInit) refers to stm32f4xx_hal_gpio.o(i.HAL_GPIO_DeInit) for HAL_GPIO_DeInit
    sdio.o(i.HAL_SD_MspDeInit) refers to stm32f4xx_hal_cortex.o(i.HAL_NVIC_DisableIRQ) for HAL_NVIC_DisableIRQ
    sdio.o(i.HAL_SD_MspInit) refers to rt_memclr_w.o(.text) for __aeabi_memclr4
    sdio.o(i.HAL_SD_MspInit) refers to stm32f4xx_hal_gpio.o(i.HAL_GPIO_Init) for HAL_GPIO_Init
    sdio.o(i.HAL_SD_MspInit) refers to stm32f4xx_hal_cortex.o(i.HAL_NVIC_SetPriority) for HAL_NVIC_SetPriority
    sdio.o(i.HAL_SD_MspInit) refers to stm32f4xx_hal_cortex.o(i.HAL_NVIC_EnableIRQ) for HAL_NVIC_EnableIRQ
    sdio.o(i.MX_SDIO_SD_Init) refers to stm32f4xx_hal_sd.o(i.HAL_SD_Init) for HAL_SD_Init
    sdio.o(i.MX_SDIO_SD_Init) refers to stm32f4xx_hal_sd.o(i.HAL_SD_ConfigWideBusOperation) for HAL_SD_ConfigWideBusOperation
    sdio.o(i.MX_SDIO_SD_Init) refers to sdio.o(.bss) for .bss
    sdio.o(i.MX_SDIO_SD_Init) refers to sdio.o(.data) for .data
    stm32f4xx_it.o(i.SDIO_IRQHandler) refers to stm32f4xx_hal_sd.o(i.HAL_SD_IRQHandler) for HAL_SD_IRQHandler
    stm32f4xx_it.o(i.SDIO_IRQHandler) refers to sdio.o(.bss) for hsd
    stm32f4xx_it.o(i.SysTick_Handler) refers to stm32f4xx_hal.o(i.HAL_IncTick) for HAL_IncTick
[...]
    i.SDMMC_GetCmdResp1                      0x080028f8   Section        0  stm32f4xx_ll_sdmmc.o(i.SDMMC_GetCmdResp1)
    i.SDMMC_GetCmdResp2                      0x08002a18   Section        0  stm32f4xx_ll_sdmmc.o(i.SDMMC_GetCmdResp2)
    i.SDMMC_GetCmdResp3                      0x08002a68   Section        0  stm32f4xx_ll_sdmmc.o(i.SDMMC_GetCmdResp3)
    i.SDMMC_GetCmdResp6                      0x08002aac   Section        0  stm32f4xx_ll_sdmmc.o(i.SDMMC_GetCmdResp6)
    i.SDMMC_GetCmdResp7                      0x08002b34   Section        0  stm32f4xx_ll_sdmmc.o(i.SDMMC_GetCmdResp7)
    i.SD_CheckStatus                         0x08002b8c   Section        0  sd_diskio.o(i.SD_CheckStatus)
    SD_CheckStatus                           0x08002b8d   Thumb Code    26  sd_diskio.o(i.SD_CheckStatus)
    i.SD_DMARxAbort                          0x08002bac   Section        0  stm32f4xx_hal_sd.o(i.SD_DMARxAbort)
    SD_DMARxAbort                            0x08002bad   Thumb Code    68  stm32f4xx_hal_sd.o(i.SD_DMARxAbort)
    i.SD_DMATxAbort                          0x08002bf0   Section        0  stm32f4xx_hal_sd.o(i.SD_DMATxAbort)
    SD_DMATxAbort                            0x08002bf1   Thumb Code    68  stm32f4xx_hal_sd.o(i.SD_DMATxAbort)
    i.SD_FindSCR                             0x08002c34   Section        0  stm32f4xx_hal_sd.o(i.SD_FindSCR)
    SD_FindSCR                               0x08002c35   Thumb Code   224  stm32f4xx_hal_sd.o(i.SD_FindSCR)
    i.SD_InitCard                            0x08002d14   Section        0  stm32f4xx_hal_sd.o(i.SD_InitCard)
    SD_InitCard                              0x08002d15   Thumb Code   238  stm32f4xx_hal_sd.o(i.SD_InitCard)
    i.SD_PowerON                             0x08002e04   Section        0  stm32f4xx_hal_sd.o(i.SD_PowerON)
    SD_PowerON                               0x08002e05   Thumb Code   174  stm32f4xx_hal_sd.o(i.SD_PowerON)
    i.SD_initialize                          0x08002eb8   Section        0  sd_diskio.o(i.SD_initialize)
    i.SD_ioctl                               0x08002ed8   Section        0  sd_diskio.o(i.SD_ioctl)
    i.SD_read                                0x08002f28   Section        0  sd_diskio.o(i.SD_read)
    i.SD_status                              0x08002f4e   Section        0  sd_diskio.o(i.SD_status)
    i.SD_write                               0x08002f54   Section        0  sd_diskio.o(i.SD_write)
    i.SVC_Handler                            0x08002f7a   Section        0  stm32f4xx_it.o(i.SVC_Handler)
    i.SysTick_Handler                        0x08002f7c   Section        0  stm32f4xx_it.o(i.SysTick_Handler)
    i.SystemClock_Config                     0x08002f80   Section        0  main.o(i.SystemClock_Config)
    i.SystemInit                             0x08003014   Section        0  system_stm32f4xx.o(i.SystemInit)
    i.UsageFault_Handler                     0x08003024   Section        0  stm32f4xx_it.o(i.UsageFault_Handler)
    i.__NVIC_SetPriority                     0x08003026   Section        0  stm32f4xx_hal_cortex.o(i.__NVIC_SetPriority)
    __NVIC_SetPriority                       0x08003027   Thumb Code    32  stm32f4xx_hal_cortex.o(i.__NVIC_SetPriority)
    i.check_fs                               0x08003048   Section        0  ff.o(i.check_fs)
    check_fs                                 0x08003049   Thumb Code   102  ff.o(i.check_fs)
    i.chk_lock                               0x080030b8   Section        0  ff.o(i.chk_lock)
    chk_lock                                 0x080030b9   Thumb Code    86  ff.o(i.chk_lock)
    i.clear_lock                             0x08003114   Section        0  ff.o(i.clear_lock)
    clear_lock                               0x08003115   Thumb Code    28  ff.o(i.clear_lock)
    i.clmt_clust                             0x08003134   Section        0  ff.o(i.clmt_clust)
    clmt_clust                               0x08003135   Thumb Code    36  ff.o(i.clmt_clust)
    i.clust2sect                             0x08003158   Section        0  ff.o(i.clust2sect)
    clust2sect                               0x08003159   Thumb Code    24  ff.o(i.clust2sect)
    i.create_chain                           0x08003170   Section        0  ff.o(i.create_chain)
    create_chain                             0x08003171   Thumb Code   164  ff.o(i.create_chain)
    i.create_name                            0x08003214   Section        0  ff.o(i.create_name)
    create_name                              0x08003215   Thumb Code   168  ff.o(i.create_name)
    i.dec_lock                               0x080032d0   Section        0  ff.o(i.dec_lock)
    dec_lock                                 0x080032d1   Thumb Code    48  ff.o(i.dec_lock)
    i.dir_find                               0x08003304   Section        0  ff.o(i.dir_find)
    dir_find                                 0x08003305   Thumb Code   100  ff.o(i.dir_find)
    i.dir_next                               0x08003368   Section        0  ff.o(i.dir_next)
    dir_next                                 0x08003369   Thumb Code   244  ff.o(i.dir_next)
    i.dir_register                           0x0800345c   Section        0  ff.o(i.dir_register)
    dir_register                             0x0800345d   Thumb Code   102  ff.o(i.dir_register)
    i.dir_sdi                                0x080034c2   Section        0  ff.o(i.dir_sdi)
    dir_sdi                                  0x080034c3   Thumb Code   130  ff.o(i.dir_sdi)
    i.disk_initialize                        0x08003544   Section        0  diskio.o(i.disk_initialize)
    i.disk_ioctl                             0x08003570   Section        0  diskio.o(i.disk_ioctl)
    i.disk_read                              0x0800358c   Section        0  diskio.o(i.disk_read)
    i.disk_status                            0x080035a8   Section        0  diskio.o(i.disk_status)
    i.disk_write                             0x080035c0   Section        0  diskio.o(i.disk_write)
    i.f_close                                0x080035dc   Section        0  ff.o(i.f_close)
    i.f_mount                                0x08003604   Section        0  ff.o(i.f_mount)
    i.f_open                                 0x0800365c   Section        0  ff.o(i.f_open)
    i.f_read                                 0x08003868   Section        0  ff.o(i.f_read)
    i.f_sync                                 0x080039ba   Section        0  ff.o(i.f_sync)
    i.f_write                                0x08003a48   Section        0  ff.o(i.f_write)
    i.find_volume                            0x08003bd8   Section        0  ff.o(i.find_volume)
    find_volume                              0x08003bd9   Thumb Code   582  ff.o(i.find_volume)
    i.follow_path                            0x08003e2c   Section        0  ff.o(i.follow_path)
    follow_path                              0x08003e2d   Thumb Code   116  ff.o(i.follow_path)
    i.fputc                                  0x08003ea0   Section        0  fputc.o(i.fputc)
    i.get_fat                                0x08003eba   Section        0  ff.o(i.get_fat)
    get_fat                                  0x08003ebb   Thumb Code   190  ff.o(i.get_fat)
    i.get_fattime                            0x08003f78   Section        0  fatfs.o(i.get_fattime)
    i.get_ldnumber                           0x08003f7c   Section        0  ff.o(i.get_ldnumber)
    get_ldnumber                             0x08003f7d   Thumb Code    60  ff.o(i.get_ldnumber)
    i.inc_lock                               0x08003fb8   Section        0  ff.o(i.inc_lock)
    inc_lock                                 0x08003fb9   Thumb Code   124  ff.o(i.inc_lock)
    i.ld_clust                               0x08004038   Section        0  ff.o(i.ld_clust)
    ld_clust                                 0x08004039   Thumb Code    38  ff.o(i.ld_clust)
    i.ld_dword                               0x0800405e   Section        0  ff.o(i.ld_dword)
    ld_dword                                 0x0800405f   Thumb Code    22  ff.o(i.ld_dword)
    i.ld_word                                0x08004074   Section        0  ff.o(i.ld_word)
    ld_word                                  0x08004075   Thumb Code    10  ff.o(i.ld_word)
    i.main                                   0x08004080   Section        0  main.o(i.main)
    i.mem_cpy                                0x080042c0   Section        0  ff.o(i.mem_cpy)
    mem_cpy                                  0x080042c1   Thumb Code    18  ff.o(i.mem_cpy)
    i.mem_set                                0x080042d4   Section        0  ff.o(i.mem_set)
    mem_set                                  0x080042d5   Thumb Code    14  ff.o(i.mem_set)
    i.move_window                            0x080042e2   Section        0  ff.o(i.move_window)
    move_window                              0x080042e3   Thumb Code    50  ff.o(i.move_window)
    i.put_fat                                0x08004314   Section        0  ff.o(i.put_fat)
    put_fat                                  0x08004315   Thumb Code   234  ff.o(i.put_fat)
    i.remove_chain                           0x080043fe   Section        0  ff.o(i.remove_chain)
    remove_chain                             0x080043ff   Thumb Code   116  ff.o(i.remove_chain)
    i.st_clust                               0x08004472   Section        0  ff.o(i.st_clust)
    st_clust                                 0x08004473   Thumb Code    40  ff.o(i.st_clust)
    i.st_dword                               0x0800449a   Section        0  ff.o(i.st_dword)
    st_dword                                 0x0800449b   Thumb Code    16  ff.o(i.st_dword)
    i.st_word                                0x080044aa   Section        0  ff.o(i.st_word)
    st_word                                  0x080044ab   Thumb Code     8  ff.o(i.st_word)
    i.sync_fs                                0x080044b4   Section        0  ff.o(i.sync_fs)
    sync_fs                                  0x080044b5   Thumb Code   126  ff.o(i.sync_fs)
    i.sync_window                            0x0800453c   Section        0  ff.o(i.sync_window)
    sync_window                              0x0800453d   Thumb Code    82  ff.o(i.sync_window)
    i.validate                               0x0800458e   Section        0  ff.o(i.validate)
    validate                                 0x0800458f   Thumb Code    52  ff.o(i.validate)
    x$fpl$fpinit                             0x080045c2   Section       10  fpinit.o(x$fpl$fpinit)
    $v0                                      0x080045c2   Number         0  fpinit.o(x$fpl$fpinit)
    .constdata                               0x080045cc   Section       20  sd_diskio.o(.constdata)
    .constdata                               0x080045e0   Section       16  system_stm32f4xx.o(.constdata)
    .constdata                               0x080045f0   Section      156  ff.o(.constdata)
    ExCvt                                    0x080045f0   Data         128  ff.o(.constdata)
    cst                                      0x08004670   Data          14  ff.o(.constdata)
    cst32                                    0x0800467e   Data          14  ff.o(.constdata)
    .constdata                               0x0800468c   Section        4  sys_io.o(.constdata)
    .constdata                               0x08004690   Section        4  sys_io.o(.constdata)
    .constdata                               0x08004694   Section        4  sys_io.o(.constdata)
    .data                                    0x20000000   Section        1  sdio.o(.data)
    .data                                    0x20000001   Section        1  sd_diskio.o(.data)
    Stat                                     0x20000001   Data           1  sd_diskio.o(.data)
    .data                                    0x20000002   Section        5  fatfs.o(.data)
    .data                                    0x20000008   Section       12  stm32f4xx_hal.o(.data)
    .data                                    0x20000014   Section        4  system_stm32f4xx.o(.data)
    .data                                    0x20000018   Section        8  ff.o(.data)
    Fsid                                     0x20000018   Data           2  ff.o(.data)
    FatFs                                    0x2000001c   Data           4  ff.o(.data)
    .data                                    0x20000020   Section        4  stdio_streams.o(.data)
    .data                                    0x20000024   Section        4  stdio_streams.o(.data)
    .data                                    0x20000028   Section        4  stdio_streams.o(.data)
    .bss                                     0x2000002c   Section      132  sdio.o(.bss)
    .bss                                     0x200000b0   Section      560  fatfs.o(.bss)
    .bss                                     0x200002e0   Section      560  fatfs.o(.bss)
    .bss                                     0x20000510   Section       32  ff.o(.bss)
    Files                                    0x20000510   Data          32  ff.o(.bss)
    .bss                                     0x20000530   Section       12  ff_gen_drv.o(.bss)
    .bss                                     0x2000053c   Section       84  stdio_streams.o(.bss)
    .bss                                     0x20000590   Section       84  stdio_streams.o(.bss)
    .bss                                     0x200005e4   Section       84  stdio_streams.o(.bss)
    .bss                                     0x20000638   Section       96  libspace.o(.bss)
    HEAP                                     0x20000698   Section      512  startup_stm32f407xx.o(HEAP)
    Heap_Mem                                 0x20000698   Data         512  startup_stm32f407xx.o(HEAP)
    STACK                                    0x20000898   Section     1024  startup_stm32f407xx.o(STACK)
    Stack_Mem                                0x20000898   Data        1024  startup_stm32f407xx.o(STACK)
    __initial_sp                             0x20000c98   Data           0  startup_stm32f407xx.o(STACK)

    Global Symbols

    Symbol Name                              Value     Ov Type        Size  Object(Section)

    BuildAttributes$$THM_ISAv4$E$P$D$K$B$S$7EM$VFPi3$EXTD16$VFPS$VFMA$PE$A:L22UL41UL21$X:L11$S22US41US21$IEEE1$IW$USESV6$~STKCKD$USESV7$~SHL$OTIME$ROPI$EBA8$UX$STANDARDLIB$REQ8$PRES8$EABIv2 0x00000000   Number         0  anon$$obj.o ABSOLUTE
    __ARM_use_no_argv                        0x00000000   Number         0  main.o ABSOLUTE
    __ARM_exceptions_init                     - Undefined Weak Reference
    __alloca_initialize                       - Undefined Weak Reference
    __arm_fini_                               - Undefined Weak Reference
    __arm_preinit_                            - Undefined Weak Reference
    __cpp_initialize__aeabi_                  - Undefined Weak Reference
    __cxa_finalize                            - Undefined Weak Reference
    __rt_locale                               - Undefined Weak Reference
    __sigvec_lookup                           - Undefined Weak Reference
    __user_heap_extent                        - Undefined Weak Reference
    _atexit_init                              - Undefined Weak Reference
    _call_atexit_fns                          - Undefined Weak Reference
    _clock_init                               - Undefined Weak Reference
    _fp_trap_init                             - Undefined Weak Reference
    _fp_trap_shutdown                         - Undefined Weak Reference
    _get_lc_collate                           - Undefined Weak Reference
    _get_lc_ctype                             - Undefined Weak Reference
    _get_lc_monetary                          - Undefined Weak Reference
    _get_lc_numeric                           - Undefined Weak Reference
    _get_lc_time                              - Undefined Weak Reference
    _getenv_init                              - Undefined Weak Reference
    _handle_redirection                       - Undefined Weak Reference
    _mutex_acquire                            - Undefined Weak Reference
    _mutex_free                               - Undefined Weak Reference
    _mutex_release                            - Undefined Weak Reference
    _printf_mbtowc                            - Undefined Weak Reference
    _printf_post_padding                      - Undefined Weak Reference
    _printf_pre_padding                       - Undefined Weak Reference
    _printf_truncate_signed                   - Undefined Weak Reference
    _printf_truncate_unsigned                 - Undefined Weak Reference
    _rand_init                                - Undefined Weak Reference
    _signal_finish                            - Undefined Weak Reference
    _signal_init                              - Undefined Weak Reference
    __Vectors_Size                           0x00000188   Number         0  startup_stm32f407xx.o ABSOLUTE
    __Vectors                                0x08000000   Data           4  startup_stm32f407xx.o(RESET)
    __Vectors_End                            0x08000188   Data           0  startup_stm32f407xx.o(RESET)
    __main                                   0x08000189   Thumb Code     8  __main.o(!!!main)
    __scatterload                            0x08000191   Thumb Code     0  __scatter.o(!!!scatter)
    __scatterload_rt2                        0x08000191   Thumb Code    44  __scatter.o(!!!scatter)
    __scatterload_rt2_thumb_only             0x08000191   Thumb Code     0  __scatter.o(!!!scatter)
    __scatterload_null                       0x0800019f   Thumb Code     0  __scatter.o(!!!scatter)
    __scatterload_copy                       0x080001c5   Thumb Code    26  __scatter_copy.o(!!handler_copy)
    __scatterload_zeroinit                   0x080001e1   Thumb Code    28  __scatter_zi.o(!!handler_zi)
    _printf_percent                          0x080001fd   Thumb Code     0  _printf_percent.o(.ARM.Collect$$_printf_percent$$00000000)
    _printf_u                                0x080001fd   Thumb Code     0  _printf_u.o(.ARM.Collect$$_printf_percent$$0000000A)
    _printf_s                                0x08000203   Thumb Code     0  _printf_s.o(.ARM.Collect$$_printf_percent$$00000014)
    _printf_percent_end                      0x08000209   Thumb Code     0  _printf_percent_end.o(.ARM.Collect$$_printf_percent$$00000017)
    __rt_lib_init                            0x0800020d   Thumb Code     0  libinit.o(.ARM.Collect$$libinit$$00000000)
    __rt_lib_init_fp_1                       0x0800020f   Thumb Code     0  libinit2.o(.ARM.Collect$$libinit$$00000001)
    __rt_lib_init_heap_2                     0x08000213   Thumb Code     0  libinit2.o(.ARM.Collect$$libinit$$00000005)
    __rt_lib_init_preinit_1                  0x08000213   Thumb Code     0  libinit2.o(.ARM.Collect$$libinit$$00000004)
    __rt_lib_init_atexit_1                   0x0800021b   Thumb Code     0  libinit2.o(.ARM.Collect$$libinit$$0000001B)
    __rt_lib_init_clock_1                    0x0800021b   Thumb Code     0  libinit2.o(.ARM.Collect$$libinit$$00000021)
    __rt_lib_init_fp_trap_1                  0x0800021b   Thumb Code     0  libinit2.o(.ARM.Collect$$libinit$$0000001F)
    __rt_lib_init_getenv_1                   0x0800021b   Thumb Code     0  libinit2.o(.ARM.Collect$$libinit$$00000023)
    __rt_lib_init_heap_1                     0x0800021b   Thumb Code     0  libinit2.o(.ARM.Collect$$libinit$$0000000A)
    __rt_lib_init_lc_collate_1               0x0800021b   Thumb Code     0  libinit2.o(.ARM.Collect$$libinit$$00000011)
    __rt_lib_init_lc_ctype_1                 0x0800021b   Thumb Code     0  libinit2.o(.ARM.Collect$$libinit$$00000013)
    __rt_lib_init_lc_monetary_1              0x0800021b   Thumb Code     0  libinit2.o(.ARM.Collect$$libinit$$00000015)
    __rt_lib_init_lc_numeric_1               0x0800021b   Thumb Code     0  libinit2.o(.ARM.Collect$$libinit$$00000017)
    __rt_lib_init_lc_time_1                  0x0800021b   Thumb Code     0  libinit2.o(.ARM.Collect$$libinit$$00000019)
    __rt_lib_init_rand_1                     0x0800021b   Thumb Code     0  libinit2.o(.ARM.Collect$$libinit$$0000000E)
    __rt_lib_init_signal_1                   0x0800021b   Thumb Code     0  libinit2.o(.ARM.Collect$$libinit$$0000001D)
    __rt_lib_init_stdio_2                    0x0800021b   Thumb Code     0  libinit2.o(.ARM.Collect$$libinit$$00000024)
    __rt_lib_init_user_alloc_1               0x0800021b   Thumb Code     0  libinit2.o(.ARM.Collect$$libinit$$0000000C)
    __rt_lib_init_alloca_1                   0x0800021f   Thumb Code     0  libinit2.o(.ARM.Collect$$libinit$$0000002E)
    __rt_lib_init_argv_1                     0x0800021f   Thumb Code     0  libinit2.o(.ARM.Collect$$libinit$$0000002C)
    __rt_lib_init_cpp_1                      0x0800021f   Thumb Code     0  libinit2.o(.ARM.Collect$$libinit$$00000032)
    __rt_lib_init_exceptions_1               0x0800021f   Thumb Code     0  libinit2.o(.ARM.Collect$$libinit$$00000030)
    __rt_lib_init_return                     0x0800021f   Thumb Code     0  libinit2.o(.ARM.Collect$$libinit$$00000033)
    __rt_lib_init_stdio_1                    0x0800021f   Thumb Code     0  libinit2.o(.ARM.Collect$$libinit$$00000025)
    __rt_lib_shutdown                        0x08000221   Thumb Code     0  libshutdown.o(.ARM.Collect$$libshutdown$$00000000)
    __rt_lib_shutdown_cpp_1                  0x08000223   Thumb Code     0  libshutdown2.o(.ARM.Collect$$libshutdown$$00000004)
    __rt_lib_shutdown_fini_1                 0x08000223   Thumb Code     0  libshutdown2.o(.ARM.Collect$$libshutdown$$00000002)
    __rt_lib_shutdown_stdio_2                0x08000223   Thumb Code     0  libshutdown2.o(.ARM.Collect$$libshutdown$$00000005)
    __rt_lib_shutdown_fp_trap_1              0x08000227   Thumb Code     0  libshutdown2.o(.ARM.Collect$$libshutdown$$00000009)
    __rt_lib_shutdown_heap_1                 0x08000227   Thumb Code     0  libshutdown2.o(.ARM.Collect$$libshutdown$$00000011)
    __rt_lib_shutdown_return                 0x08000227   Thumb Code     0  libshutdown2.o(.ARM.Collect$$libshutdown$$00000012)
    __rt_lib_shutdown_signal_1               0x08000227   Thumb Code     0  libshutdown2.o(.ARM.Collect$$libshutdown$$0000000C)
    __rt_lib_shutdown_stdio_1                0x08000227   Thumb Code     0  libshutdown2.o(.ARM.Collect$$libshutdown$$00000006)
    __rt_lib_shutdown_user_alloc_1           0x08000227   Thumb Code     0  libshutdown2.o(.ARM.Collect$$libshutdown$$0000000E)
    __rt_entry                               0x08000229   Thumb Code     0  __rtentry.o(.ARM.Collect$$rtentry$$00000000)
    __rt_entry_presh_1                       0x08000229   Thumb Code     0  __rtentry2.o(.ARM.Collect$$rtentry$$00000002)
    __rt_entry_sh                            0x08000229   Thumb Code     0  __rtentry4.o(.ARM.Collect$$rtentry$$00000004)
    __rt_entry_li                            0x0800022f   Thumb Code     0  __rtentry2.o(.ARM.Collect$$rtentry$$0000000A)
    __rt_entry_postsh_1                      0x0800022f   Thumb Code     0  __rtentry2.o(.ARM.Collect$$rtentry$$00000009)
    __rt_entry_main                          0x08000233   Thumb Code     0  __rtentry2.o(.ARM.Collect$$rtentry$$0000000D)
    __rt_entry_postli_1                      0x08000233   Thumb Code     0  __rtentry2.o(.ARM.Collect$$rtentry$$0000000C)
    __rt_exit                                0x0800023b   Thumb Code     0  rtexit.o(.ARM.Collect$$rtexit$$00000000)
    __rt_exit_ls                             0x0800023d   Thumb Code     0  rtexit2.o(.ARM.Collect$$rtexit$$00000003)
    __rt_exit_prels_1                        0x0800023d   Thumb Code     0  rtexit2.o(.ARM.Collect$$rtexit$$00000002)
    __rt_exit_exit                           0x08000241   Thumb Code     0  rtexit2.o(.ARM.Collect$$rtexit$$00000004)
    Reset_Handler                            0x08000249   Thumb Code     8  startup_stm32f407xx.o(.text)
    _maybe_terminate_alloc                   0x08000249   Thumb Code     0  maybetermalloc1.o(.emb_text)
    ADC_IRQHandler                           0x08000263   Thumb Code     0  startup_stm32f407xx.o(.text)
    CAN1_RX0_IRQHandler                      0x08000263   Thumb Code     0  startup_stm32f407xx.o(.text)
    CAN1_RX1_IRQHandler                      0x08000263   Thumb Code     0  startup_stm32f407xx.o(.text)
    CAN1_SCE_IRQHandler                      0x08000263   Thumb Code     0  startup_stm32f407xx.o(.text)
    CAN1_TX_IRQHandler                       0x08000263   Thumb Code     0  startup_stm32f407xx.o(.text)
    CAN2_RX0_IRQHandler                      0x08000263   Thumb Code     0  startup_stm32f407xx.o(.text)
    CAN2_RX1_IRQHandler                      0x08000263   Thumb Code     0  startup_stm32f407xx.o(.text)
    CAN2_SCE_IRQHandler                      0x08000263   Thumb Code     0  startup_stm32f407xx.o(.text)
    CAN2_TX_IRQHandler                       0x08000263   Thumb Code     0  startup_stm32f407xx.o(.text)
    DCMI_IRQHandler                          0x08000263   Thumb Code     0  startup_stm32f407xx.o(.text)
    DMA1_Stream0_IRQHandler                  0x08000263   Thumb Code     0  startup_stm32f407xx.o(.text)
    DMA1_Stream1_IRQHandler                  0x08000263   Thumb Code     0  startup_stm32f407xx.o(.text)
    DMA1_Stream2_IRQHandler                  0x08000263   Thumb Code     0  startup_stm32f407xx.o(.text)
    DMA1_Stream3_IRQHandler                  0x08000263   Thumb Code     0  startup_stm32f407xx.o(.text)
    DMA1_Stream4_IRQHandler                  0x08000263   Thumb Code     0  startup_stm32f407xx.o(.text)
    DMA1_Stream5_IRQHandler                  0x08000263   Thumb Code     0  startup_stm32f407xx.o(.text)
    DMA1_Stream6_IRQHandler                  0x08000263   Thumb Code     0  startup_stm32f407xx.o(.text)
    DMA1_Stream7_IRQHandler                  0x08000263   Thumb Code     0  startup_stm32f407xx.o(.text)
    DMA2_Stream0_IRQHandler                  0x08000263   Thumb Code     0  startup_stm32f407xx.o(.text)
    DMA2_Stream1_IRQHandler                  0x08000263   Thumb Code     0  startup_stm32f407xx.o(.text)
    DMA2_Stream2_IRQHandler                  0x08000263   Thumb Code     0  startup_stm32f407xx.o(.text)
    DMA2_Stream3_IRQHandler                  0x08000263   Thumb Code     0  startup_stm32f407xx.o(.text)
    DMA2_Stream4_IRQHandler                  0x08000263   Thumb Code     0  startup_stm32f407xx.o(.text)
    DMA2_Stream5_IRQHandler                  0x08000263   Thumb Code     0  startup_stm32f407xx.o(.text)
    DMA2_Stream6_IRQHandler                  0x08000263   Thumb Code     0  startup_stm32f407xx.o(.text)
    DMA2_Stream7_IRQHandler                  0x08000263   Thumb Code     0  startup_stm32f407xx.o(.text)
    ETH_IRQHandler                           0x08000263   Thumb Code     0  startup_stm32f407xx.o(.text)
    ETH_WKUP_IRQHandler                      0x08000263   Thumb Code     0  startup_stm32f407xx.o(.text)
    EXTI0_IRQHandler                         0x08000263   Thumb Code     0  startup_stm32f407xx.o(.text)
    EXTI15_10_IRQHandler                     0x08000263   Thumb Code     0  startup_stm32f407xx.o(.text)
    EXTI1_IRQHandler                         0x08000263   Thumb Code     0  startup_stm32f407xx.o(.text)
    EXTI2_IRQHandler                         0x08000263   Thumb Code     0  startup_stm32f407xx.o(.text)
    EXTI3_IRQHandler                         0x08000263   Thumb Code     0  startup_stm32f407xx.o(.text)
    EXTI4_IRQHandler                         0x08000263   Thumb Code     0  startup_stm32f407xx.o(.text)
    EXTI9_5_IRQHandler                       0x08000263   Thumb Code     0  startup_stm32f407xx.o(.text)
    FLASH_IRQHandler                         0x08000263   Thumb Code     0  startup_stm32f407xx.o(.text)
    FMC_IRQHandler                           0x08000263   Thumb Code     0  startup_stm32f407xx.o(.text)
    FPU_IRQHandler                           0x08000263   Thumb Code     0  startup_stm32f407xx.o(.text)
    HASH_RNG_IRQHandler                      0x08000263   Thumb Code     0  startup_stm32f407xx.o(.text)
    I2C1_ER_IRQHandler                       0x08000263   Thumb Code     0  startup_stm32f407xx.o(.text)
    I2C1_EV_IRQHandler                       0x08000263   Thumb Code     0  startup_stm32f407xx.o(.text)
    I2C2_ER_IRQHandler                       0x08000263   Thumb Code     0  startup_stm32f407xx.o(.text)
    I2C2_EV_IRQHandler                       0x08000263   Thumb Code     0  startup_stm32f407xx.o(.text)
    I2C3_ER_IRQHandler                       0x08000263   Thumb Code     0  startup_stm32f407xx.o(.text)
    I2C3_EV_IRQHandler                       0x08000263   Thumb Code     0  startup_stm32f407xx.o(.text)
    OTG_FS_IRQHandler                        0x08000263   Thumb Code     0  startup_stm32f407xx.o(.text)
    OTG_FS_WKUP_IRQHandler                   0x08000263   Thumb Code     0  startup_stm32f407xx.o(.text)
    OTG_HS_EP1_IN_IRQHandler                 0x08000263   Thumb Code     0  startup_stm32f407xx.o(.text)
    OTG_HS_EP1_OUT_IRQHandler                0x08000263   Thumb Code     0  startup_stm32f407xx.o(.text)
    OTG_HS_IRQHandler                        0x08000263   Thumb Code     0  startup_stm32f407xx.o(.text)
    OTG_HS_WKUP_IRQHandler                   0x08000263   Thumb Code     0  startup_stm32f407xx.o(.text)
    PVD_IRQHandler                           0x08000263   Thumb Code     0  startup_stm32f407xx.o(.text)
    RCC_IRQHandler                           0x08000263   Thumb Code     0  startup_stm32f407xx.o(.text)
    RTC_Alarm_IRQHandler                     0x08000263   Thumb Code     0  startup_stm32f407xx.o(.text)
    RTC_WKUP_IRQHandler                      0x08000263   Thumb Code     0  startup_stm32f407xx.o(.text)
    SPI1_IRQHandler                          0x08000263   Thumb Code     0  startup_stm32f407xx.o(.text)
    SPI2_IRQHandler                          0x08000263   Thumb Code     0  startup_stm32f407xx.o(.text)
    SPI3_IRQHandler                          0x08000263   Thumb Code     0  startup_stm32f407xx.o(.text)
    TAMP_STAMP_IRQHandler                    0x08000263   Thumb Code     0  startup_stm32f407xx.o(.text)
    TIM1_BRK_TIM9_IRQHandler                 0x08000263   Thumb Code     0  startup_stm32f407xx.o(.text)
    TIM1_CC_IRQHandler                       0x08000263   Thumb Code     0  startup_stm32f407xx.o(.text)
    TIM1_TRG_COM_TIM11_IRQHandler            0x08000263   Thumb Code     0  startup_stm32f407xx.o(.text)
    TIM1_UP_TIM10_IRQHandler                 0x08000263   Thumb Code     0  startup_stm32f407xx.o(.text)
    TIM2_IRQHandler                          0x08000263   Thumb Code     0  startup_stm32f407xx.o(.text)
    TIM3_IRQHandler                          0x08000263   Thumb Code     0  startup_stm32f407xx.o(.text)
    TIM4_IRQHandler                          0x08000263   Thumb Code     0  startup_stm32f407xx.o(.text)
    TIM5_IRQHandler                          0x08000263   Thumb Code     0  startup_stm32f407xx.o(.text)
    TIM6_DAC_IRQHandler                      0x08000263   Thumb Code     0  startup_stm32f407xx.o(.text)
    TIM7_IRQHandler                          0x08000263   Thumb Code     0  startup_stm32f407xx.o(.text)
    TIM8_BRK_TIM12_IRQHandler                0x08000263   Thumb Code     0  startup_stm32f407xx.o(.text)
    TIM8_CC_IRQHandler                       0x08000263   Thumb Code     0  startup_stm32f407xx.o(.text)
    TIM8_TRG_COM_TIM14_IRQHandler            0x08000263   Thumb Code     0  startup_stm32f407xx.o(.text)
    TIM8_UP_TIM13_IRQHandler                 0x08000263   Thumb Code     0  startup_stm32f407xx.o(.text)
    UART4_IRQHandler                         0x08000263   Thumb Code     0  startup_stm32f407xx.o(.text)
    UART5_IRQHandler                         0x08000263   Thumb Code     0  startup_stm32f407xx.o(.text)
    USART1_IRQHandler                        0x08000263   Thumb Code     0  startup_stm32f407xx.o(.text)
    USART2_IRQHandler                        0x08000263   Thumb Code     0  startup_stm32f407xx.o(.text)
    USART3_IRQHandler                        0x08000263   Thumb Code     0  startup_stm32f407xx.o(.text)
    USART6_IRQHandler                        0x08000263   Thumb Code     0  startup_stm32f407xx.o(.text)
    WWDG_IRQHandler                          0x08000263   Thumb Code     0  startup_stm32f407xx.o(.text)
    __user_initial_stackheap                 0x08000265   Thumb Code     0  startup_stm32f407xx.o(.text)
    __aeabi_uldivmod                         0x08000289   Thumb Code     0  lludivv7m.o(.text)
    _ll_udiv                                 0x08000289   Thumb Code   238  lludivv7m.o(.text)
    __2printf                                0x08000379   Thumb Code    20  noretval__2printf.o(.text)
    __printf                                 0x08000391   Thumb Code   104  __printf.o(.text)
    _printf_str                              0x080003f9   Thumb Code    82  _printf_str.o(.text)
    _printf_int_dec                          0x0800044d   Thumb Code   104  _printf_dec.o(.text)
    strlen                                   0x080004c5   Thumb Code    62  strlen.o(.text)
    __aeabi_memclr4                          0x08000503   Thumb Code     0  rt_memclr_w.o(.text)
    __aeabi_memclr8                          0x08000503   Thumb Code     0  rt_memclr_w.o(.text)
    __rt_memclr_w                            0x08000503   Thumb Code    78  rt_memclr_w.o(.text)
    _memset_w                                0x08000507   Thumb Code     0  rt_memclr_w.o(.text)
    __use_two_region_memory                  0x08000551   Thumb Code     2  heapauxi.o(.text)
    __rt_heap_escrow                         0x08000553   Thumb Code     2  heapauxi.o(.text)
    __rt_heap_expand                         0x08000555   Thumb Code     2  heapauxi.o(.text)
    _printf_int_common                       0x08000557   Thumb Code   178  _printf_intcommon.o(.text)
    _printf_cs_common                        0x08000609   Thumb Code    20  _printf_char.o(.text)
    _printf_char                             0x0800061d   Thumb Code    16  _printf_char.o(.text)
    _printf_string                           0x0800062d   Thumb Code     8  _printf_char.o(.text)
    _printf_char_file                        0x08000635   Thumb Code    32  _printf_char_file.o(.text)
    _printf_char_common                      0x08000663   Thumb Code    32  _printf_char_common.o(.text)
    ferror                                   0x08000689   Thumb Code     8  ferror.o(.text)
    _initio                                  0x08000691   Thumb Code   210  initio.o(.text)
    _terminateio                             0x08000763   Thumb Code    56  initio.o(.text)
    _sys_open                                0x080007c9   Thumb Code    20  sys_io.o(.text)
    _sys_close                               0x080007dd   Thumb Code    12  sys_io.o(.text)
    _sys_write                               0x080007e9   Thumb Code    16  sys_io.o(.text)
    _sys_read                                0x080007f9   Thumb Code    14  sys_io.o(.text)
    _sys_istty                               0x08000807   Thumb Code    12  sys_io.o(.text)
    _sys_seek                                0x08000813   Thumb Code    14  sys_io.o(.text)
    _sys_ensure                              0x08000821   Thumb Code     2  sys_io.o(.text)
    _sys_flen                                0x08000823   Thumb Code    12  sys_io.o(.text)
    __user_setup_stackheap                   0x0800082f   Thumb Code    74  sys_stackheap_outer.o(.text)
    free                                     0x08000879   Thumb Code    78  h1_free.o(.text)
    __flsbuf                                 0x080008c7   Thumb Code   470  flsbuf.o(.text)
    __flsbuf_byte                            0x080008c7   Thumb Code     0  flsbuf.o(.text)
    __flsbuf_wide                            0x080008c7   Thumb Code     0  flsbuf.o(.text)
    setvbuf                                  0x08000a9d   Thumb Code    70  setvbuf.o(.text)
    freopen                                  0x08000ae5   Thumb Code   158  fopen.o(.text)
    fopen                                    0x08000b83   Thumb Code    74  fopen.o(.text)
    _fclose_internal                         0x08000bd1   Thumb Code    76  fclose.o(.text)
    fclose                                   0x08000bd1   Thumb Code     0  fclose.o(.text)
    exit                                     0x08000c1d   Thumb Code    18  exit.o(.text)
    __rt_SIGRTRED                            0x08000c2f   Thumb Code    14  defsig_rtred_outer.o(.text)
    __user_libspace                          0x08000c3d   Thumb Code     8  libspace.o(.text)
    __user_perproc_libspace                  0x08000c3d   Thumb Code     0  libspace.o(.text)
    __user_perthread_libspace                0x08000c3d   Thumb Code     0  libspace.o(.text)
    __I$use$semihosting                      0x08000c45   Thumb Code     0  use_no_semi.o(.text)
    __use_no_semihosting_swi                 0x08000c45   Thumb Code     2  use_no_semi.o(.text)
    __semihosting_library_function           0x08000c47   Thumb Code     0  indicate_semi.o(.text)
    __rt_heap_descriptor                     0x08000c49   Thumb Code     8  rt_heap_descriptor_intlibspace.o(.text)
    __use_no_heap                            0x08000c51   Thumb Code     2  hguard.o(.text)
    __heap$guard                             0x08000c53   Thumb Code     2  hguard.o(.text)
    _terminate_user_alloc                    0x08000c55   Thumb Code     2  init_alloc.o(.text)
    _init_user_alloc                         0x08000c57   Thumb Code     2  init_alloc.o(.text)
    __Heap_Full                              0x08000c59   Thumb Code    34  init_alloc.o(.text)
    __Heap_Broken                            0x08000c7b   Thumb Code     6  init_alloc.o(.text)
    _init_alloc                              0x08000c81   Thumb Code    94  init_alloc.o(.text)
    malloc                                   0x08000cdf   Thumb Code    94  h1_alloc.o(.text)
    _fseek                                   0x08000d3d   Thumb Code   242  fseek.o(.text)
    fseek                                    0x08000d3d   Thumb Code     0  fseek.o(.text)
    _seterr                                  0x08000e35   Thumb Code    20  stdio.o(.text)
    _writebuf                                0x08000e49   Thumb Code    84  stdio.o(.text)
    _fflush                                  0x08000e9d   Thumb Code    70  stdio.o(.text)
    _deferredlazyseek                        0x08000ee3   Thumb Code    60  stdio.o(.text)
    __sig_exit                               0x08000f25   Thumb Code    10  defsig_exit.o(.text)
    __rt_SIGRTRED_inner                      0x08000f31   Thumb Code    14  defsig_rtred_inner.o(.text)
    _sys_exit                                0x08000f65   Thumb Code     8  sys_exit.o(.text)
    __Heap_Initialize                        0x08000f71   Thumb Code    10  h1_init.o(.text)
    __Heap_DescSize                          0x08000f7b   Thumb Code     4  h1_init.o(.text)
    __Heap_ProvideMemory                     0x08000f7f   Thumb Code    52  h1_extend.o(.text)
    _ftell_internal                          0x08000fb3   Thumb Code    66  ftell.o(.text)
    ftell                                    0x08000fb3   Thumb Code     0  ftell.o(.text)
    __default_signal_display                 0x08000ff5   Thumb Code    50  defsig_general.o(.text)
    __rt_SIGRTMEM                            0x08001027   Thumb Code    14  defsig_rtmem_outer.o(.text)
    _ttywrch                                 0x08001035   Thumb Code    14  sys_wrch.o(.text)
    __aeabi_errno_addr                       0x08001045   Thumb Code     8  rt_errno_addr_intlibspace.o(.text)
    __errno$intlibspace                      0x08001045   Thumb Code     0  rt_errno_addr_intlibspace.o(.text)
    __rt_errno_addr$intlibspace              0x08001045   Thumb Code     0  rt_errno_addr_intlibspace.o(.text)
    __rt_SIGRTMEM_inner                      0x0800104d   Thumb Code    22  defsig_rtmem_inner.o(.text)
    BSP_SD_AbortCallback                     0x0800109d   Thumb Code     2  bsp_driver_sd.o(i.BSP_SD_AbortCallback)
    BSP_SD_GetCardInfo                       0x080010a1   Thumb Code     8  bsp_driver_sd.o(i.BSP_SD_GetCardInfo)
    BSP_SD_GetCardState                      0x080010ad   Thumb Code    20  bsp_driver_sd.o(i.BSP_SD_GetCardState)
    BSP_SD_Init                              0x080010c5   Thumb Code    42  bsp_driver_sd.o(i.BSP_SD_Init)
    BSP_SD_IsDetected                        0x080010f5   Thumb Code    14  bsp_driver_sd.o(i.BSP_SD_IsDetected)
    BSP_SD_ReadBlocks                        0x08001105   Thumb Code    26  bsp_driver_sd.o(i.BSP_SD_ReadBlocks)
    BSP_SD_ReadCpltCallback                  0x08001125   Thumb Code     2  bsp_driver_sd.o(i.BSP_SD_ReadCpltCallback)
    BSP_SD_WriteBlocks                       0x08001129   Thumb Code    26  bsp_driver_sd.o(i.BSP_SD_WriteBlocks)
    BSP_SD_WriteCpltCallback                 0x08001149   Thumb Code     2  bsp_driver_sd.o(i.BSP_SD_WriteCpltCallback)
    BusFault_Handler                         0x0800114b   Thumb Code     2  stm32f4xx_it.o(i.BusFault_Handler)
    DebugMon_Handler                         0x0800114d   Thumb Code     2  stm32f4xx_it.o(i.DebugMon_Handler)
    FATFS_LinkDriver                         0x0800114f   Thumb Code     6  ff_gen_drv.o(i.FATFS_LinkDriver)
    FATFS_LinkDriverEx                       0x08001155   Thumb Code    58  ff_gen_drv.o(i.FATFS_LinkDriverEx)
    HAL_DMA_Abort_IT                         0x08001195   Thumb Code    36  stm32f4xx_hal_dma.o(i.HAL_DMA_Abort_IT)
    HAL_Delay                                0x080011b9   Thumb Code    32  stm32f4xx_hal.o(i.HAL_Delay)
    HAL_GPIO_Init                            0x080011dd   Thumb Code   450  stm32f4xx_hal_gpio.o(i.HAL_GPIO_Init)
    HAL_GetTick                              0x080013cd   Thumb Code     6  stm32f4xx_hal.o(i.HAL_GetTick)
    HAL_IncTick                              0x080013d9   Thumb Code    12  stm32f4xx_hal.o(i.HAL_IncTick)
    HAL_Init                                 0x080013e9   Thumb Code    48  stm32f4xx_hal.o(i.HAL_Init)
    HAL_InitTick                             0x0800141d   Thumb Code    54  stm32f4xx_hal.o(i.HAL_InitTick)
    HAL_MspInit                              0x0800145d   Thumb Code    42  stm32f4xx_hal_msp.o(i.HAL_MspInit)
    HAL_NVIC_EnableIRQ                       0x0800148d   Thumb Code    26  stm32f4xx_hal_cortex.o(i.HAL_NVIC_EnableIRQ)
    HAL_NVIC_SetPriority                     0x080014a9   Thumb Code    60  stm32f4xx_hal_cortex.o(i.HAL_NVIC_SetPriority)
    HAL_NVIC_SetPriorityGrouping             0x080014e9   Thumb Code    26  stm32f4xx_hal_cortex.o(i.HAL_NVIC_SetPriorityGrouping)
    HAL_RCC_ClockConfig                      0x0800150d   Thumb Code   288  stm32f4xx_hal_rcc.o(i.HAL_RCC_ClockConfig)
    HAL_RCC_GetSysClockFreq                  0x08001641   Thumb Code    88  stm32f4xx_hal_rcc.o(i.HAL_RCC_GetSysClockFreq)
    HAL_RCC_OscConfig                        0x080016a5   Thumb Code   856  stm32f4xx_hal_rcc.o(i.HAL_RCC_OscConfig)
    HAL_SD_AbortCallback                     0x08001a11   Thumb Code     8  bsp_driver_sd.o(i.HAL_SD_AbortCallback)
    HAL_SD_ConfigWideBusOperation            0x08001a19   Thumb Code   276  stm32f4xx_hal_sd.o(i.HAL_SD_ConfigWideBusOperation)
    HAL_SD_ErrorCallback                     0x08001b31   Thumb Code     2  stm32f4xx_hal_sd.o(i.HAL_SD_ErrorCallback)
    HAL_SD_GetCardCSD                        0x08001b35   Thumb Code   402  stm32f4xx_hal_sd.o(i.HAL_SD_GetCardCSD)
    HAL_SD_GetCardInfo                       0x08001ccd   Thumb Code    36  stm32f4xx_hal_sd.o(i.HAL_SD_GetCardInfo)
    HAL_SD_GetCardState                      0x08001cf1   Thumb Code    44  stm32f4xx_hal_sd.o(i.HAL_SD_GetCardState)
    HAL_SD_IRQHandler                        0x08001d1d   Thumb Code   512  stm32f4xx_hal_sd.o(i.HAL_SD_IRQHandler)
    HAL_SD_Init                              0x08001f25   Thumb Code    54  stm32f4xx_hal_sd.o(i.HAL_SD_Init)
    HAL_SD_InitCard                          0x08001f5d   Thumb Code   112  stm32f4xx_hal_sd.o(i.HAL_SD_InitCard)
    HAL_SD_MspInit                           0x08001fd5   Thumb Code   146  sdio.o(i.HAL_SD_MspInit)
    HAL_SD_ReadBlocks                        0x08002079   Thumb Code   476  stm32f4xx_hal_sd.o(i.HAL_SD_ReadBlocks)
    HAL_SD_RxCpltCallback                    0x08002259   Thumb Code     8  bsp_driver_sd.o(i.HAL_SD_RxCpltCallback)
    HAL_SD_TxCpltCallback                    0x08002261   Thumb Code     8  bsp_driver_sd.o(i.HAL_SD_TxCpltCallback)
    HAL_SD_WriteBlocks                       0x08002269   Thumb Code   428  stm32f4xx_hal_sd.o(i.HAL_SD_WriteBlocks)
    HAL_SYSTICK_Config                       0x08002419   Thumb Code    40  stm32f4xx_hal_cortex.o(i.HAL_SYSTICK_Config)
    HardFault_Handler                        0x08002441   Thumb Code     2  stm32f4xx_it.o(i.HardFault_Handler)
    MX_FATFS_Init                            0x08002445   Thumb Code    18  fatfs.o(i.MX_FATFS_Init)
    MX_GPIO_Init                             0x08002461   Thumb Code    70  gpio.o(i.MX_GPIO_Init)
    MX_SDIO_SD_Init                          0x080024ad   Thumb Code    58  sdio.o(i.MX_SDIO_SD_Init)
    MemManage_Handler                        0x080024f5   Thumb Code     2  stm32f4xx_it.o(i.MemManage_Handler)
    NMI_Handler                              0x080024f7   Thumb Code     2  stm32f4xx_it.o(i.NMI_Handler)
    PendSV_Handler                           0x080024f9   Thumb Code     2  stm32f4xx_it.o(i.PendSV_Handler)
    SDIO_ConfigData                          0x080024fb   Thumb Code    36  stm32f4xx_ll_sdmmc.o(i.SDIO_ConfigData)
    SDIO_GetPowerState                       0x0800251f   Thumb Code     8  stm32f4xx_ll_sdmmc.o(i.SDIO_GetPowerState)
    SDIO_GetResponse                         0x08002527   Thumb Code     6  stm32f4xx_ll_sdmmc.o(i.SDIO_GetResponse)
    SDIO_IRQHandler                          0x0800252d   Thumb Code     6  stm32f4xx_it.o(i.SDIO_IRQHandler)
    SDIO_Init                                0x08002539   Thumb Code    36  stm32f4xx_ll_sdmmc.o(i.SDIO_Init)
    SDIO_PowerState_ON                       0x0800255d   Thumb Code     8  stm32f4xx_ll_sdmmc.o(i.SDIO_PowerState_ON)
    SDIO_ReadFIFO                            0x08002565   Thumb Code     6  stm32f4xx_ll_sdmmc.o(i.SDIO_ReadFIFO)
    SDIO_SendCommand                         0x0800256b   Thumb Code    32  stm32f4xx_ll_sdmmc.o(i.SDIO_SendCommand)
    SDIO_WriteFIFO                           0x0800258b   Thumb Code    10  stm32f4xx_ll_sdmmc.o(i.SDIO_WriteFIFO)
    SDMMC_CmdAppCommand                      0x08002595   Thumb Code    50  stm32f4xx_ll_sdmmc.o(i.SDMMC_CmdAppCommand)
    SDMMC_CmdAppOperCommand                  0x080025c9   Thumb Code    48  stm32f4xx_ll_sdmmc.o(i.SDMMC_CmdAppOperCommand)
    SDMMC_CmdBlockLength                     0x080025fd   Thumb Code    50  stm32f4xx_ll_sdmmc.o(i.SDMMC_CmdBlockLength)
    SDMMC_CmdBusWidth                        0x0800262f   Thumb Code    50  stm32f4xx_ll_sdmmc.o(i.SDMMC_CmdBusWidth)
    SDMMC_CmdGoIdleState                     0x08002661   Thumb Code    74  stm32f4xx_ll_sdmmc.o(i.SDMMC_CmdGoIdleState)
    SDMMC_CmdOperCond                        0x080026b1   Thumb Code    48  stm32f4xx_ll_sdmmc.o(i.SDMMC_CmdOperCond)
    SDMMC_CmdReadMultiBlock                  0x080026e1   Thumb Code    50  stm32f4xx_ll_sdmmc.o(i.SDMMC_CmdReadMultiBlock)
    SDMMC_CmdReadSingleBlock                 0x08002713   Thumb Code    50  stm32f4xx_ll_sdmmc.o(i.SDMMC_CmdReadSingleBlock)
    SDMMC_CmdSelDesel                        0x08002745   Thumb Code    50  stm32f4xx_ll_sdmmc.o(i.SDMMC_CmdSelDesel)
    SDMMC_CmdSendCID                         0x08002777   Thumb Code    44  stm32f4xx_ll_sdmmc.o(i.SDMMC_CmdSendCID)
    SDMMC_CmdSendCSD                         0x080027a3   Thumb Code    44  stm32f4xx_ll_sdmmc.o(i.SDMMC_CmdSendCSD)
    SDMMC_CmdSendSCR                         0x080027cf   Thumb Code    48  stm32f4xx_ll_sdmmc.o(i.SDMMC_CmdSendSCR)
    SDMMC_CmdSendStatus                      0x080027ff   Thumb Code    50  stm32f4xx_ll_sdmmc.o(i.SDMMC_CmdSendStatus)
    SDMMC_CmdSetRelAdd                       0x08002831   Thumb Code    48  stm32f4xx_ll_sdmmc.o(i.SDMMC_CmdSetRelAdd)
    SDMMC_CmdStopTransfer                    0x08002861   Thumb Code    46  stm32f4xx_ll_sdmmc.o(i.SDMMC_CmdStopTransfer)
    SDMMC_CmdWriteMultiBlock                 0x08002895   Thumb Code    50  stm32f4xx_ll_sdmmc.o(i.SDMMC_CmdWriteMultiBlock)
    SDMMC_CmdWriteSingleBlock                0x080028c7   Thumb Code    50  stm32f4xx_ll_sdmmc.o(i.SDMMC_CmdWriteSingleBlock)
    SDMMC_GetCmdResp1                        0x080028f9   Thumb Code   278  stm32f4xx_ll_sdmmc.o(i.SDMMC_GetCmdResp1)
    SDMMC_GetCmdResp2                        0x08002a19   Thumb Code    76  stm32f4xx_ll_sdmmc.o(i.SDMMC_GetCmdResp2)
    SDMMC_GetCmdResp3                        0x08002a69   Thumb Code    62  stm32f4xx_ll_sdmmc.o(i.SDMMC_GetCmdResp3)
    SDMMC_GetCmdResp6                        0x08002aad   Thumb Code   130  stm32f4xx_ll_sdmmc.o(i.SDMMC_GetCmdResp6)
    SDMMC_GetCmdResp7                        0x08002b35   Thumb Code    82  stm32f4xx_ll_sdmmc.o(i.SDMMC_GetCmdResp7)
    SD_initialize                            0x08002eb9   Thumb Code    28  sd_diskio.o(i.SD_initialize)
    SD_ioctl                                 0x08002ed9   Thumb Code    76  sd_diskio.o(i.SD_ioctl)
    SD_read                                  0x08002f29   Thumb Code    38  sd_diskio.o(i.SD_read)
    SD_status                                0x08002f4f   Thumb Code     4  sd_diskio.o(i.SD_status)
    SD_write                                 0x08002f55   Thumb Code    38  sd_diskio.o(i.SD_write)
    SVC_Handler                              0x08002f7b   Thumb Code     2  stm32f4xx_it.o(i.SVC_Handler)
    SysTick_Handler                          0x08002f7d   Thumb Code     4  stm32f4xx_it.o(i.SysTick_Handler)
    SystemClock_Config                       0x08002f81   Thumb Code   140  main.o(i.SystemClock_Config)
    SystemInit                               0x08003015   Thumb Code    12  system_stm32f4xx.o(i.SystemInit)
    UsageFault_Handler                       0x08003025   Thumb Code     2  stm32f4xx_it.o(i.UsageFault_Handler)
    disk_initialize                          0x08003545   Thumb Code    38  diskio.o(i.disk_initialize)
    disk_ioctl                               0x08003571   Thumb Code    24  diskio.o(i.disk_ioctl)
    disk_read                                0x0800358d   Thumb Code    24  diskio.o(i.disk_read)
    disk_status                              0x080035a9   Thumb Code    18  diskio.o(i.disk_status)
    disk_write                               0x080035c1   Thumb Code    24  diskio.o(i.disk_write)
    f_close                                  0x080035dd   Thumb Code    40  ff.o(i.f_close)
    f_mount                                  0x08003605   Thumb Code    84  ff.o(i.f_mount)
    f_open                                   0x0800365d   Thumb Code   520  ff.o(i.f_open)
    f_read                                   0x08003869   Thumb Code   338  ff.o(i.f_read)
    f_sync                                   0x080039bb   Thumb Code   142  ff.o(i.f_sync)
    f_write                                  0x08003a49   Thumb Code   398  ff.o(i.f_write)
    fputc                                    0x08003ea1   Thumb Code    26  fputc.o(i.fputc)
    get_fattime                              0x08003f79   Thumb Code     4  fatfs.o(i.get_fattime)
    main                                     0x08004081   Thumb Code   214  main.o(i.main)
    _fp_init                                 0x080045c3   Thumb Code    10  fpinit.o(x$fpl$fpinit)
    __fplib_config_fpu_vfp                   0x080045cb   Thumb Code     0  fpinit.o(x$fpl$fpinit)
    __fplib_config_pureend_doubles           0x080045cb   Thumb Code     0  fpinit.o(x$fpl$fpinit)
    SD_Driver                                0x080045cc   Data          20  sd_diskio.o(.constdata)
    AHBPrescTable                            0x080045e0   Data          16  system_stm32f4xx.o(.constdata)
    __stdin_name                             0x0800468c   Data           4  sys_io.o(.constdata)
    __stdout_name                            0x08004690   Data           4  sys_io.o(.constdata)
    __stderr_name                            0x08004694   Data           4  sys_io.o(.constdata)
    Region$$Table$$Base                      0x08004698   Number         0  anon$$obj.o(Region$$Table)
    Region$$Table$$Limit                     0x080046b8   Number         0  anon$$obj.o(Region$$Table)
    tempflag                                 0x20000000   Data           1  sdio.o(.data)
    retSD                                    0x20000002   Data           1  fatfs.o(.data)
    SDPath                                   0x20000003   Data           4  fatfs.o(.data)
    uwTickFreq                               0x20000008   Data           1  stm32f4xx_hal.o(.data)
    uwTickPrio                               0x2000000c   Data           4  stm32f4xx_hal.o(.data)
    uwTick                                   0x20000010   Data           4  stm32f4xx_hal.o(.data)
    SystemCoreClock                          0x20000014   Data           4  system_stm32f4xx.o(.data)
    __aeabi_stdin                            0x20000020   Data           4  stdio_streams.o(.data)
    __aeabi_stdout                           0x20000024   Data           4  stdio_streams.o(.data)
    __aeabi_stderr                           0x20000028   Data           4  stdio_streams.o(.data)
    hsd                                      0x2000002c   Data         132  sdio.o(.bss)
    SDFatFS                                  0x200000b0   Data         560  fatfs.o(.bss)
    SDFile                                   0x200002e0   Data         560  fatfs.o(.bss)
    disk                                     0x20000530   Data          12  ff_gen_drv.o(.bss)
    __stdin                                  0x2000053c   Data          84  stdio_streams.o(.bss)
    __stdout                                 0x20000590   Data          84  stdio_streams.o(.bss)
    __stderr                                 0x200005e4   Data          84  stdio_streams.o(.bss)
    __libspace_start                         0x20000638   Data          96  libspace.o(.bss)
    __temporary_stack_top$libspace           0x20000698   Data           0  libspace.o(.bss)



==============================================================================

Memory Map of the image

  Image Entry point : 0x08000189

  Load Region LR_IROM1 (Base: 0x08000000, Size: 0x000046e4, Max: 0x00080000, ABSOLUTE)

    Execution Region ER_IROM1 (Exec base: 0x08000000, Load base: 0x08000000, Size: 0x000046b8, Max: 0x00080000, ABSOLUTE)

    Exec Addr    Load Addr    Size         Type   Attr      Idx    E Section Name        Object

    0x08000000   0x08000000   0x00000188   Data   RO            3    RESET               startup_stm32f407xx.o
    0x08000188   0x08000188   0x00000008   Code   RO         2814  * !!!main             c_w.l(__main.o)
    0x08000190   0x08000190   0x00000034   Code   RO         3175    !!!scatter          c_w.l(__scatter.o)
    0x080001c4   0x080001c4   0x0000001a   Code   RO         3177    !!handler_copy      c_w.l(__scatter_copy.o)
    0x080001de   0x080001de   0x00000002   PAD
    0x080001e0   0x080001e0   0x0000001c   Code   RO         3179    !!handler_zi        c_w.l(__scatter_zi.o)
    0x080001fc   0x080001fc   0x00000000   Code   RO         2807    .ARM.Collect$$_printf_percent$$00000000  c_w.l(_printf_percent.o)
    0x080001fc   0x080001fc   0x00000006   Code   RO         2806    .ARM.Collect$$_printf_percent$$0000000A  c_w.l(_printf_u.o)
    0x08000202   0x08000202   0x00000006   Code   RO         2805    .ARM.Collect$$_printf_percent$$00000014  c_w.l(_printf_s.o)
    0x08000208   0x08000208   0x00000004   Code   RO         2827    .ARM.Collect$$_printf_percent$$00000017  c_w.l(_printf_percent_end.o)
    0x0800020c   0x0800020c   0x00000002   Code   RO         2962    .ARM.Collect$$libinit$$00000000  c_w.l(libinit.o)
    0x0800020e   0x0800020e   0x00000004   Code   RO         2963    .ARM.Collect$$libinit$$00000001  c_w.l(libinit2.o)
    0x08000212   0x08000212   0x00000000   Code   RO         2966    .ARM.Collect$$libinit$$00000004  c_w.l(libinit2.o)
    0x08000212   0x08000212   0x00000008   Code   RO         2967    .ARM.Collect$$libinit$$00000005  c_w.l(libinit2.o)
    0x0800021a   0x0800021a   0x00000000   Code   RO         2969    .ARM.Collect$$libinit$$0000000A  c_w.l(libinit2.o)
    0x0800021a   0x0800021a   0x00000000   Code   RO         2971    .ARM.Collect$$libinit$$0000000C  c_w.l(libinit2.o)
    0x0800021a   0x0800021a   0x00000000   Code   RO         2973    .ARM.Collect$$libinit$$0000000E  c_w.l(libinit2.o)
    0x0800021a   0x0800021a   0x00000000   Code   RO         2976    .ARM.Collect$$libinit$$00000011  c_w.l(libinit2.o)
    0x0800021a   0x0800021a   0x00000000   Code   RO         2978    .ARM.Collect$$libinit$$00000013  c_w.l(libinit2.o)
    0x0800021a   0x0800021a   0x00000000   Code   RO         2980    .ARM.Collect$$libinit$$00000015  c_w.l(libinit2.o)
    0x0800021a   0x0800021a   0x00000000   Code   RO         2982    .ARM.Collect$$libinit$$00000017  c_w.l(libinit2.o)
    0x0800021a   0x0800021a   0x00000000   Code   RO         2984    .ARM.Collect$$libinit$$00000019  c_w.l(libinit2.o)
    0x0800021a   0x0800021a   0x00000000   Code   RO         2986    .ARM.Collect$$libinit$$0000001B  c_w.l(libinit2.o)
    0x0800021a   0x0800021a   0x00000000   Code   RO         2988    .ARM.Collect$$libinit$$0000001D  c_w.l(libinit2.o)
    0x0800021a   0x0800021a   0x00000000   Code   RO         2990    .ARM.Collect$$libinit$$0000001F  c_w.l(libinit2.o)
    0x0800021a   0x0800021a   0x00000000   Code   RO         2992    .ARM.Collect$$libinit$$00000021  c_w.l(libinit2.o)
    0x0800021a   0x0800021a   0x00000000   Code   RO         2994    .ARM.Collect$$libinit$$00000023  c_w.l(libinit2.o)
    0x0800021a   0x0800021a   0x00000004   Code   RO         2995    .ARM.Collect$$libinit$$00000024  c_w.l(libinit2.o)
    0x0800021e   0x0800021e   0x00000000   Code   RO         2996    .ARM.Collect$$libinit$$00000025  c_w.l(libinit2.o)
    0x0800021e   0x0800021e   0x00000000   Code   RO         3000    .ARM.Collect$$libinit$$0000002C  c_w.l(libinit2.o)
    0x0800021e   0x0800021e   0x00000000   Code   RO         3002    .ARM.Collect$$libinit$$0000002E  c_w.l(libinit2.o)
    0x0800021e   0x0800021e   0x00000000   Code   RO         3004    .ARM.Collect$$libinit$$00000030  c_w.l(libinit2.o)
    0x0800021e   0x0800021e   0x00000000   Code   RO         3006    .ARM.Collect$$libinit$$00000032  c_w.l(libinit2.o)
    0x0800021e   0x0800021e   0x00000002   Code   RO         3007    .ARM.Collect$$libinit$$00000033  c_w.l(libinit2.o)
    0x08000220   0x08000220   0x00000002   Code   RO         3156    .ARM.Collect$$libshutdown$$00000000  c_w.l(libshutdown.o)
    0x08000222   0x08000222   0x00000000   Code   RO         3009    .ARM.Collect$$libshutdown$$00000002  c_w.l(libshutdown2.o)
    0x08000222   0x08000222   0x00000000   Code   RO         3011    .ARM.Collect$$libshutdown$$00000004  c_w.l(libshutdown2.o)
    0x08000222   0x08000222   0x00000004   Code   RO         3012    .ARM.Collect$$libshutdown$$00000005  c_w.l(libshutdown2.o)
    0x08000226   0x08000226   0x00000000   Code   RO         3013    .ARM.Collect$$libshutdown$$00000006  c_w.l(libshutdown2.o)
    0x08000226   0x08000226   0x00000000   Code   RO         3016    .ARM.Collect$$libshutdown$$00000009  c_w.l(libshutdown2.o)
    0x08000226   0x08000226   0x00000000   Code   RO         3019    .ARM.Collect$$libshutdown$$0000000C  c_w.l(libshutdown2.o)
    0x08000226   0x08000226   0x00000000   Code   RO         3021    .ARM.Collect$$libshutdown$$0000000E  c_w.l(libshutdown2.o)
    0x08000226   0x08000226   0x00000000   Code   RO         3024    .ARM.Collect$$libshutdown$$00000011  c_w.l(libshutdown2.o)
    0x08000226   0x08000226   0x00000002   Code   RO         3025    .ARM.Collect$$libshutdown$$00000012  c_w.l(libshutdown2.o)
    0x08000228   0x08000228   0x00000000   Code   RO         2816    .ARM.Collect$$rtentry$$00000000  c_w.l(__rtentry.o)
    0x08000228   0x08000228   0x00000000   Code   RO         2835    .ARM.Collect$$rtentry$$00000002  c_w.l(__rtentry2.o)
    0x08000228   0x08000228   0x00000006   Code   RO         2847    .ARM.Collect$$rtentry$$00000004  c_w.l(__rtentry4.o)
    0x0800022e   0x0800022e   0x00000000   Code   RO         2837    .ARM.Collect$$rtentry$$00000009  c_w.l(__rtentry2.o)
    0x0800022e   0x0800022e   0x00000004   Code   RO         2838    .ARM.Collect$$rtentry$$0000000A  c_w.l(__rtentry2.o)
    0x08000232   0x08000232   0x00000000   Code   RO         2840    .ARM.Collect$$rtentry$$0000000C  c_w.l(__rtentry2.o)
    0x08000232   0x08000232   0x00000008   Code   RO         2841    .ARM.Collect$$rtentry$$0000000D  c_w.l(__rtentry2.o)
    0x0800023a   0x0800023a   0x00000002   Code   RO         3034    .ARM.Collect$$rtexit$$00000000  c_w.l(rtexit.o)
    0x0800023c   0x0800023c   0x00000000   Code   RO         3092    .ARM.Collect$$rtexit$$00000002  c_w.l(rtexit2.o)
    0x0800023c   0x0800023c   0x00000004   Code   RO         3093    .ARM.Collect$$rtexit$$00000003  c_w.l(rtexit2.o)
    0x08000240   0x08000240   0x00000006   Code   RO         3094    .ARM.Collect$$rtexit$$00000004  c_w.l(rtexit2.o)
    0x08000246   0x08000246   0x00000002   PAD
    0x08000248   0x08000248   0x00000000   Code   RO         3098    .emb_text           c_w.l(maybetermalloc1.o)
    0x08000248   0x08000248   0x00000040   Code   RO            4    .text               startup_stm32f407xx.o
    0x08000288   0x08000288   0x000000ee   Code   RO         2773    .text               c_w.l(lludivv7m.o)
    0x08000376   0x08000376   0x00000002   PAD
    0x08000378   0x08000378   0x00000018   Code   RO         2777    .text               c_w.l(noretval__2printf.o)
    0x08000390   0x08000390   0x00000068   Code   RO         2779    .text               c_w.l(__printf.o)
    0x080003f8   0x080003f8   0x00000052   Code   RO         2781    .text               c_w.l(_printf_str.o)
    0x0800044a   0x0800044a   0x00000002   PAD
    0x0800044c   0x0800044c   0x00000078   Code   RO         2783    .text               c_w.l(_printf_dec.o)
    0x080004c4   0x080004c4   0x0000003e   Code   RO         2808    .text               c_w.l(strlen.o)
    0x08000502   0x08000502   0x0000004e   Code   RO         2810    .text               c_w.l(rt_memclr_w.o)
    0x08000550   0x08000550   0x00000006   Code   RO         2812    .text               c_w.l(heapauxi.o)
    0x08000556   0x08000556   0x000000b2   Code   RO         2821    .text               c_w.l(_printf_intcommon.o)
    0x08000608   0x08000608   0x0000002c   Code   RO         2823    .text               c_w.l(_printf_char.o)
    0x08000634   0x08000634   0x00000024   Code   RO         2825    .text               c_w.l(_printf_char_file.o)
    0x08000658   0x08000658   0x00000030   Code   RO         2851    .text               c_w.l(_printf_char_common.o)
    0x08000688   0x08000688   0x00000008   Code   RO         2853    .text               c_w.l(ferror.o)
    0x08000690   0x08000690   0x00000138   Code   RO         2859    .text               c_w.l(initio.o)
    0x080007c8   0x080007c8   0x00000066   Code   RO         2867    .text               c_w.l(sys_io.o)
    0x0800082e   0x0800082e   0x0000004a   Code   RO         2874    .text               c_w.l(sys_stackheap_outer.o)
    0x08000878   0x08000878   0x0000004e   Code   RO         2878    .text               c_w.l(h1_free.o)
    0x080008c6   0x080008c6   0x000001d6   Code   RO         2934    .text               c_w.l(flsbuf.o)
    0x08000a9c   0x08000a9c   0x00000046   Code   RO         2936    .text               c_w.l(setvbuf.o)
    0x08000ae2   0x08000ae2   0x00000002   PAD
    0x08000ae4   0x08000ae4   0x000000ec   Code   RO         2939    .text               c_w.l(fopen.o)
    0x08000bd0   0x08000bd0   0x0000004c   Code   RO         2941    .text               c_w.l(fclose.o)
    0x08000c1c   0x08000c1c   0x00000012   Code   RO         2947    .text               c_w.l(exit.o)
    0x08000c2e   0x08000c2e   0x0000000e   Code   RO         2953    .text               c_w.l(defsig_rtred_outer.o)
    0x08000c3c   0x08000c3c   0x00000008   Code   RO         3028    .text               c_w.l(libspace.o)
    0x08000c44   0x08000c44   0x00000002   Code   RO         3031    .text               c_w.l(use_no_semi.o)
    0x08000c46   0x08000c46   0x00000000   Code   RO         3033    .text               c_w.l(indicate_semi.o)
    0x08000c46   0x08000c46   0x00000002   PAD
    0x08000c48   0x08000c48   0x00000008   Code   RO         3041    .text               c_w.l(rt_heap_descriptor_intlibspace.o)
    0x08000c50   0x08000c50   0x00000004   Code   RO         3043    .text               c_w.l(hguard.o)
    0x08000c54   0x08000c54   0x0000008a   Code   RO         3045    .text               c_w.l(init_alloc.o)
    0x08000cde   0x08000cde   0x0000005e   Code   RO         3051    .text               c_w.l(h1_alloc.o)
    0x08000d3c   0x08000d3c   0x000000f8   Code   RO         3067    .text               c_w.l(fseek.o)
    0x08000e34   0x08000e34   0x000000f0   Code   RO         3069    .text               c_w.l(stdio.o)
    0x08000f24   0x08000f24   0x0000000a   Code   RO         3075    .text               c_w.l(defsig_exit.o)
    0x08000f2e   0x08000f2e   0x00000002   PAD
    0x08000f30   0x08000f30   0x00000034   Code   RO         3079    .text               c_w.l(defsig_rtred_inner.o)
    0x08000f64   0x08000f64   0x0000000c   Code   RO         3089    .text               c_w.l(sys_exit.o)
    0x08000f70   0x08000f70   0x0000000e   Code   RO         3100    .text               c_w.l(h1_init.o)
    0x08000f7e   0x08000f7e   0x00000034   Code   RO         3102    .text               c_w.l(h1_extend.o)
    0x08000fb2   0x08000fb2   0x00000042   Code   RO         3112    .text               c_w.l(ftell.o)
    0x08000ff4   0x08000ff4   0x00000032   Code   RO         3120    .text               c_w.l(defsig_general.o)
    0x08001026   0x08001026   0x0000000e   Code   RO         3122    .text               c_w.l(defsig_rtmem_outer.o)
    0x08001034   0x08001034   0x0000000e   Code   RO         3137    .text               c_w.l(sys_wrch.o)
    0x08001042   0x08001042   0x00000002   PAD
    0x08001044   0x08001044   0x00000008   Code   RO         3144    .text               c_w.l(rt_errno_addr_intlibspace.o)
    0x0800104c   0x0800104c   0x00000050   Code   RO         3150    .text               c_w.l(defsig_rtmem_inner.o)
    0x0800109c   0x0800109c   0x00000002   Code   RO          359    i.BSP_SD_AbortCallback  bsp_driver_sd.o
    0x0800109e   0x0800109e   0x00000002   PAD
    0x080010a0   0x080010a0   0x0000000c   Code   RO          362    i.BSP_SD_GetCardInfo  bsp_driver_sd.o
    0x080010ac   0x080010ac   0x00000018   Code   RO          363    i.BSP_SD_GetCardState  bsp_driver_sd.o
    0x080010c4   0x080010c4   0x00000030   Code   RO          365    i.BSP_SD_Init       bsp_driver_sd.o
    0x080010f4   0x080010f4   0x0000000e   Code   RO          366    i.BSP_SD_IsDetected  bsp_driver_sd.o
    0x08001102   0x08001102   0x00000002   PAD
    0x08001104   0x08001104   0x00000020   Code   RO          367    i.BSP_SD_ReadBlocks  bsp_driver_sd.o
    0x08001124   0x08001124   0x00000002   Code   RO          369    i.BSP_SD_ReadCpltCallback  bsp_driver_sd.o
    0x08001126   0x08001126   0x00000002   PAD
    0x08001128   0x08001128   0x00000020   Code   RO          370    i.BSP_SD_WriteBlocks  bsp_driver_sd.o
    0x08001148   0x08001148   0x00000002   Code   RO          372    i.BSP_SD_WriteCpltCallback  bsp_driver_sd.o
    0x0800114a   0x0800114a   0x00000002   Code   RO          253    i.BusFault_Handler  stm32f4xx_it.o
    0x0800114c   0x0800114c   0x00000002   Code   RO          254    i.DebugMon_Handler  stm32f4xx_it.o
    0x0800114e   0x0800114e   0x00000006   Code   RO         2700    i.FATFS_LinkDriver  ff_gen_drv.o
    0x08001154   0x08001154   0x00000040   Code   RO         2701    i.FATFS_LinkDriverEx  ff_gen_drv.o
    0x08001194   0x08001194   0x00000024   Code   RO         1041    i.HAL_DMA_Abort_IT  stm32f4xx_hal_dma.o
    0x080011b8   0x080011b8   0x00000024   Code   RO         1477    i.HAL_Delay         stm32f4xx_hal.o
    0x080011dc   0x080011dc   0x000001f0   Code   RO          933    i.HAL_GPIO_Init     stm32f4xx_hal_gpio.o
    0x080013cc   0x080013cc   0x0000000c   Code   RO         1483    i.HAL_GetTick       stm32f4xx_hal.o
    0x080013d8   0x080013d8   0x00000010   Code   RO         1489    i.HAL_IncTick       stm32f4xx_hal.o
    0x080013e8   0x080013e8   0x00000034   Code   RO         1490    i.HAL_Init          stm32f4xx_hal.o
    0x0800141c   0x0800141c   0x00000040   Code   RO         1491    i.HAL_InitTick      stm32f4xx_hal.o
    0x0800145c   0x0800145c   0x00000030   Code   RO          335    i.HAL_MspInit       stm32f4xx_hal_msp.o
    0x0800148c   0x0800148c   0x0000001a   Code   RO         1325    i.HAL_NVIC_EnableIRQ  stm32f4xx_hal_cortex.o
    0x080014a6   0x080014a6   0x00000002   PAD
    0x080014a8   0x080014a8   0x00000040   Code   RO         1331    i.HAL_NVIC_SetPriority  stm32f4xx_hal_cortex.o
    0x080014e8   0x080014e8   0x00000024   Code   RO         1332    i.HAL_NVIC_SetPriorityGrouping  stm32f4xx_hal_cortex.o
    0x0800150c   0x0800150c   0x00000134   Code   RO          579    i.HAL_RCC_ClockConfig  stm32f4xx_hal_rcc.o
    0x08001640   0x08001640   0x00000064   Code   RO          588    i.HAL_RCC_GetSysClockFreq  stm32f4xx_hal_rcc.o
    0x080016a4   0x080016a4   0x0000036c   Code   RO          591    i.HAL_RCC_OscConfig  stm32f4xx_hal_rcc.o
    0x08001a10   0x08001a10   0x00000008   Code   RO          373    i.HAL_SD_AbortCallback  bsp_driver_sd.o
    0x08001a18   0x08001a18   0x00000118   Code   RO         2017    i.HAL_SD_ConfigWideBusOperation  stm32f4xx_hal_sd.o
    0x08001b30   0x08001b30   0x00000002   Code   RO         2020    i.HAL_SD_ErrorCallback  stm32f4xx_hal_sd.o
    0x08001b32   0x08001b32   0x00000002   PAD
    0x08001b34   0x08001b34   0x00000198   Code   RO         2022    i.HAL_SD_GetCardCSD  stm32f4xx_hal_sd.o
    0x08001ccc   0x08001ccc   0x00000024   Code   RO         2023    i.HAL_SD_GetCardInfo  stm32f4xx_hal_sd.o
    0x08001cf0   0x08001cf0   0x0000002c   Code   RO         2024    i.HAL_SD_GetCardState  stm32f4xx_hal_sd.o
    0x08001d1c   0x08001d1c   0x00000208   Code   RO         2028    i.HAL_SD_IRQHandler  stm32f4xx_hal_sd.o
    0x08001f24   0x08001f24   0x00000036   Code   RO         2029    i.HAL_SD_Init       stm32f4xx_hal_sd.o
    0x08001f5a   0x08001f5a   0x00000002   PAD
    0x08001f5c   0x08001f5c   0x00000078   Code   RO         2030    i.HAL_SD_InitCard   stm32f4xx_hal_sd.o
    0x08001fd4   0x08001fd4   0x000000a4   Code   RO          211    i.HAL_SD_MspInit    sdio.o
    0x08002078   0x08002078   0x000001e0   Code   RO         2033    i.HAL_SD_ReadBlocks  stm32f4xx_hal_sd.o
    0x08002258   0x08002258   0x00000008   Code   RO          374    i.HAL_SD_RxCpltCallback  bsp_driver_sd.o
    0x08002260   0x08002260   0x00000008   Code   RO          375    i.HAL_SD_TxCpltCallback  bsp_driver_sd.o
    0x08002268   0x08002268   0x000001b0   Code   RO         2038    i.HAL_SD_WriteBlocks  stm32f4xx_hal_sd.o
    0x08002418   0x08002418   0x00000028   Code   RO         1336    i.HAL_SYSTICK_Config  stm32f4xx_hal_cortex.o
    0x08002440   0x08002440   0x00000002   Code   RO          255    i.HardFault_Handler  stm32f4xx_it.o
    0x08002442   0x08002442   0x00000002   PAD
    0x08002444   0x08002444   0x0000001c   Code   RO          540    i.MX_FATFS_Init     fatfs.o
    0x08002460   0x08002460   0x0000004c   Code   RO          186    i.MX_GPIO_Init      gpio.o
    0x080024ac   0x080024ac   0x00000048   Code   RO          212    i.MX_SDIO_SD_Init   sdio.o
    0x080024f4   0x080024f4   0x00000002   Code   RO          256    i.MemManage_Handler  stm32f4xx_it.o
    0x080024f6   0x080024f6   0x00000002   Code   RO          257    i.NMI_Handler       stm32f4xx_it.o
    0x080024f8   0x080024f8   0x00000002   Code   RO          258    i.PendSV_Handler    stm32f4xx_it.o
    0x080024fa   0x080024fa   0x00000024   Code   RO         1728    i.SDIO_ConfigData   stm32f4xx_ll_sdmmc.o
    0x0800251e   0x0800251e   0x00000008   Code   RO         1732    i.SDIO_GetPowerState  stm32f4xx_ll_sdmmc.o
    0x08002526   0x08002526   0x00000006   Code   RO         1733    i.SDIO_GetResponse  stm32f4xx_ll_sdmmc.o
    0x0800252c   0x0800252c   0x0000000c   Code   RO          259    i.SDIO_IRQHandler   stm32f4xx_it.o
    0x08002538   0x08002538   0x00000024   Code   RO         1734    i.SDIO_Init         stm32f4xx_ll_sdmmc.o
    0x0800255c   0x0800255c   0x00000008   Code   RO         1736    i.SDIO_PowerState_ON  stm32f4xx_ll_sdmmc.o
    0x08002564   0x08002564   0x00000006   Code   RO         1737    i.SDIO_ReadFIFO     stm32f4xx_ll_sdmmc.o
    0x0800256a   0x0800256a   0x00000020   Code   RO         1738    i.SDIO_SendCommand  stm32f4xx_ll_sdmmc.o
    0x0800258a   0x0800258a   0x0000000a   Code   RO         1740    i.SDIO_WriteFIFO    stm32f4xx_ll_sdmmc.o
    0x08002594   0x08002594   0x00000032   Code   RO         1741    i.SDMMC_CmdAppCommand  stm32f4xx_ll_sdmmc.o
    0x080025c6   0x080025c6   0x00000002   PAD
    0x080025c8   0x080025c8   0x00000034   Code   RO         1742    i.SDMMC_CmdAppOperCommand  stm32f4xx_ll_sdmmc.o
    0x080025fc   0x080025fc   0x00000032   Code   RO         1743    i.SDMMC_CmdBlockLength  stm32f4xx_ll_sdmmc.o
    0x0800262e   0x0800262e   0x00000032   Code   RO         1744    i.SDMMC_CmdBusWidth  stm32f4xx_ll_sdmmc.o
    0x08002660   0x08002660   0x00000050   Code   RO         1748    i.SDMMC_CmdGoIdleState  stm32f4xx_ll_sdmmc.o
    0x080026b0   0x080026b0   0x00000030   Code   RO         1750    i.SDMMC_CmdOperCond  stm32f4xx_ll_sdmmc.o
    0x080026e0   0x080026e0   0x00000032   Code   RO         1751    i.SDMMC_CmdReadMultiBlock  stm32f4xx_ll_sdmmc.o
    0x08002712   0x08002712   0x00000032   Code   RO         1752    i.SDMMC_CmdReadSingleBlock  stm32f4xx_ll_sdmmc.o
    0x08002744   0x08002744   0x00000032   Code   RO         1755    i.SDMMC_CmdSelDesel  stm32f4xx_ll_sdmmc.o
    0x08002776   0x08002776   0x0000002c   Code   RO         1756    i.SDMMC_CmdSendCID  stm32f4xx_ll_sdmmc.o
    0x080027a2   0x080027a2   0x0000002c   Code   RO         1757    i.SDMMC_CmdSendCSD  stm32f4xx_ll_sdmmc.o
    0x080027ce   0x080027ce   0x00000030   Code   RO         1759    i.SDMMC_CmdSendSCR  stm32f4xx_ll_sdmmc.o
    0x080027fe   0x080027fe   0x00000032   Code   RO         1760    i.SDMMC_CmdSendStatus  stm32f4xx_ll_sdmmc.o
    0x08002830   0x08002830   0x00000030   Code   RO         1761    i.SDMMC_CmdSetRelAdd  stm32f4xx_ll_sdmmc.o
    0x08002860   0x08002860   0x00000034   Code   RO         1764    i.SDMMC_CmdStopTransfer  stm32f4xx_ll_sdmmc.o
    0x08002894   0x08002894   0x00000032   Code   RO         1766    i.SDMMC_CmdWriteMultiBlock  stm32f4xx_ll_sdmmc.o
    0x080028c6   0x080028c6   0x00000032   Code   RO         1767    i.SDMMC_CmdWriteSingleBlock  stm32f4xx_ll_sdmmc.o
    0x080028f8   0x080028f8   0x00000120   Code   RO         1768    i.SDMMC_GetCmdResp1  stm32f4xx_ll_sdmmc.o
    0x08002a18   0x08002a18   0x00000050   Code   RO         1769    i.SDMMC_GetCmdResp2  stm32f4xx_ll_sdmmc.o
    0x08002a68   0x08002a68   0x00000044   Code   RO         1770    i.SDMMC_GetCmdResp3  stm32f4xx_ll_sdmmc.o
    0x08002aac   0x08002aac   0x00000088   Code   RO         1771    i.SDMMC_GetCmdResp6  stm32f4xx_ll_sdmmc.o
    0x08002b34   0x08002b34   0x00000058   Code   RO         1772    i.SDMMC_GetCmdResp7  stm32f4xx_ll_sdmmc.o
    0x08002b8c   0x08002b8c   0x00000020   Code   RO          480    i.SD_CheckStatus    sd_diskio.o
    0x08002bac   0x08002bac   0x00000044   Code   RO         2043    i.SD_DMARxAbort     stm32f4xx_hal_sd.o
    0x08002bf0   0x08002bf0   0x00000044   Code   RO         2045    i.SD_DMATxAbort     stm32f4xx_hal_sd.o
    0x08002c34   0x08002c34   0x000000e0   Code   RO         2046    i.SD_FindSCR        stm32f4xx_hal_sd.o
    0x08002d14   0x08002d14   0x000000ee   Code   RO         2047    i.SD_InitCard       stm32f4xx_hal_sd.o
    0x08002e02   0x08002e02   0x00000002   PAD
    0x08002e04   0x08002e04   0x000000b4   Code   RO         2048    i.SD_PowerON        stm32f4xx_hal_sd.o
    0x08002eb8   0x08002eb8   0x00000020   Code   RO          481    i.SD_initialize     sd_diskio.o
    0x08002ed8   0x08002ed8   0x00000050   Code   RO          482    i.SD_ioctl          sd_diskio.o
    0x08002f28   0x08002f28   0x00000026   Code   RO          483    i.SD_read           sd_diskio.o
    0x08002f4e   0x08002f4e   0x00000004   Code   RO          484    i.SD_status         sd_diskio.o
    0x08002f52   0x08002f52   0x00000002   PAD
    0x08002f54   0x08002f54   0x00000026   Code   RO          485    i.SD_write          sd_diskio.o
    0x08002f7a   0x08002f7a   0x00000002   Code   RO          260    i.SVC_Handler       stm32f4xx_it.o
    0x08002f7c   0x08002f7c   0x00000004   Code   RO          261    i.SysTick_Handler   stm32f4xx_it.o
    0x08002f80   0x08002f80   0x00000094   Code   RO           14    i.SystemClock_Config  main.o
    0x08003014   0x08003014   0x00000010   Code   RO         2276    i.SystemInit        system_stm32f4xx.o
    0x08003024   0x08003024   0x00000002   Code   RO          262    i.UsageFault_Handler  stm32f4xx_it.o
    0x08003026   0x08003026   0x00000020   Code   RO         1338    i.__NVIC_SetPriority  stm32f4xx_hal_cortex.o
    0x08003046   0x08003046   0x00000002   PAD
    0x08003048   0x08003048   0x00000070   Code   RO         2368    i.check_fs          ff.o
    0x080030b8   0x080030b8   0x0000005c   Code   RO         2369    i.chk_lock          ff.o
    0x08003114   0x08003114   0x00000020   Code   RO         2370    i.clear_lock        ff.o
    0x08003134   0x08003134   0x00000024   Code   RO         2371    i.clmt_clust        ff.o
    0x08003158   0x08003158   0x00000018   Code   RO         2372    i.clust2sect        ff.o
    0x08003170   0x08003170   0x000000a4   Code   RO         2373    i.create_chain      ff.o
    0x08003214   0x08003214   0x000000bc   Code   RO         2374    i.create_name       ff.o
    0x080032d0   0x080032d0   0x00000034   Code   RO         2375    i.dec_lock          ff.o
    0x08003304   0x08003304   0x00000064   Code   RO         2376    i.dir_find          ff.o
    0x08003368   0x08003368   0x000000f4   Code   RO         2377    i.dir_next          ff.o
    0x0800345c   0x0800345c   0x00000066   Code   RO         2379    i.dir_register      ff.o
    0x080034c2   0x080034c2   0x00000082   Code   RO         2381    i.dir_sdi           ff.o
    0x08003544   0x08003544   0x0000002c   Code   RO         2313    i.disk_initialize   diskio.o
    0x08003570   0x08003570   0x0000001c   Code   RO         2314    i.disk_ioctl        diskio.o
    0x0800358c   0x0800358c   0x0000001c   Code   RO         2315    i.disk_read         diskio.o
    0x080035a8   0x080035a8   0x00000018   Code   RO         2316    i.disk_status       diskio.o
    0x080035c0   0x080035c0   0x0000001c   Code   RO         2317    i.disk_write        diskio.o
    0x080035dc   0x080035dc   0x00000028   Code   RO         2382    i.f_close           ff.o
    0x08003604   0x08003604   0x00000058   Code   RO         2389    i.f_mount           ff.o
    0x0800365c   0x0800365c   0x0000020c   Code   RO         2390    i.f_open            ff.o
    0x08003868   0x08003868   0x00000152   Code   RO         2395    i.f_read            ff.o
    0x080039ba   0x080039ba   0x0000008e   Code   RO         2399    i.f_sync            ff.o
    0x08003a48   0x08003a48   0x0000018e   Code   RO         2402    i.f_write           ff.o
    0x08003bd6   0x08003bd6   0x00000002   PAD
    0x08003bd8   0x08003bd8   0x00000254   Code   RO         2403    i.find_volume       ff.o
    0x08003e2c   0x08003e2c   0x00000074   Code   RO         2404    i.follow_path       ff.o
    0x08003ea0   0x08003ea0   0x0000001a   Code   RO         2856    i.fputc             c_w.l(fputc.o)
    0x08003eba   0x08003eba   0x000000be   Code   RO         2405    i.get_fat           ff.o
    0x08003f78   0x08003f78   0x00000004   Code   RO          541    i.get_fattime       fatfs.o
    0x08003f7c   0x08003f7c   0x0000003c   Code   RO         2407    i.get_ldnumber      ff.o
    0x08003fb8   0x08003fb8   0x00000080   Code   RO         2408    i.inc_lock          ff.o
    0x08004038   0x08004038   0x00000026   Code   RO         2409    i.ld_clust          ff.o
    0x0800405e   0x0800405e   0x00000016   Code   RO         2410    i.ld_dword          ff.o
    0x08004074   0x08004074   0x0000000a   Code   RO         2411    i.ld_word           ff.o
    0x0800407e   0x0800407e   0x00000002   PAD
    0x08004080   0x08004080   0x00000240   Code   RO           15    i.main              main.o
    0x080042c0   0x080042c0   0x00000012   Code   RO         2412    i.mem_cpy           ff.o
    0x080042d2   0x080042d2   0x00000002   PAD
    0x080042d4   0x080042d4   0x0000000e   Code   RO         2413    i.mem_set           ff.o
    0x080042e2   0x080042e2   0x00000032   Code   RO         2414    i.move_window       ff.o
    0x08004314   0x08004314   0x000000ea   Code   RO         2415    i.put_fat           ff.o
    0x080043fe   0x080043fe   0x00000074   Code   RO         2418    i.remove_chain      ff.o
    0x08004472   0x08004472   0x00000028   Code   RO         2419    i.st_clust          ff.o
    0x0800449a   0x0800449a   0x00000010   Code   RO         2420    i.st_dword          ff.o
    0x080044aa   0x080044aa   0x00000008   Code   RO         2421    i.st_word           ff.o
    0x080044b2   0x080044b2   0x00000002   PAD
    0x080044b4   0x080044b4   0x00000088   Code   RO         2422    i.sync_fs           ff.o
    0x0800453c   0x0800453c   0x00000052   Code   RO         2423    i.sync_window       ff.o
    0x0800458e   0x0800458e   0x00000034   Code   RO         2424    i.validate          ff.o
    0x080045c2   0x080045c2   0x0000000a   Code   RO         3087    x$fpl$fpinit        fz_wm.l(fpinit.o)
    0x080045cc   0x080045cc   0x00000014   Data   RO          486    .constdata          sd_diskio.o
    0x080045e0   0x080045e0   0x00000010   Data   RO         2277    .constdata          system_stm32f4xx.o
    0x080045f0   0x080045f0   0x0000009c   Data   RO         2426    .constdata          ff.o
    0x0800468c   0x0800468c   0x00000004   Data   RO         2868    .constdata          c_w.l(sys_io.o)
    0x08004690   0x08004690   0x00000004   Data   RO         2869    .constdata          c_w.l(sys_io.o)
    0x08004694   0x08004694   0x00000004   Data   RO         2870    .constdata          c_w.l(sys_io.o)
    0x08004698   0x08004698   0x00000020   Data   RO         3173    Region$$Table       anon$$obj.o


    Execution Region RW_IRAM1 (Exec base: 0x20000000, Load base: 0x080046b8, Size: 0x00000c98, Max: 0x0001c000, ABSOLUTE)

    Exec Addr    Load Addr    Size         Type   Attr      Idx    E Section Name        Object

    0x20000000   0x080046b8   0x00000001   Data   RW          214    .data               sdio.o
    0x20000001   0x080046b9   0x00000001   Data   RW          487    .data               sd_diskio.o
    0x20000002   0x080046ba   0x00000005   Data   RW          544    .data               fatfs.o
    0x20000007   0x080046bf   0x00000001   PAD
    0x20000008   0x080046c0   0x0000000c   Data   RW         1497    .data               stm32f4xx_hal.o
    0x20000014   0x080046cc   0x00000004   Data   RW         2279    .data               system_stm32f4xx.o
    0x20000018   0x080046d0   0x00000008   Data   RW         2427    .data               ff.o
    0x20000020   0x080046d8   0x00000004   Data   RW         2831    .data               c_w.l(stdio_streams.o)
    0x20000024   0x080046dc   0x00000004   Data   RW         2832    .data               c_w.l(stdio_streams.o)
    0x20000028   0x080046e0   0x00000004   Data   RW         2833    .data               c_w.l(stdio_streams.o)
    0x2000002c        -       0x00000084   Zero   RW          213    .bss                sdio.o
    0x200000b0        -       0x00000230   Zero   RW          542    .bss                fatfs.o
    0x200002e0        -       0x00000230   Zero   RW          543    .bss                fatfs.o
    0x20000510        -       0x00000020   Zero   RW         2425    .bss                ff.o
    0x20000530        -       0x0000000c   Zero   RW         2704    .bss                ff_gen_drv.o
    0x2000053c        -       0x00000054   Zero   RW         2828    .bss                c_w.l(stdio_streams.o)
    0x20000590        -       0x00000054   Zero   RW         2829    .bss                c_w.l(stdio_streams.o)
    0x200005e4        -       0x00000054   Zero   RW         2830    .bss                c_w.l(stdio_streams.o)
    0x20000638        -       0x00000060   Zero   RW         3029    .bss                c_w.l(libspace.o)
    0x20000698        -       0x00000200   Zero   RW            2    HEAP                startup_stm32f407xx.o
    0x20000898        -       0x00000400   Zero   RW            1    STACK               startup_stm32f407xx.o


    Execution Region RW_IRAM2 (Exec base: 0x2001c000, Load base: 0x080046e4, Size: 0x00000000, Max: 0x00004000, ABSOLUTE)

    **** No section assigned to this execution region ****


==============================================================================

Image component sizes


      Code (inc. data)   RO Data    RW Data    ZI Data      Debug   Object Name

       192         26          0          0          0       7055   bsp_driver_sd.o
       152         24          0          0          0       3729   diskio.o
        32         10          0          5       1120       1504   fatfs.o
      4732         80        156          8         32      39254   ff.o
        70          6          0          0         12       1623   ff_gen_drv.o
        76          6          0          0          0        867   gpio.o
       724        370          0          0          0     677520   main.o
       224         14         20          1          0       4504   sd_diskio.o
       236         32          0          1        132       1750   sdio.o
        64         26        392          0       1536        840   startup_stm32f407xx.o
       180         28          0         12          0       9389   stm32f4xx_hal.o
       198         14          0          0          0      33811   stm32f4xx_hal_cortex.o
        36          0          0          0          0       1203   stm32f4xx_hal_dma.o
       496         46          0          0          0       1524   stm32f4xx_hal_gpio.o
        48          6          0          0          0        854   stm32f4xx_hal_msp.o
      1284         52          0          0          0       4054   stm32f4xx_hal_rcc.o
      3154         40          0          0          0      15779   stm32f4xx_hal_sd.o
        32          6          0          0          0       4604   stm32f4xx_it.o
      1668         48          0          0          0      23507   stm32f4xx_ll_sdmmc.o
        16          4         16          4          0       1115   system_stm32f4xx.o

    ----------------------------------------------------------------------
     13644        838        616         32       2832     834486   Object Totals
         0          0         32          0          0          0   (incl. Generated)
        30          0          0          1          0          0   (incl. Padding)

    ----------------------------------------------------------------------

      Code (inc. data)   RO Data    RW Data    ZI Data      Debug   Library Member Name

         8          0          0          0          0         68   __main.o
       104          0          0          0          0         84   __printf.o
         0          0          0          0          0          0   __rtentry.o
        12          0          0          0          0          0   __rtentry2.o
         6          0          0          0          0          0   __rtentry4.o
        52          8          0          0          0          0   __scatter.o
        26          0          0          0          0          0   __scatter_copy.o
        28          0          0          0          0          0   __scatter_zi.o
        44          0          0          0          0        108   _printf_char.o
        48          6          0          0          0         96   _printf_char_common.o
        36          4          0          0          0         80   _printf_char_file.o
       120         16          0          0          0         92   _printf_dec.o
       178          0          0          0          0         88   _printf_intcommon.o
         0          0          0          0          0          0   _printf_percent.o
         4          0          0          0          0          0   _printf_percent_end.o
         6          0          0          0          0          0   _printf_s.o
        82          0          0          0          0         80   _printf_str.o
         6          0          0          0          0          0   _printf_u.o
        10          0          0          0          0         68   defsig_exit.o
        50          0          0          0          0         88   defsig_general.o
        80         58          0          0          0         76   defsig_rtmem_inner.o
        14          0          0          0          0         80   defsig_rtmem_outer.o
        52         38          0          0          0         76   defsig_rtred_inner.o
        14          0          0          0          0         80   defsig_rtred_outer.o
        18          0          0          0          0         80   exit.o
        76          0          0          0          0         88   fclose.o
         8          0          0          0          0         68   ferror.o
       470          0          0          0          0         88   flsbuf.o
       236          4          0          0          0        128   fopen.o
        26          0          0          0          0         68   fputc.o
       248          6          0          0          0         84   fseek.o
        66          0          0          0          0         76   ftell.o
        94          0          0          0          0         80   h1_alloc.o
        52          0          0          0          0         68   h1_extend.o
        78          0          0          0          0         80   h1_free.o
        14          0          0          0          0         84   h1_init.o
         6          0          0          0          0        152   heapauxi.o
         4          0          0          0          0        136   hguard.o
         0          0          0          0          0          0   indicate_semi.o
       138          0          0          0          0        168   init_alloc.o
       312         46          0          0          0        112   initio.o
         2          0          0          0          0          0   libinit.o
        18          0          0          0          0          0   libinit2.o
         2          0          0          0          0          0   libshutdown.o
         6          0          0          0          0          0   libshutdown2.o
         8          4          0          0         96         68   libspace.o
       238          0          0          0          0        100   lludivv7m.o
         0          0          0          0          0          0   maybetermalloc1.o
        24          4          0          0          0         84   noretval__2printf.o
         8          4          0          0          0         68   rt_errno_addr_intlibspace.o
         8          4          0          0          0         68   rt_heap_descriptor_intlibspace.o
        78          0          0          0          0         80   rt_memclr_w.o
         2          0          0          0          0          0   rtexit.o
        10          0          0          0          0          0   rtexit2.o
        70          0          0          0          0         80   setvbuf.o
       240          6          0          0          0        156   stdio.o
         0          0          0         12        252          0   stdio_streams.o
        62          0          0          0          0         76   strlen.o
        12          4          0          0          0         68   sys_exit.o
       102          0         12          0          0        240   sys_io.o
        74          0          0          0          0         80   sys_stackheap_outer.o
        14          0          0          0          0         76   sys_wrch.o
         2          0          0          0          0         68   use_no_semi.o
        10          0          0          0          0        116   fpinit.o

    ----------------------------------------------------------------------
      3832        212         12         12        348       4152   Library Totals
        16          0          0          0          0          0   (incl. Padding)

    ----------------------------------------------------------------------

      Code (inc. data)   RO Data    RW Data    ZI Data      Debug   Library Name

      3806        212         12         12        348       4036   c_w.l
        10          0          0          0          0        116   fz_wm.l

    ----------------------------------------------------------------------
      3832        212         12         12        348       4152   Library Totals

    ----------------------------------------------------------------------

==============================================================================


      Code (inc. data)   RO Data    RW Data    ZI Data      Debug   

     17476       1050        628         44       3180     823206   Grand Totals
     17476       1050        628         44       3180     823206   ELF Image Totals
     17476       1050        628         44          0          0   ROM Totals

==============================================================================

    Total RO  Size (Code + RO Data)                18104 (  17.68kB)
    Total RW  Size (RW Data + ZI Data)              3224 (   3.15kB)
    Total ROM Size (Code + RO Data + RW Data)      18148 (  17.72kB)

==============================================================================

