<html>
<body>
<pre>
<h1>µVision Build Log</h1>
<h2>Tool Versions:</h2>
IDE-Version: ¦ÌVision V5.41.0.0
Copyright (C) 2024 ARM Ltd and ARM Germany GmbH. All rights reserved.
License Information: s19201080165@outlook.com,    , LIC=32B1Q-NSWD4-RAMDM-X28GX-3FT8K-SCIBX
 
Tool Versions:
Toolchain:       MDK-ARM Plus  Version: 5.41.0.0
Toolchain Path:  E:\AppData\KEIL\Keil_v5\ARM\ARMCLANG\Bin
C Compiler:      ArmClang.exe V6.22
Assembler:       Armasm.exe V6.22
Linker/Locator:  ArmLink.exe V6.22
Library Manager: ArmAr.exe V6.22
Hex Converter:   FromElf.exe V6.22
CPU DLL:         SARMCM3.DLL V5.41.0.0
Dialog DLL:      DCM.DLL V1.17.5.0
Target DLL:      STLink\ST-LINKIII-KEIL_SWO.dll V3.3.0.0
Dialog DLL:      TCM.DLL V1.56.4.0
 
<h2>Project:</h2>
C:\Users\s1920\Desktop\ElecLAB\SDCardH750MigrateFAT\MDK-ARM\SDCardH750MigrateFAT.uvprojx
Project File Date:  09/20/2025

<h2>Output:</h2>
*** Using Compiler 'V6.22', folder: 'E:\AppData\KEIL\Keil_v5\ARM\ARMCLANG\Bin'
Build target 'SDCardH750MigrateFAT'
Note: source file '../Middlewares/Third_Party/FatFs/src/diskio.c' - object file renamed from 'SDCardH750MigrateFAT\diskio.o' to 'SDCardH750MigrateFAT\diskio_1.o'.
Note: source file '../Middlewares/Third_Party/FatFs/src/ff.c' - object file renamed from 'SDCardH750MigrateFAT\ff.o' to 'SDCardH750MigrateFAT\ff_1.o'.
compiling memorymap.c...
compiling stm32h7xx_hal_msp.c...
compiling spi.c...
compiling main.c...
compiling usart.c...
compiling stm32h7xx_hal_dma_ex.c...
compiling stm32h7xx_it.c...
compiling stm32h7xx_hal_hsem.c...
compiling gpio.c...
compiling stm32h7xx_hal_gpio.c...
compiling stm32h7xx_hal_cortex.c...
compiling stm32h7xx_hal_pwr.c...
compiling stm32h7xx_hal_flash.c...
compiling stm32h7xx_hal_flash_ex.c...
compiling stm32h7xx_hal_rcc.c...
compiling stm32h7xx_hal_mdma.c...
compiling stm32h7xx_hal_pwr_ex.c...
compiling stm32h7xx_hal_dma.c...
compiling stm32h7xx_hal.c...
compiling stm32h7xx_hal_rcc_ex.c...
compiling stm32h7xx_hal_i2c_ex.c...
compiling stm32h7xx_hal_exti.c...
compiling stm32h7xx_hal_spi_ex.c...
compiling stm32h7xx_hal_tim.c...
compiling stm32h7xx_hal_tim_ex.c...
compiling fatfs.c...
compiling user_diskio.c...
compiling system_stm32h7xx.c...
compiling diskio.c...
compiling stm32h7xx_hal_uart_ex.c...
compiling syscall.c...
compiling ff_gen_drv.c...
compiling stm32h7xx_hal_spi.c...
compiling stm32h7xx_hal_i2c.c...
compiling stm32h7xx_hal_uart.c...
compiling ff.c...
linking...
Program Size: Code=17316 RO-data=764 RW-data=40 ZI-data=6040  
FromELF: creating hex file...
"SDCardH750MigrateFAT\SDCardH750MigrateFAT.axf" - 0 Error(s), 0 Warning(s).

<h2>Software Packages used:</h2>

Package Vendor: ARM
                https://www.keil.com/pack/ARM.CMSIS.6.2.0.pack
                ARM::CMSIS@6.2.0
                CMSIS (Common Microcontroller Software Interface Standard)
   * Component: CORE Version: 6.1.1

Package Vendor: Keil
                https://www.keil.com/pack/Keil.STM32H7xx_DFP.4.0.0.pack
                Keil::STM32H7xx_DFP@4.0.0
                STMicroelectronics STM32H7 Series Device Support

<h2>Collection of Component include folders:</h2>
  ./RTE/_SDCardH750MigrateFAT
  E:/AppData/KEIL/Arm/Packs/ARM/CMSIS/6.2.0/CMSIS/Core/Include

<h2>Collection of Component Files used:</h2>

   * Component: ARM::CMSIS:CORE@6.1.1
      Include file:  CMSIS/Core/Include/tz_context.h
Build Time Elapsed:  00:00:03
</pre>
</body>
</html>
